[2021-02-15T21:15:30.707+0800][0.007s] Heap region size: 1M
[2021-02-15T21:15:30.721+0800][0.021s] Using G1
[2021-02-15T21:15:30.721+0800][0.021s] Heap address: 0x00000000e0000000, size: 512 MB, Compressed Oops mode: 32-bit
[2021-02-15T21:15:30.721+0800][0.021s] Mark closed archive regions in map: [0x00000000fff00000, 0x00000000fff6aff8]
[2021-02-15T21:15:30.721+0800][0.021s] Mark open archive regions in map: [0x00000000ffe00000, 0x00000000ffe46ff8]
[2021-02-15T21:15:31.194+0800][0.493s] GC(0) Pause Young (Normal) (G1 Evacuation Pause)
[2021-02-15T21:15:31.194+0800][0.494s] GC(0) Using 8 workers of 8 for evacuation
[2021-02-15T21:15:31.203+0800][0.503s] GC(0)   Pre Evacuate Collection Set: 0.0ms
[2021-02-15T21:15:31.203+0800][0.503s] GC(0)   Evacuate Collection Set: 7.5ms
[2021-02-15T21:15:31.203+0800][0.503s] GC(0)   Post Evacuate Collection Set: 1.0ms
[2021-02-15T21:15:31.203+0800][0.503s] GC(0)   Other: 0.8ms
[2021-02-15T21:15:31.203+0800][0.503s] GC(0) Eden regions: 30->0(304)
[2021-02-15T21:15:31.203+0800][0.503s] GC(0) Survivor regions: 0->3(4)
[2021-02-15T21:15:31.203+0800][0.503s] GC(0) Old regions: 2->2
[2021-02-15T21:15:31.203+0800][0.503s] GC(0) Humongous regions: 0->0
[2021-02-15T21:15:31.203+0800][0.503s] GC(0) Metaspace: 6335K->6335K(1056768K)
[2021-02-15T21:15:31.203+0800][0.503s] GC(0) Pause Young (Normal) (G1 Evacuation Pause) 30M->3M(512M) 9.333ms
[2021-02-15T21:15:31.203+0800][0.503s] GC(0) User=0.06s Sys=0.00s Real=0.01s
[2021-02-15T21:15:32.208+0800][1.508s] GC(1) Pause Young (Concurrent Start) (Metadata GC Threshold)
[2021-02-15T21:15:32.208+0800][1.508s] GC(1) Using 8 workers of 8 for evacuation
[2021-02-15T21:15:32.226+0800][1.526s] GC(1)   Pre Evacuate Collection Set: 0.1ms
[2021-02-15T21:15:32.226+0800][1.526s] GC(1)   Evacuate Collection Set: 16.1ms
[2021-02-15T21:15:32.226+0800][1.526s] GC(1)   Post Evacuate Collection Set: 1.5ms
[2021-02-15T21:15:32.226+0800][1.526s] GC(1)   Other: 0.2ms
[2021-02-15T21:15:32.226+0800][1.526s] GC(1) Eden regions: 105->0(86)
[2021-02-15T21:15:32.226+0800][1.526s] GC(1) Survivor regions: 3->19(39)
[2021-02-15T21:15:32.226+0800][1.526s] GC(1) Old regions: 2->2
[2021-02-15T21:15:32.226+0800][1.526s] GC(1) Humongous regions: 4->4
[2021-02-15T21:15:32.226+0800][1.526s] GC(1) Metaspace: 20504K->20504K(1069056K)
[2021-02-15T21:15:32.226+0800][1.526s] GC(1) Pause Young (Concurrent Start) (Metadata GC Threshold) 112M->23M(512M) 17.878ms
[2021-02-15T21:15:32.226+0800][1.526s] GC(1) User=0.08s Sys=0.00s Real=0.01s
[2021-02-15T21:15:32.226+0800][1.526s] GC(2) Concurrent Cycle
[2021-02-15T21:15:32.226+0800][1.526s] GC(2) Concurrent Clear Claimed Marks
[2021-02-15T21:15:32.226+0800][1.526s] GC(2) Concurrent Clear Claimed Marks 0.077ms
[2021-02-15T21:15:32.226+0800][1.526s] GC(2) Concurrent Scan Root Regions
[2021-02-15T21:15:32.230+0800][1.530s] GC(2) Concurrent Scan Root Regions 4.043ms
[2021-02-15T21:15:32.230+0800][1.530s] GC(2) Concurrent Mark (1.530s)
[2021-02-15T21:15:32.230+0800][1.530s] GC(2) Concurrent Mark From Roots
[2021-02-15T21:15:32.230+0800][1.530s] GC(2) Using 2 workers of 2 for marking
[2021-02-15T21:15:32.234+0800][1.534s] GC(2) Concurrent Mark From Roots 3.369ms
[2021-02-15T21:15:32.234+0800][1.534s] GC(2) Concurrent Preclean
[2021-02-15T21:15:32.234+0800][1.534s] GC(2) Concurrent Preclean 0.111ms
[2021-02-15T21:15:32.234+0800][1.534s] GC(2) Concurrent Mark (1.530s, 1.534s) 3.539ms
[2021-02-15T21:15:32.234+0800][1.534s] GC(2) Pause Remark
[2021-02-15T21:15:32.239+0800][1.539s] GC(2) Cleaned string and symbol table, strings: 8691 processed, 0 removed, symbols: 62003 processed, 34 removed
[2021-02-15T21:15:32.239+0800][1.539s] GC(2) Pause Remark 24M->24M(512M) 4.983ms
[2021-02-15T21:15:32.239+0800][1.539s] GC(2) User=0.03s Sys=0.00s Real=0.01s
[2021-02-15T21:15:32.239+0800][1.539s] GC(2) Concurrent Rebuild Remembered Sets
[2021-02-15T21:15:32.241+0800][1.541s] GC(2) Concurrent Rebuild Remembered Sets 1.965ms
[2021-02-15T21:15:32.241+0800][1.541s] GC(2) Pause Cleanup
[2021-02-15T21:15:32.241+0800][1.541s] GC(2) Pause Cleanup 24M->24M(512M) 0.135ms
[2021-02-15T21:15:32.241+0800][1.541s] GC(2) User=0.00s Sys=0.00s Real=0.00s
[2021-02-15T21:15:32.241+0800][1.541s] GC(2) Concurrent Cleanup for Next Mark
[2021-02-15T21:15:32.242+0800][1.542s] GC(2) Concurrent Cleanup for Next Mark 0.434ms
[2021-02-15T21:15:32.242+0800][1.542s] GC(2) Concurrent Cycle 15.641ms
[2021-02-15T21:15:33.001+0800][2.301s] GC(3) Pause Young (Normal) (G1 Evacuation Pause)
[2021-02-15T21:15:33.001+0800][2.301s] GC(3) Using 8 workers of 8 for evacuation
[2021-02-15T21:15:33.015+0800][2.315s] GC(3)   Pre Evacuate Collection Set: 0.0ms
[2021-02-15T21:15:33.015+0800][2.315s] GC(3)   Evacuate Collection Set: 12.4ms
[2021-02-15T21:15:33.015+0800][2.315s] GC(3)   Post Evacuate Collection Set: 1.0ms
[2021-02-15T21:15:33.015+0800][2.315s] GC(3)   Other: 0.1ms
[2021-02-15T21:15:33.015+0800][2.315s] GC(3) Eden regions: 73->0(127)
[2021-02-15T21:15:33.015+0800][2.315s] GC(3) Survivor regions: 19->6(12)
[2021-02-15T21:15:33.015+0800][2.315s] GC(3) Old regions: 2->21
[2021-02-15T21:15:33.015+0800][2.315s] GC(3) Humongous regions: 4->4
[2021-02-15T21:15:33.015+0800][2.315s] GC(3) Metaspace: 29915K->29915K(1077248K)
[2021-02-15T21:15:33.015+0800][2.315s] GC(3) Pause Young (Normal) (G1 Evacuation Pause) 96M->28M(512M) 13.629ms
[2021-02-15T21:15:33.015+0800][2.315s] GC(3) User=0.09s Sys=0.00s Real=0.01s
[2021-02-15T21:16:03.644+0800][32.944s] GC(4) Pause Young (Concurrent Start) (Metadata GC Threshold)
[2021-02-15T21:16:03.644+0800][32.944s] GC(4) Using 8 workers of 8 for evacuation
[2021-02-15T21:16:03.652+0800][32.952s] GC(4)   Pre Evacuate Collection Set: 0.1ms
[2021-02-15T21:16:03.652+0800][32.952s] GC(4)   Evacuate Collection Set: 7.0ms
[2021-02-15T21:16:03.652+0800][32.952s] GC(4)   Post Evacuate Collection Set: 0.4ms
[2021-02-15T21:16:03.652+0800][32.952s] GC(4)   Other: 0.2ms
[2021-02-15T21:16:03.652+0800][32.952s] GC(4) Eden regions: 62->0(136)
[2021-02-15T21:16:03.652+0800][32.952s] GC(4) Survivor regions: 6->8(17)
[2021-02-15T21:16:03.652+0800][32.952s] GC(4) Old regions: 21->21
[2021-02-15T21:16:03.652+0800][32.952s] GC(4) Humongous regions: 4->4
[2021-02-15T21:16:03.652+0800][32.952s] GC(4) Metaspace: 34743K->34743K(1081344K)
[2021-02-15T21:16:03.652+0800][32.952s] GC(4) Pause Young (Concurrent Start) (Metadata GC Threshold) 90M->30M(512M) 7.845ms
[2021-02-15T21:16:03.652+0800][32.952s] GC(4) User=0.05s Sys=0.00s Real=0.01s
[2021-02-15T21:16:03.652+0800][32.952s] GC(5) Concurrent Cycle
[2021-02-15T21:16:03.652+0800][32.952s] GC(5) Concurrent Clear Claimed Marks
[2021-02-15T21:16:03.652+0800][32.952s] GC(5) Concurrent Clear Claimed Marks 0.036ms
[2021-02-15T21:16:03.652+0800][32.952s] GC(5) Concurrent Scan Root Regions
[2021-02-15T21:16:03.655+0800][32.955s] GC(5) Concurrent Scan Root Regions 2.890ms
[2021-02-15T21:16:03.655+0800][32.955s] GC(5) Concurrent Mark (32.955s)
[2021-02-15T21:16:03.655+0800][32.955s] GC(5) Concurrent Mark From Roots
[2021-02-15T21:16:03.655+0800][32.955s] GC(5) Using 2 workers of 2 for marking
[2021-02-15T21:16:03.672+0800][32.972s] GC(5) Concurrent Mark From Roots 17.330ms
[2021-02-15T21:16:03.672+0800][32.972s] GC(5) Concurrent Preclean
[2021-02-15T21:16:03.673+0800][32.973s] GC(5) Concurrent Preclean 0.185ms
[2021-02-15T21:16:03.673+0800][32.973s] GC(5) Concurrent Mark (32.955s, 32.973s) 17.581ms
[2021-02-15T21:16:03.673+0800][32.973s] GC(5) Pause Remark
[2021-02-15T21:16:03.677+0800][32.977s] GC(5) Cleaned string and symbol table, strings: 14585 processed, 27 removed, symbols: 101936 processed, 148 removed
[2021-02-15T21:16:03.677+0800][32.977s] GC(5) Pause Remark 32M->32M(512M) 4.358ms
[2021-02-15T21:16:03.677+0800][32.977s] GC(5) User=0.03s Sys=0.00s Real=0.00s
[2021-02-15T21:16:03.677+0800][32.977s] GC(5) Concurrent Rebuild Remembered Sets
[2021-02-15T21:16:03.690+0800][32.990s] GC(5) Concurrent Rebuild Remembered Sets 12.446ms
[2021-02-15T21:16:03.690+0800][32.990s] GC(5) Pause Cleanup
[2021-02-15T21:16:03.690+0800][32.990s] GC(5) Pause Cleanup 33M->33M(512M) 0.165ms
[2021-02-15T21:16:03.690+0800][32.990s] GC(5) User=0.00s Sys=0.00s Real=0.00s
[2021-02-15T21:16:03.690+0800][32.990s] GC(5) Concurrent Cleanup for Next Mark
[2021-02-15T21:16:03.691+0800][32.991s] GC(5) Concurrent Cleanup for Next Mark 0.966ms
[2021-02-15T21:16:03.691+0800][32.991s] GC(5) Concurrent Cycle 39.117ms
[2021-02-15T21:16:04.328+0800][33.628s] GC(6) Pause Young (Normal) (G1 Evacuation Pause)
[2021-02-15T21:16:04.329+0800][33.628s] GC(6) Using 8 workers of 8 for evacuation
[2021-02-15T21:16:04.345+0800][33.645s] GC(6)   Pre Evacuate Collection Set: 0.0ms
[2021-02-15T21:16:04.345+0800][33.645s] GC(6)   Evacuate Collection Set: 15.3ms
[2021-02-15T21:16:04.345+0800][33.645s] GC(6)   Post Evacuate Collection Set: 1.2ms
[2021-02-15T21:16:04.345+0800][33.645s] GC(6)   Other: 0.2ms
[2021-02-15T21:16:04.345+0800][33.645s] GC(6) Eden regions: 136->0(296)
[2021-02-15T21:16:04.345+0800][33.645s] GC(6) Survivor regions: 8->11(18)
[2021-02-15T21:16:04.345+0800][33.645s] GC(6) Old regions: 21->21
[2021-02-15T21:16:04.345+0800][33.645s] GC(6) Humongous regions: 5->4
[2021-02-15T21:16:04.345+0800][33.645s] GC(6) Metaspace: 41016K->41016K(1087488K)
[2021-02-15T21:16:04.345+0800][33.645s] GC(6) Pause Young (Normal) (G1 Evacuation Pause) 167M->33M(512M) 16.867ms
[2021-02-15T21:16:04.345+0800][33.645s] GC(6) User=0.09s Sys=0.01s Real=0.01s
[2021-02-15T21:16:05.662+0800][34.962s] GC(7) Pause Young (Normal) (G1 Evacuation Pause)
[2021-02-15T21:16:05.662+0800][34.962s] GC(7) Using 8 workers of 8 for evacuation
[2021-02-15T21:16:05.679+0800][34.979s] GC(7)   Pre Evacuate Collection Set: 0.0ms
[2021-02-15T21:16:05.679+0800][34.979s] GC(7)   Evacuate Collection Set: 15.5ms
[2021-02-15T21:16:05.679+0800][34.979s] GC(7)   Post Evacuate Collection Set: 1.5ms
[2021-02-15T21:16:05.679+0800][34.979s] GC(7)   Other: 0.3ms
[2021-02-15T21:16:05.679+0800][34.979s] GC(7) Eden regions: 296->0(286)
[2021-02-15T21:16:05.679+0800][34.979s] GC(7) Survivor regions: 11->21(39)
[2021-02-15T21:16:05.679+0800][34.979s] GC(7) Old regions: 21->21
[2021-02-15T21:16:05.679+0800][34.979s] GC(7) Humongous regions: 4->4
[2021-02-15T21:16:05.679+0800][34.979s] GC(7) Metaspace: 49927K->49927K(1093632K)
[2021-02-15T21:16:05.679+0800][34.979s] GC(7) Pause Young (Normal) (G1 Evacuation Pause) 329M->43M(512M) 17.445ms
[2021-02-15T21:16:05.679+0800][34.979s] GC(7) User=0.12s Sys=0.02s Real=0.02s
[2021-02-15T21:20:29.376+0800][298.676s] GC(8) Pause Young (Concurrent Start) (Metadata GC Threshold)
[2021-02-15T21:20:29.376+0800][298.676s] GC(8) Using 8 workers of 8 for evacuation
[2021-02-15T21:20:29.396+0800][298.696s] GC(8)   Pre Evacuate Collection Set: 0.2ms
[2021-02-15T21:20:29.396+0800][298.696s] GC(8)   Evacuate Collection Set: 19.1ms
[2021-02-15T21:20:29.396+0800][298.696s] GC(8)   Post Evacuate Collection Set: 0.7ms
[2021-02-15T21:20:29.396+0800][298.696s] GC(8)   Other: 0.2ms
[2021-02-15T21:20:29.396+0800][298.696s] GC(8) Eden regions: 160->0(286)
[2021-02-15T21:20:29.396+0800][298.696s] GC(8) Survivor regions: 21->21(39)
[2021-02-15T21:20:29.396+0800][298.696s] GC(8) Old regions: 21->25
[2021-02-15T21:20:29.396+0800][298.696s] GC(8) Humongous regions: 4->4
[2021-02-15T21:20:29.396+0800][298.696s] GC(8) Metaspace: 58575K->58575K(1101824K)
[2021-02-15T21:20:29.396+0800][298.696s] GC(8) Pause Young (Concurrent Start) (Metadata GC Threshold) 203M->48M(512M) 20.311ms
[2021-02-15T21:20:29.396+0800][298.696s] GC(8) User=0.10s Sys=0.00s Real=0.02s
[2021-02-15T21:20:29.396+0800][298.696s] GC(9) Concurrent Cycle
[2021-02-15T21:20:29.396+0800][298.696s] GC(9) Concurrent Clear Claimed Marks
[2021-02-15T21:20:29.396+0800][298.696s] GC(9) Concurrent Clear Claimed Marks 0.160ms
[2021-02-15T21:20:29.396+0800][298.696s] GC(9) Concurrent Scan Root Regions
[2021-02-15T21:20:29.403+0800][298.702s] GC(9) Concurrent Scan Root Regions 6.106ms
[2021-02-15T21:20:29.403+0800][298.702s] GC(9) Concurrent Mark (298.702s)
[2021-02-15T21:20:29.403+0800][298.703s] GC(9) Concurrent Mark From Roots
[2021-02-15T21:20:29.403+0800][298.703s] GC(9) Using 2 workers of 2 for marking
[2021-02-15T21:20:29.427+0800][298.727s] GC(9) Concurrent Mark From Roots 24.089ms
[2021-02-15T21:20:29.427+0800][298.727s] GC(9) Concurrent Preclean
[2021-02-15T21:20:29.427+0800][298.727s] GC(9) Concurrent Preclean 0.318ms
[2021-02-15T21:20:29.427+0800][298.727s] GC(9) Concurrent Mark (298.702s, 298.727s) 24.477ms
[2021-02-15T21:20:29.427+0800][298.727s] GC(9) Pause Remark
[2021-02-15T21:20:29.481+0800][298.781s] GC(9) Cleaned string and symbol table, strings: 26895 processed, 0 removed, symbols: 154291 processed, 563 removed
[2021-02-15T21:20:29.481+0800][298.781s] GC(9) Pause Remark 53M->53M(512M) 53.558ms
[2021-02-15T21:20:29.481+0800][298.781s] GC(9) User=0.26s Sys=0.01s Real=0.05s
[2021-02-15T21:20:29.481+0800][298.781s] GC(9) Concurrent Rebuild Remembered Sets
[2021-02-15T21:20:29.502+0800][298.802s] GC(9) Concurrent Rebuild Remembered Sets 20.982ms
[2021-02-15T21:20:29.502+0800][298.802s] GC(9) Pause Cleanup
[2021-02-15T21:20:29.502+0800][298.802s] GC(9) Pause Cleanup 56M->56M(512M) 0.158ms
[2021-02-15T21:20:29.502+0800][298.802s] GC(9) User=0.00s Sys=0.00s Real=0.00s
[2021-02-15T21:20:29.502+0800][298.802s] GC(9) Concurrent Cleanup for Next Mark
[2021-02-15T21:20:29.504+0800][298.804s] GC(9) Concurrent Cleanup for Next Mark 1.086ms
[2021-02-15T21:20:29.504+0800][298.804s] GC(9) Concurrent Cycle 107.419ms
[2021-02-15T21:20:32.632+0800][301.931s] GC(10) Pause Young (Normal) (G1 Evacuation Pause)
[2021-02-15T21:20:32.632+0800][301.932s] GC(10) Using 8 workers of 8 for evacuation
[2021-02-15T21:20:32.654+0800][301.954s] GC(10)   Pre Evacuate Collection Set: 0.0ms
[2021-02-15T21:20:32.654+0800][301.954s] GC(10)   Evacuate Collection Set: 20.6ms
[2021-02-15T21:20:32.654+0800][301.954s] GC(10)   Post Evacuate Collection Set: 1.5ms
[2021-02-15T21:20:32.654+0800][301.954s] GC(10)   Other: 0.3ms
[2021-02-15T21:20:32.654+0800][301.954s] GC(10) Eden regions: 286->0(275)
[2021-02-15T21:20:32.654+0800][301.954s] GC(10) Survivor regions: 21->32(39)
[2021-02-15T21:20:32.654+0800][301.954s] GC(10) Old regions: 25->28
[2021-02-15T21:20:32.654+0800][301.954s] GC(10) Humongous regions: 13->7
[2021-02-15T21:20:32.654+0800][301.954s] GC(10) Metaspace: 61082K->61082K(1103872K)
[2021-02-15T21:20:32.654+0800][301.954s] GC(10) Pause Young (Normal) (G1 Evacuation Pause) 343M->64M(512M) 22.441ms
[2021-02-15T21:20:32.654+0800][301.954s] GC(10) User=0.13s Sys=0.01s Real=0.02s
[2021-02-15T21:37:10.665+0800][1299.964s] GC(11) Pause Young (Normal) (G1 Evacuation Pause)
[2021-02-15T21:37:10.665+0800][1299.965s] GC(11) Using 8 workers of 8 for evacuation
[2021-02-15T21:37:10.685+0800][1299.985s] GC(11)   Pre Evacuate Collection Set: 0.0ms
[2021-02-15T21:37:10.685+0800][1299.985s] GC(11)   Evacuate Collection Set: 18.8ms
[2021-02-15T21:37:10.685+0800][1299.985s] GC(11)   Post Evacuate Collection Set: 1.6ms
[2021-02-15T21:37:10.685+0800][1299.985s] GC(11)   Other: 0.2ms
[2021-02-15T21:37:10.685+0800][1299.985s] GC(11) Eden regions: 275->0(293)
[2021-02-15T21:37:10.685+0800][1299.985s] GC(11) Survivor regions: 32->14(39)
[2021-02-15T21:37:10.685+0800][1299.985s] GC(11) Old regions: 28->40
[2021-02-15T21:37:10.685+0800][1299.985s] GC(11) Humongous regions: 10->7
[2021-02-15T21:37:10.685+0800][1299.985s] GC(11) Metaspace: 64835K->64835K(1107968K)
[2021-02-15T21:37:10.685+0800][1299.985s] GC(11) Pause Young (Normal) (G1 Evacuation Pause) 342M->59M(512M) 20.695ms
[2021-02-15T21:37:10.685+0800][1299.985s] GC(11) User=0.12s Sys=0.00s Real=0.02s
[2021-02-15T21:44:29.069+0800][1738.369s] GC(12) Pause Young (Normal) (G1 Evacuation Pause)
[2021-02-15T21:44:29.069+0800][1738.369s] GC(12) Using 8 workers of 8 for evacuation
[2021-02-15T21:44:29.107+0800][1738.407s] GC(12)   Pre Evacuate Collection Set: 0.0ms
[2021-02-15T21:44:29.107+0800][1738.407s] GC(12)   Evacuate Collection Set: 32.6ms
[2021-02-15T21:44:29.107+0800][1738.407s] GC(12)   Post Evacuate Collection Set: 5.3ms
[2021-02-15T21:44:29.107+0800][1738.407s] GC(12)   Other: 0.4ms
[2021-02-15T21:44:29.107+0800][1738.407s] GC(12) Eden regions: 293->0(281)
[2021-02-15T21:44:29.107+0800][1738.407s] GC(12) Survivor regions: 14->26(39)
[2021-02-15T21:44:29.107+0800][1738.407s] GC(12) Old regions: 40->40
[2021-02-15T21:44:29.107+0800][1738.407s] GC(12) Humongous regions: 7->7
[2021-02-15T21:44:29.107+0800][1738.407s] GC(12) Metaspace: 66657K->66657K(1110016K)
[2021-02-15T21:44:29.107+0800][1738.407s] GC(12) Pause Young (Normal) (G1 Evacuation Pause) 352M->71M(512M) 38.404ms
[2021-02-15T21:44:29.107+0800][1738.407s] GC(12) User=0.14s Sys=0.00s Real=0.04s
[2021-02-15T21:46:14.866+0800][1844.166s] Heap
[2021-02-15T21:46:14.867+0800][1844.166s]  garbage-first heap   total 524288K, used 218164K [0x00000000e0000000, 0x0000000100000000)
[2021-02-15T21:46:14.867+0800][1844.166s]   region size 1024K, 170 young (174080K), 26 survivors (26624K)
[2021-02-15T21:46:14.867+0800][1844.166s]  Metaspace       used 67280K, capacity 69282K, committed 69456K, reserved 1110016K
[2021-02-15T21:46:14.867+0800][1844.166s]   class space    used 7566K, capacity 8338K, committed 8352K, reserved 1048576K
