[2021-03-23T03:20:21.910+0800][0.007s] Heap region size: 1M
[2021-03-23T03:20:21.923+0800][0.021s] Using G1
[2021-03-23T03:20:21.923+0800][0.021s] Heap address: 0x00000000e0000000, size: 512 MB, Compressed Oops mode: 32-bit
[2021-03-23T03:20:21.924+0800][0.021s] Mark closed archive regions in map: [0x00000000fff00000, 0x00000000fff6aff8]
[2021-03-23T03:20:21.924+0800][0.021s] Mark open archive regions in map: [0x00000000ffe00000, 0x00000000ffe46ff8]
[2021-03-23T03:20:22.416+0800][0.514s] GC(0) Pause Young (Normal) (G1 Evacuation Pause)
[2021-03-23T03:20:22.417+0800][0.514s] GC(0) Using 8 workers of 8 for evacuation
[2021-03-23T03:20:22.427+0800][0.525s] GC(0)   Pre Evacuate Collection Set: 0.0ms
[2021-03-23T03:20:22.428+0800][0.525s] GC(0)   Evacuate Collection Set: 9.0ms
[2021-03-23T03:20:22.428+0800][0.525s] GC(0)   Post Evacuate Collection Set: 1.2ms
[2021-03-23T03:20:22.428+0800][0.525s] GC(0)   Other: 0.8ms
[2021-03-23T03:20:22.428+0800][0.525s] GC(0) Eden regions: 30->0(304)
[2021-03-23T03:20:22.428+0800][0.525s] GC(0) Survivor regions: 0->3(4)
[2021-03-23T03:20:22.428+0800][0.525s] GC(0) Old regions: 2->2
[2021-03-23T03:20:22.428+0800][0.525s] GC(0) Humongous regions: 0->0
[2021-03-23T03:20:22.428+0800][0.525s] GC(0) Metaspace: 6308K->6308K(1056768K)
[2021-03-23T03:20:22.428+0800][0.525s] GC(0) Pause Young (Normal) (G1 Evacuation Pause) 30M->3M(512M) 11.158ms
[2021-03-23T03:20:22.428+0800][0.525s] GC(0) User=0.06s Sys=0.00s Real=0.01s
[2021-03-23T03:20:23.680+0800][1.777s] GC(1) Pause Young (Concurrent Start) (Metadata GC Threshold)
[2021-03-23T03:20:23.680+0800][1.777s] GC(1) Using 8 workers of 8 for evacuation
[2021-03-23T03:20:23.698+0800][1.795s] GC(1)   Pre Evacuate Collection Set: 0.0ms
[2021-03-23T03:20:23.698+0800][1.795s] GC(1)   Evacuate Collection Set: 17.0ms
[2021-03-23T03:20:23.698+0800][1.795s] GC(1)   Post Evacuate Collection Set: 0.8ms
[2021-03-23T03:20:23.698+0800][1.795s] GC(1)   Other: 0.2ms
[2021-03-23T03:20:23.698+0800][1.795s] GC(1) Eden regions: 106->0(87)
[2021-03-23T03:20:23.698+0800][1.795s] GC(1) Survivor regions: 3->19(39)
[2021-03-23T03:20:23.698+0800][1.795s] GC(1) Old regions: 2->2
[2021-03-23T03:20:23.698+0800][1.795s] GC(1) Humongous regions: 4->4
[2021-03-23T03:20:23.698+0800][1.795s] GC(1) Metaspace: 20504K->20504K(1069056K)
[2021-03-23T03:20:23.698+0800][1.795s] GC(1) Pause Young (Concurrent Start) (Metadata GC Threshold) 112M->23M(512M) 18.091ms
[2021-03-23T03:20:23.698+0800][1.795s] GC(1) User=0.09s Sys=0.01s Real=0.02s
[2021-03-23T03:20:23.698+0800][1.795s] GC(2) Concurrent Cycle
[2021-03-23T03:20:23.698+0800][1.795s] GC(2) Concurrent Clear Claimed Marks
[2021-03-23T03:20:23.698+0800][1.795s] GC(2) Concurrent Clear Claimed Marks 0.056ms
[2021-03-23T03:20:23.698+0800][1.795s] GC(2) Concurrent Scan Root Regions
[2021-03-23T03:20:23.704+0800][1.801s] GC(2) Concurrent Scan Root Regions 5.476ms
[2021-03-23T03:20:23.704+0800][1.801s] GC(2) Concurrent Mark (1.801s)
[2021-03-23T03:20:23.704+0800][1.801s] GC(2) Concurrent Mark From Roots
[2021-03-23T03:20:23.704+0800][1.801s] GC(2) Using 2 workers of 2 for marking
[2021-03-23T03:20:23.707+0800][1.804s] GC(2) Concurrent Mark From Roots 3.401ms
[2021-03-23T03:20:23.707+0800][1.804s] GC(2) Concurrent Preclean
[2021-03-23T03:20:23.707+0800][1.804s] GC(2) Concurrent Preclean 0.094ms
[2021-03-23T03:20:23.707+0800][1.804s] GC(2) Concurrent Mark (1.801s, 1.804s) 3.539ms
[2021-03-23T03:20:23.707+0800][1.804s] GC(2) Pause Remark
[2021-03-23T03:20:23.710+0800][1.807s] GC(2) Cleaned string and symbol table, strings: 8670 processed, 0 removed, symbols: 61840 processed, 26 removed
[2021-03-23T03:20:23.710+0800][1.807s] GC(2) Pause Remark 23M->23M(512M) 2.498ms
[2021-03-23T03:20:23.710+0800][1.807s] GC(2) User=0.01s Sys=0.00s Real=0.00s
[2021-03-23T03:20:23.710+0800][1.807s] GC(2) Concurrent Rebuild Remembered Sets
[2021-03-23T03:20:23.712+0800][1.809s] GC(2) Concurrent Rebuild Remembered Sets 2.015ms
[2021-03-23T03:20:23.712+0800][1.809s] GC(2) Pause Cleanup
[2021-03-23T03:20:23.712+0800][1.809s] GC(2) Pause Cleanup 23M->23M(512M) 0.106ms
[2021-03-23T03:20:23.712+0800][1.809s] GC(2) User=0.00s Sys=0.00s Real=0.00s
[2021-03-23T03:20:23.712+0800][1.809s] GC(2) Concurrent Cleanup for Next Mark
[2021-03-23T03:20:23.712+0800][1.810s] GC(2) Concurrent Cleanup for Next Mark 0.500ms
[2021-03-23T03:20:23.712+0800][1.810s] GC(2) Concurrent Cycle 14.539ms
[2021-03-23T03:20:24.755+0800][2.852s] GC(3) Pause Young (Normal) (G1 Evacuation Pause)
[2021-03-23T03:20:24.755+0800][2.852s] GC(3) Using 8 workers of 8 for evacuation
[2021-03-23T03:20:24.774+0800][2.871s] GC(3)   Pre Evacuate Collection Set: 0.0ms
[2021-03-23T03:20:24.774+0800][2.871s] GC(3)   Evacuate Collection Set: 17.0ms
[2021-03-23T03:20:24.774+0800][2.871s] GC(3)   Post Evacuate Collection Set: 1.3ms
[2021-03-23T03:20:24.774+0800][2.871s] GC(3)   Other: 0.2ms
[2021-03-23T03:20:24.774+0800][2.871s] GC(3) Eden regions: 73->0(130)
[2021-03-23T03:20:24.774+0800][2.871s] GC(3) Survivor regions: 19->6(12)
[2021-03-23T03:20:24.774+0800][2.871s] GC(3) Old regions: 2->21
[2021-03-23T03:20:24.774+0800][2.871s] GC(3) Humongous regions: 4->4
[2021-03-23T03:20:24.774+0800][2.871s] GC(3) Metaspace: 29909K->29909K(1077248K)
[2021-03-23T03:20:24.774+0800][2.871s] GC(3) Pause Young (Normal) (G1 Evacuation Pause) 96M->28M(512M) 18.597ms
[2021-03-23T03:20:24.774+0800][2.871s] GC(3) User=0.10s Sys=0.02s Real=0.02s
[2021-03-23T03:20:56.203+0800][34.300s] GC(4) Pause Young (Concurrent Start) (Metadata GC Threshold)
[2021-03-23T03:20:56.203+0800][34.300s] GC(4) Using 8 workers of 8 for evacuation
[2021-03-23T03:20:56.213+0800][34.310s] GC(4)   Pre Evacuate Collection Set: 0.1ms
[2021-03-23T03:20:56.213+0800][34.310s] GC(4)   Evacuate Collection Set: 9.5ms
[2021-03-23T03:20:56.213+0800][34.310s] GC(4)   Post Evacuate Collection Set: 0.4ms
[2021-03-23T03:20:56.213+0800][34.310s] GC(4)   Other: 0.4ms
[2021-03-23T03:20:56.213+0800][34.310s] GC(4) Eden regions: 62->0(123)
[2021-03-23T03:20:56.213+0800][34.310s] GC(4) Survivor regions: 6->7(17)
[2021-03-23T03:20:56.213+0800][34.310s] GC(4) Old regions: 21->21
[2021-03-23T03:20:56.213+0800][34.310s] GC(4) Humongous regions: 4->4
[2021-03-23T03:20:56.213+0800][34.310s] GC(4) Metaspace: 34825K->34825K(1081344K)
[2021-03-23T03:20:56.213+0800][34.310s] GC(4) Pause Young (Concurrent Start) (Metadata GC Threshold) 90M->29M(512M) 10.449ms
[2021-03-23T03:20:56.213+0800][34.310s] GC(4) User=0.04s Sys=0.00s Real=0.01s
[2021-03-23T03:20:56.213+0800][34.310s] GC(5) Concurrent Cycle
[2021-03-23T03:20:56.213+0800][34.310s] GC(5) Concurrent Clear Claimed Marks
[2021-03-23T03:20:56.213+0800][34.310s] GC(5) Concurrent Clear Claimed Marks 0.055ms
[2021-03-23T03:20:56.213+0800][34.310s] GC(5) Concurrent Scan Root Regions
[2021-03-23T03:20:56.217+0800][34.314s] GC(5) Concurrent Scan Root Regions 3.392ms
[2021-03-23T03:20:56.217+0800][34.314s] GC(5) Concurrent Mark (34.314s)
[2021-03-23T03:20:56.217+0800][34.314s] GC(5) Concurrent Mark From Roots
[2021-03-23T03:20:56.217+0800][34.314s] GC(5) Using 2 workers of 2 for marking
[2021-03-23T03:20:56.237+0800][34.334s] GC(5) Concurrent Mark From Roots 20.146ms
[2021-03-23T03:20:56.237+0800][34.334s] GC(5) Concurrent Preclean
[2021-03-23T03:20:56.237+0800][34.334s] GC(5) Concurrent Preclean 0.181ms
[2021-03-23T03:20:56.237+0800][34.334s] GC(5) Concurrent Mark (34.314s, 34.334s) 20.412ms
[2021-03-23T03:20:56.237+0800][34.334s] GC(5) Pause Remark
[2021-03-23T03:20:56.242+0800][34.339s] GC(5) Cleaned string and symbol table, strings: 14649 processed, 27 removed, symbols: 102602 processed, 149 removed
[2021-03-23T03:20:56.242+0800][34.339s] GC(5) Pause Remark 32M->32M(512M) 4.639ms
[2021-03-23T03:20:56.242+0800][34.339s] GC(5) User=0.01s Sys=0.01s Real=0.01s
[2021-03-23T03:20:56.242+0800][34.339s] GC(5) Concurrent Rebuild Remembered Sets
[2021-03-23T03:20:56.254+0800][34.352s] GC(5) Concurrent Rebuild Remembered Sets 12.279ms
[2021-03-23T03:20:56.255+0800][34.352s] GC(5) Pause Cleanup
[2021-03-23T03:20:56.255+0800][34.352s] GC(5) Pause Cleanup 33M->33M(512M) 0.124ms
[2021-03-23T03:20:56.255+0800][34.352s] GC(5) User=0.00s Sys=0.00s Real=0.00s
[2021-03-23T03:20:56.255+0800][34.352s] GC(5) Concurrent Cleanup for Next Mark
[2021-03-23T03:20:56.256+0800][34.354s] GC(5) Concurrent Cleanup for Next Mark 1.686ms
[2021-03-23T03:20:56.257+0800][34.354s] GC(5) Concurrent Cycle 43.336ms
[2021-03-23T03:20:56.864+0800][34.961s] GC(6) Pause Young (Normal) (G1 Evacuation Pause)
[2021-03-23T03:20:56.864+0800][34.961s] GC(6) Using 8 workers of 8 for evacuation
[2021-03-23T03:20:56.874+0800][34.971s] GC(6)   Pre Evacuate Collection Set: 0.0ms
[2021-03-23T03:20:56.874+0800][34.971s] GC(6)   Evacuate Collection Set: 8.0ms
[2021-03-23T03:20:56.874+0800][34.971s] GC(6)   Post Evacuate Collection Set: 1.2ms
[2021-03-23T03:20:56.874+0800][34.971s] GC(6)   Other: 0.2ms
[2021-03-23T03:20:56.874+0800][34.971s] GC(6) Eden regions: 123->0(160)
[2021-03-23T03:20:56.874+0800][34.971s] GC(6) Survivor regions: 7->10(17)
[2021-03-23T03:20:56.874+0800][34.971s] GC(6) Old regions: 21->21
[2021-03-23T03:20:56.874+0800][34.971s] GC(6) Humongous regions: 4->4
[2021-03-23T03:20:56.874+0800][34.971s] GC(6) Metaspace: 40452K->40452K(1085440K)
[2021-03-23T03:20:56.874+0800][34.971s] GC(6) Pause Young (Normal) (G1 Evacuation Pause) 152M->32M(512M) 9.458ms
[2021-03-23T03:20:56.874+0800][34.971s] GC(6) User=0.04s Sys=0.01s Real=0.01s
[2021-03-23T03:20:57.574+0800][35.671s] GC(7) Pause Young (Normal) (G1 Evacuation Pause)
[2021-03-23T03:20:57.574+0800][35.672s] GC(7) Using 8 workers of 8 for evacuation
[2021-03-23T03:20:57.595+0800][35.693s] GC(7)   Pre Evacuate Collection Set: 0.0ms
[2021-03-23T03:20:57.595+0800][35.693s] GC(7)   Evacuate Collection Set: 15.2ms
[2021-03-23T03:20:57.595+0800][35.693s] GC(7)   Post Evacuate Collection Set: 5.7ms
[2021-03-23T03:20:57.595+0800][35.693s] GC(7)   Other: 0.2ms
[2021-03-23T03:20:57.595+0800][35.693s] GC(7) Eden regions: 160->0(267)
[2021-03-23T03:20:57.595+0800][35.693s] GC(7) Survivor regions: 10->13(22)
[2021-03-23T03:20:57.595+0800][35.693s] GC(7) Old regions: 21->21
[2021-03-23T03:20:57.595+0800][35.693s] GC(7) Humongous regions: 5->4
[2021-03-23T03:20:57.595+0800][35.693s] GC(7) Metaspace: 43929K->43929K(1089536K)
[2021-03-23T03:20:57.595+0800][35.693s] GC(7) Pause Young (Normal) (G1 Evacuation Pause) 193M->35M(512M) 21.130ms
[2021-03-23T03:20:57.595+0800][35.693s] GC(7) User=0.10s Sys=0.00s Real=0.02s
[2021-03-23T03:23:02.201+0800][160.298s] GC(8) Pause Young (Concurrent Start) (Metadata GC Threshold)
[2021-03-23T03:23:02.208+0800][160.305s] GC(8) Using 8 workers of 8 for evacuation
[2021-03-23T03:23:02.250+0800][160.347s] GC(8)   Pre Evacuate Collection Set: 0.3ms
[2021-03-23T03:23:02.250+0800][160.347s] GC(8)   Evacuate Collection Set: 40.9ms
[2021-03-23T03:23:02.250+0800][160.347s] GC(8)   Post Evacuate Collection Set: 0.9ms
[2021-03-23T03:23:02.250+0800][160.347s] GC(8)   Other: 6.9ms
[2021-03-23T03:23:02.250+0800][160.347s] GC(8) Eden regions: 246->0(283)
[2021-03-23T03:23:02.250+0800][160.347s] GC(8) Survivor regions: 13->24(35)
[2021-03-23T03:23:02.250+0800][160.347s] GC(8) Old regions: 21->21
[2021-03-23T03:23:02.250+0800][160.347s] GC(8) Humongous regions: 7->7
[2021-03-23T03:23:02.250+0800][160.347s] GC(8) Metaspace: 58492K->58492K(1101824K)
[2021-03-23T03:23:02.250+0800][160.347s] GC(8) Pause Young (Concurrent Start) (Metadata GC Threshold) 284M->49M(512M) 49.066ms
[2021-03-23T03:23:02.250+0800][160.347s] GC(8) User=0.15s Sys=0.04s Real=0.05s
[2021-03-23T03:23:02.250+0800][160.348s] GC(9) Concurrent Cycle
[2021-03-23T03:23:02.250+0800][160.348s] GC(9) Concurrent Clear Claimed Marks
[2021-03-23T03:23:02.251+0800][160.348s] GC(9) Concurrent Clear Claimed Marks 0.171ms
[2021-03-23T03:23:02.251+0800][160.348s] GC(9) Concurrent Scan Root Regions
[2021-03-23T03:23:02.258+0800][160.355s] GC(9) Concurrent Scan Root Regions 7.562ms
[2021-03-23T03:23:02.258+0800][160.355s] GC(9) Concurrent Mark (160.355s)
[2021-03-23T03:23:02.258+0800][160.355s] GC(9) Concurrent Mark From Roots
[2021-03-23T03:23:02.258+0800][160.355s] GC(9) Using 2 workers of 2 for marking
[2021-03-23T03:23:02.272+0800][160.369s] GC(9) Concurrent Mark From Roots 13.468ms
[2021-03-23T03:23:02.272+0800][160.369s] GC(9) Concurrent Preclean
[2021-03-23T03:23:02.272+0800][160.369s] GC(9) Concurrent Preclean 0.152ms
[2021-03-23T03:23:02.272+0800][160.369s] GC(9) Concurrent Mark (160.355s, 160.369s) 13.673ms
[2021-03-23T03:23:02.272+0800][160.369s] GC(9) Pause Remark
[2021-03-23T03:23:02.278+0800][160.375s] GC(9) Cleaned string and symbol table, strings: 26293 processed, 0 removed, symbols: 155339 processed, 563 removed
[2021-03-23T03:23:02.278+0800][160.375s] GC(9) Pause Remark 50M->50M(512M) 6.198ms
[2021-03-23T03:23:02.278+0800][160.375s] GC(9) User=0.04s Sys=0.00s Real=0.01s
[2021-03-23T03:23:02.278+0800][160.375s] GC(9) Concurrent Rebuild Remembered Sets
[2021-03-23T03:23:02.288+0800][160.385s] GC(9) Concurrent Rebuild Remembered Sets 9.591ms
[2021-03-23T03:23:02.288+0800][160.385s] GC(9) Pause Cleanup
[2021-03-23T03:23:02.288+0800][160.385s] GC(9) Pause Cleanup 50M->50M(512M) 0.111ms
[2021-03-23T03:23:02.288+0800][160.385s] GC(9) User=0.00s Sys=0.00s Real=0.00s
[2021-03-23T03:23:02.288+0800][160.385s] GC(9) Concurrent Cleanup for Next Mark
[2021-03-23T03:23:02.289+0800][160.386s] GC(9) Concurrent Cleanup for Next Mark 0.343ms
[2021-03-23T03:23:02.289+0800][160.386s] GC(9) Concurrent Cycle 38.163ms
[2021-03-23T06:20:59.209+0800][10837.306s] GC(10) Pause Young (Normal) (G1 Evacuation Pause)
[2021-03-23T06:20:59.209+0800][10837.306s] GC(10) Using 8 workers of 8 for evacuation
[2021-03-23T06:20:59.231+0800][10837.328s] GC(10)   Pre Evacuate Collection Set: 1.0ms
[2021-03-23T06:20:59.231+0800][10837.328s] GC(10)   Evacuate Collection Set: 17.2ms
[2021-03-23T06:20:59.231+0800][10837.328s] GC(10)   Post Evacuate Collection Set: 2.4ms
[2021-03-23T06:20:59.231+0800][10837.328s] GC(10)   Other: 2.7ms
[2021-03-23T06:20:59.231+0800][10837.328s] GC(10) Eden regions: 283->0(286)
[2021-03-23T06:20:59.231+0800][10837.328s] GC(10) Survivor regions: 24->21(39)
[2021-03-23T06:20:59.231+0800][10837.328s] GC(10) Old regions: 21->26
[2021-03-23T06:20:59.231+0800][10837.328s] GC(10) Humongous regions: 7->7
[2021-03-23T06:20:59.231+0800][10837.328s] GC(10) Metaspace: 60787K->60787K(1103872K)
[2021-03-23T06:20:59.231+0800][10837.329s] GC(10) Pause Young (Normal) (G1 Evacuation Pause) 332M->51M(512M) 22.537ms
[2021-03-23T06:20:59.231+0800][10837.329s] GC(10) User=0.12s Sys=0.02s Real=0.03s
[2021-03-23T09:57:16.198+0800][23814.295s] GC(11) Pause Young (Normal) (G1 Evacuation Pause)
[2021-03-23T09:57:16.198+0800][23814.296s] GC(11) Using 8 workers of 8 for evacuation
[2021-03-23T09:57:16.212+0800][23814.309s] GC(11)   Pre Evacuate Collection Set: 0.0ms
[2021-03-23T09:57:16.212+0800][23814.309s] GC(11)   Evacuate Collection Set: 12.2ms
[2021-03-23T09:57:16.212+0800][23814.309s] GC(11)   Post Evacuate Collection Set: 1.2ms
[2021-03-23T09:57:16.212+0800][23814.309s] GC(11)   Other: 0.5ms
[2021-03-23T09:57:16.212+0800][23814.309s] GC(11) Eden regions: 286->0(288)
[2021-03-23T09:57:16.212+0800][23814.309s] GC(11) Survivor regions: 21->19(39)
[2021-03-23T09:57:16.212+0800][23814.309s] GC(11) Old regions: 26->26
[2021-03-23T09:57:16.212+0800][23814.309s] GC(11) Humongous regions: 7->7
[2021-03-23T09:57:16.212+0800][23814.309s] GC(11) Metaspace: 61038K->61038K(1103872K)
[2021-03-23T09:57:16.212+0800][23814.309s] GC(11) Pause Young (Normal) (G1 Evacuation Pause) 337M->49M(512M) 13.930ms
[2021-03-23T09:57:16.212+0800][23814.309s] GC(11) User=0.10s Sys=0.00s Real=0.01s
[2021-03-23T16:09:34.379+0800][36902.579s] GC(12) Pause Young (Normal) (G1 Evacuation Pause)
[2021-03-23T16:09:34.385+0800][36902.586s] GC(12) Using 8 workers of 8 for evacuation
[2021-03-23T16:09:34.398+0800][36902.599s] GC(12)   Pre Evacuate Collection Set: 0.0ms
[2021-03-23T16:09:34.398+0800][36902.599s] GC(12)   Evacuate Collection Set: 12.1ms
[2021-03-23T16:09:34.398+0800][36902.599s] GC(12)   Post Evacuate Collection Set: 0.9ms
[2021-03-23T16:09:34.398+0800][36902.599s] GC(12)   Other: 6.5ms
[2021-03-23T16:09:34.398+0800][36902.599s] GC(12) Eden regions: 288->0(288)
[2021-03-23T16:09:34.398+0800][36902.599s] GC(12) Survivor regions: 19->19(39)
[2021-03-23T16:09:34.398+0800][36902.599s] GC(12) Old regions: 26->26
[2021-03-23T16:09:34.398+0800][36902.599s] GC(12) Humongous regions: 7->7
[2021-03-23T16:09:34.398+0800][36902.599s] GC(12) Metaspace: 61107K->61107K(1103872K)
[2021-03-23T16:09:34.399+0800][36902.599s] GC(12) Pause Young (Normal) (G1 Evacuation Pause) 337M->49M(512M) 19.612ms
[2021-03-23T16:09:34.399+0800][36902.599s] GC(12) User=0.10s Sys=0.00s Real=0.02s
