[2021-02-12T16:32:53.639+0800][0.007s] Heap region size: 1M
[2021-02-12T16:32:53.653+0800][0.020s] Using G1
[2021-02-12T16:32:53.653+0800][0.020s] Heap address: 0x00000000e0000000, size: 512 MB, Compressed Oops mode: 32-bit
[2021-02-12T16:32:53.653+0800][0.020s] Mark closed archive regions in map: [0x00000000fff00000, 0x00000000fff6aff8]
[2021-02-12T16:32:53.653+0800][0.020s] Mark open archive regions in map: [0x00000000ffe00000, 0x00000000ffe46ff8]
[2021-02-12T16:32:54.130+0800][0.498s] GC(0) Pause Young (Normal) (G1 Evacuation Pause)
[2021-02-12T16:32:54.131+0800][0.498s] GC(0) Using 8 workers of 8 for evacuation
[2021-02-12T16:32:54.147+0800][0.514s] GC(0)   Pre Evacuate Collection Set: 0.0ms
[2021-02-12T16:32:54.147+0800][0.514s] GC(0)   Evacuate Collection Set: 13.0ms
[2021-02-12T16:32:54.147+0800][0.514s] GC(0)   Post Evacuate Collection Set: 2.8ms
[2021-02-12T16:32:54.147+0800][0.514s] GC(0)   Other: 0.6ms
[2021-02-12T16:32:54.147+0800][0.514s] GC(0) Eden regions: 30->0(304)
[2021-02-12T16:32:54.147+0800][0.514s] GC(0) Survivor regions: 0->3(4)
[2021-02-12T16:32:54.147+0800][0.514s] GC(0) Old regions: 2->2
[2021-02-12T16:32:54.147+0800][0.514s] GC(0) Humongous regions: 0->0
[2021-02-12T16:32:54.147+0800][0.514s] GC(0) Metaspace: 6456K->6456K(1056768K)
[2021-02-12T16:32:54.147+0800][0.514s] GC(0) Pause Young (Normal) (G1 Evacuation Pause) 30M->3M(512M) 16.486ms
[2021-02-12T16:32:54.147+0800][0.514s] GC(0) User=0.09s Sys=0.00s Real=0.02s
[2021-02-12T16:32:55.101+0800][1.469s] GC(1) Pause Young (Concurrent Start) (Metadata GC Threshold)
[2021-02-12T16:32:55.101+0800][1.469s] GC(1) Using 8 workers of 8 for evacuation
[2021-02-12T16:32:55.119+0800][1.486s] GC(1)   Pre Evacuate Collection Set: 0.0ms
[2021-02-12T16:32:55.119+0800][1.486s] GC(1)   Evacuate Collection Set: 16.6ms
[2021-02-12T16:32:55.119+0800][1.486s] GC(1)   Post Evacuate Collection Set: 0.8ms
[2021-02-12T16:32:55.119+0800][1.486s] GC(1)   Other: 0.2ms
[2021-02-12T16:32:55.119+0800][1.486s] GC(1) Eden regions: 102->0(85)
[2021-02-12T16:32:55.119+0800][1.486s] GC(1) Survivor regions: 3->19(39)
[2021-02-12T16:32:55.119+0800][1.486s] GC(1) Old regions: 2->2
[2021-02-12T16:32:55.119+0800][1.486s] GC(1) Humongous regions: 4->4
[2021-02-12T16:32:55.119+0800][1.486s] GC(1) Metaspace: 20392K->20392K(1069056K)
[2021-02-12T16:32:55.119+0800][1.486s] GC(1) Pause Young (Concurrent Start) (Metadata GC Threshold) 109M->23M(512M) 17.722ms
[2021-02-12T16:32:55.119+0800][1.486s] GC(1) User=0.07s Sys=0.01s Real=0.02s
[2021-02-12T16:32:55.119+0800][1.486s] GC(2) Concurrent Cycle
[2021-02-12T16:32:55.119+0800][1.486s] GC(2) Concurrent Clear Claimed Marks
[2021-02-12T16:32:55.119+0800][1.486s] GC(2) Concurrent Clear Claimed Marks 0.060ms
[2021-02-12T16:32:55.119+0800][1.486s] GC(2) Concurrent Scan Root Regions
[2021-02-12T16:32:55.123+0800][1.491s] GC(2) Concurrent Scan Root Regions 4.195ms
[2021-02-12T16:32:55.123+0800][1.491s] GC(2) Concurrent Mark (1.491s)
[2021-02-12T16:32:55.123+0800][1.491s] GC(2) Concurrent Mark From Roots
[2021-02-12T16:32:55.123+0800][1.491s] GC(2) Using 2 workers of 2 for marking
[2021-02-12T16:32:55.126+0800][1.493s] GC(2) Concurrent Mark From Roots 2.221ms
[2021-02-12T16:32:55.126+0800][1.493s] GC(2) Concurrent Preclean
[2021-02-12T16:32:55.126+0800][1.493s] GC(2) Concurrent Preclean 0.093ms
[2021-02-12T16:32:55.126+0800][1.493s] GC(2) Concurrent Mark (1.491s, 1.493s) 2.349ms
[2021-02-12T16:32:55.126+0800][1.493s] GC(2) Pause Remark
[2021-02-12T16:32:55.128+0800][1.496s] GC(2) Cleaned string and symbol table, strings: 8659 processed, 0 removed, symbols: 61720 processed, 26 removed
[2021-02-12T16:32:55.129+0800][1.496s] GC(2) Pause Remark 23M->23M(512M) 2.732ms
[2021-02-12T16:32:55.129+0800][1.496s] GC(2) User=0.02s Sys=0.00s Real=0.00s
[2021-02-12T16:32:55.129+0800][1.496s] GC(2) Concurrent Rebuild Remembered Sets
[2021-02-12T16:32:55.131+0800][1.498s] GC(2) Concurrent Rebuild Remembered Sets 2.155ms
[2021-02-12T16:32:55.131+0800][1.498s] GC(2) Pause Cleanup
[2021-02-12T16:32:55.131+0800][1.498s] GC(2) Pause Cleanup 24M->24M(512M) 0.143ms
[2021-02-12T16:32:55.131+0800][1.498s] GC(2) User=0.00s Sys=0.00s Real=0.00s
[2021-02-12T16:32:55.131+0800][1.498s] GC(2) Concurrent Cleanup for Next Mark
[2021-02-12T16:32:55.131+0800][1.499s] GC(2) Concurrent Cleanup for Next Mark 0.365ms
[2021-02-12T16:32:55.131+0800][1.499s] GC(2) Concurrent Cycle 12.436ms
[2021-02-12T16:32:55.930+0800][2.297s] GC(3) Pause Young (Normal) (G1 Evacuation Pause)
[2021-02-12T16:32:55.930+0800][2.297s] GC(3) Using 8 workers of 8 for evacuation
[2021-02-12T16:32:55.944+0800][2.311s] GC(3)   Pre Evacuate Collection Set: 0.0ms
[2021-02-12T16:32:55.944+0800][2.311s] GC(3)   Evacuate Collection Set: 12.3ms
[2021-02-12T16:32:55.944+0800][2.311s] GC(3)   Post Evacuate Collection Set: 1.3ms
[2021-02-12T16:32:55.944+0800][2.311s] GC(3)   Other: 0.1ms
[2021-02-12T16:32:55.944+0800][2.311s] GC(3) Eden regions: 73->0(117)
[2021-02-12T16:32:55.944+0800][2.311s] GC(3) Survivor regions: 19->6(12)
[2021-02-12T16:32:55.944+0800][2.311s] GC(3) Old regions: 2->21
[2021-02-12T16:32:55.944+0800][2.311s] GC(3) Humongous regions: 4->4
[2021-02-12T16:32:55.944+0800][2.311s] GC(3) Metaspace: 30323K->30323K(1077248K)
[2021-02-12T16:32:55.944+0800][2.311s] GC(3) Pause Young (Normal) (G1 Evacuation Pause) 96M->28M(512M) 13.808ms
[2021-02-12T16:32:55.944+0800][2.311s] GC(3) User=0.10s Sys=0.00s Real=0.01s
[2021-02-12T16:32:57.238+0800][3.606s] GC(4) Pause Young (Concurrent Start) (Metadata GC Threshold)
[2021-02-12T16:32:57.238+0800][3.606s] GC(4) Using 8 workers of 8 for evacuation
[2021-02-12T16:32:57.244+0800][3.611s] GC(4)   Pre Evacuate Collection Set: 0.1ms
[2021-02-12T16:32:57.244+0800][3.611s] GC(4)   Evacuate Collection Set: 5.2ms
[2021-02-12T16:32:57.244+0800][3.611s] GC(4)   Post Evacuate Collection Set: 0.3ms
[2021-02-12T16:32:57.244+0800][3.611s] GC(4)   Other: 0.2ms
[2021-02-12T16:32:57.244+0800][3.611s] GC(4) Eden regions: 48->0(119)
[2021-02-12T16:32:57.244+0800][3.611s] GC(4) Survivor regions: 6->7(16)
[2021-02-12T16:32:57.244+0800][3.611s] GC(4) Old regions: 21->21
[2021-02-12T16:32:57.244+0800][3.611s] GC(4) Humongous regions: 4->4
[2021-02-12T16:32:57.244+0800][3.611s] GC(4) Metaspace: 34726K->34726K(1081344K)
[2021-02-12T16:32:57.244+0800][3.611s] GC(4) Pause Young (Concurrent Start) (Metadata GC Threshold) 76M->30M(512M) 5.831ms
[2021-02-12T16:32:57.244+0800][3.611s] GC(4) User=0.03s Sys=0.01s Real=0.00s
[2021-02-12T16:32:57.244+0800][3.611s] GC(5) Concurrent Cycle
[2021-02-12T16:32:57.244+0800][3.611s] GC(5) Concurrent Clear Claimed Marks
[2021-02-12T16:32:57.244+0800][3.612s] GC(5) Concurrent Clear Claimed Marks 0.021ms
[2021-02-12T16:32:57.244+0800][3.612s] GC(5) Concurrent Scan Root Regions
[2021-02-12T16:32:57.247+0800][3.614s] GC(5) Concurrent Scan Root Regions 2.528ms
[2021-02-12T16:32:57.247+0800][3.614s] GC(5) Concurrent Mark (3.614s)
[2021-02-12T16:32:57.247+0800][3.614s] GC(5) Concurrent Mark From Roots
[2021-02-12T16:32:57.247+0800][3.614s] GC(5) Using 2 workers of 2 for marking
[2021-02-12T16:32:57.264+0800][3.631s] GC(5) Concurrent Mark From Roots 16.736ms
[2021-02-12T16:32:57.264+0800][3.631s] GC(5) Concurrent Preclean
[2021-02-12T16:32:57.264+0800][3.631s] GC(5) Concurrent Preclean 0.139ms
[2021-02-12T16:32:57.264+0800][3.631s] GC(5) Concurrent Mark (3.614s, 3.631s) 16.938ms
[2021-02-12T16:32:57.264+0800][3.631s] GC(5) Pause Remark
[2021-02-12T16:32:57.268+0800][3.635s] GC(5) Cleaned string and symbol table, strings: 14562 processed, 25 removed, symbols: 102370 processed, 109 removed
[2021-02-12T16:32:57.268+0800][3.635s] GC(5) Pause Remark 35M->35M(512M) 4.018ms
[2021-02-12T16:32:57.268+0800][3.635s] GC(5) User=0.02s Sys=0.00s Real=0.01s
[2021-02-12T16:32:57.268+0800][3.635s] GC(5) Concurrent Rebuild Remembered Sets
[2021-02-12T16:32:57.280+0800][3.648s] GC(5) Concurrent Rebuild Remembered Sets 12.447ms
[2021-02-12T16:32:57.281+0800][3.648s] GC(5) Pause Cleanup
[2021-02-12T16:32:57.281+0800][3.648s] GC(5) Pause Cleanup 39M->39M(512M) 0.126ms
[2021-02-12T16:32:57.281+0800][3.648s] GC(5) User=0.00s Sys=0.00s Real=0.00s
[2021-02-12T16:32:57.281+0800][3.648s] GC(5) Concurrent Cleanup for Next Mark
[2021-02-12T16:32:57.282+0800][3.649s] GC(5) Concurrent Cleanup for Next Mark 0.755ms
[2021-02-12T16:32:57.282+0800][3.649s] GC(5) Concurrent Cycle 37.431ms
[2021-02-12T16:35:53.021+0800][179.388s] GC(6) Pause Young (Normal) (G1 Evacuation Pause)
[2021-02-12T16:35:53.021+0800][179.388s] GC(6) Using 8 workers of 8 for evacuation
[2021-02-12T16:35:53.036+0800][179.403s] GC(6)   Pre Evacuate Collection Set: 0.0ms
[2021-02-12T16:35:53.036+0800][179.403s] GC(6)   Evacuate Collection Set: 12.9ms
[2021-02-12T16:35:53.036+0800][179.403s] GC(6)   Post Evacuate Collection Set: 1.6ms
[2021-02-12T16:35:53.036+0800][179.403s] GC(6)   Other: 0.2ms
[2021-02-12T16:35:53.036+0800][179.403s] GC(6) Eden regions: 119->0(150)
[2021-02-12T16:35:53.036+0800][179.403s] GC(6) Survivor regions: 7->16(16)
[2021-02-12T16:35:53.036+0800][179.403s] GC(6) Old regions: 21->21
[2021-02-12T16:35:53.036+0800][179.403s] GC(6) Humongous regions: 7->5
[2021-02-12T16:35:53.036+0800][179.403s] GC(6) Metaspace: 43398K->43398K(1089536K)
[2021-02-12T16:35:53.036+0800][179.403s] GC(6) Pause Young (Normal) (G1 Evacuation Pause) 152M->40M(512M) 14.718ms
[2021-02-12T16:35:53.036+0800][179.403s] GC(6) User=0.07s Sys=0.00s Real=0.01s
[2021-02-12T16:35:53.880+0800][180.247s] GC(7) Pause Young (Normal) (G1 Evacuation Pause)
[2021-02-12T16:35:53.880+0800][180.247s] GC(7) Using 8 workers of 8 for evacuation
[2021-02-12T16:35:53.893+0800][180.260s] GC(7)   Pre Evacuate Collection Set: 0.0ms
[2021-02-12T16:35:53.893+0800][180.260s] GC(7)   Evacuate Collection Set: 12.3ms
[2021-02-12T16:35:53.893+0800][180.260s] GC(7)   Post Evacuate Collection Set: 0.5ms
[2021-02-12T16:35:53.893+0800][180.260s] GC(7)   Other: 0.2ms
[2021-02-12T16:35:53.893+0800][180.260s] GC(7) Eden regions: 150->0(206)
[2021-02-12T16:35:53.893+0800][180.260s] GC(7) Survivor regions: 16->13(21)
[2021-02-12T16:35:53.893+0800][180.260s] GC(7) Old regions: 21->28
[2021-02-12T16:35:53.893+0800][180.260s] GC(7) Humongous regions: 5->5
[2021-02-12T16:35:53.893+0800][180.260s] GC(7) Metaspace: 47989K->47989K(1093632K)
[2021-02-12T16:35:53.893+0800][180.260s] GC(7) Pause Young (Normal) (G1 Evacuation Pause) 190M->43M(512M) 13.083ms
[2021-02-12T16:35:53.893+0800][180.260s] GC(7) User=0.06s Sys=0.01s Real=0.01s
[2021-02-12T16:35:56.253+0800][182.621s] GC(8) Pause Young (Normal) (G1 Evacuation Pause)
[2021-02-12T16:35:56.253+0800][182.621s] GC(8) Using 8 workers of 8 for evacuation
[2021-02-12T16:35:56.274+0800][182.642s] GC(8)   Pre Evacuate Collection Set: 0.0ms
[2021-02-12T16:35:56.274+0800][182.642s] GC(8)   Evacuate Collection Set: 11.8ms
[2021-02-12T16:35:56.274+0800][182.642s] GC(8)   Post Evacuate Collection Set: 9.0ms
[2021-02-12T16:35:56.274+0800][182.642s] GC(8)   Other: 0.2ms
[2021-02-12T16:35:56.274+0800][182.642s] GC(8) Eden regions: 206->0(252)
[2021-02-12T16:35:56.274+0800][182.642s] GC(8) Survivor regions: 13->21(28)
[2021-02-12T16:35:56.274+0800][182.642s] GC(8) Old regions: 28->28
[2021-02-12T16:35:56.274+0800][182.642s] GC(8) Humongous regions: 8->8
[2021-02-12T16:35:56.275+0800][182.642s] GC(8) Metaspace: 55639K->55639K(1099776K)
[2021-02-12T16:35:56.275+0800][182.642s] GC(8) Pause Young (Normal) (G1 Evacuation Pause) 252M->53M(512M) 21.095ms
[2021-02-12T16:35:56.275+0800][182.642s] GC(8) User=0.12s Sys=0.01s Real=0.02s
[2021-02-12T16:38:33.647+0800][340.015s] GC(9) Pause Young (Concurrent Start) (Metadata GC Threshold)
[2021-02-12T16:38:33.647+0800][340.015s] GC(9) Using 8 workers of 8 for evacuation
[2021-02-12T16:38:33.664+0800][340.031s] GC(9)   Pre Evacuate Collection Set: 0.1ms
[2021-02-12T16:38:33.664+0800][340.031s] GC(9)   Evacuate Collection Set: 14.1ms
[2021-02-12T16:38:33.664+0800][340.031s] GC(9)   Post Evacuate Collection Set: 2.1ms
[2021-02-12T16:38:33.664+0800][340.031s] GC(9)   Other: 0.2ms
[2021-02-12T16:38:33.664+0800][340.031s] GC(9) Eden regions: 160->0(271)
[2021-02-12T16:38:33.664+0800][340.031s] GC(9) Survivor regions: 21->16(35)
[2021-02-12T16:38:33.664+0800][340.031s] GC(9) Old regions: 28->37
[2021-02-12T16:38:33.664+0800][340.031s] GC(9) Humongous regions: 8->8
[2021-02-12T16:38:33.664+0800][340.031s] GC(9) Metaspace: 58697K->58697K(1101824K)
[2021-02-12T16:38:33.664+0800][340.031s] GC(9) Pause Young (Concurrent Start) (Metadata GC Threshold) 213M->58M(512M) 16.537ms
[2021-02-12T16:38:33.664+0800][340.031s] GC(9) User=0.07s Sys=0.00s Real=0.01s
[2021-02-12T16:38:33.664+0800][340.031s] GC(10) Concurrent Cycle
[2021-02-12T16:38:33.664+0800][340.031s] GC(10) Concurrent Clear Claimed Marks
[2021-02-12T16:38:33.664+0800][340.031s] GC(10) Concurrent Clear Claimed Marks 0.119ms
[2021-02-12T16:38:33.664+0800][340.031s] GC(10) Concurrent Scan Root Regions
[2021-02-12T16:38:33.668+0800][340.036s] GC(10) Concurrent Scan Root Regions 4.306ms
[2021-02-12T16:38:33.668+0800][340.036s] GC(10) Concurrent Mark (340.036s)
[2021-02-12T16:38:33.668+0800][340.036s] GC(10) Concurrent Mark From Roots
[2021-02-12T16:38:33.668+0800][340.036s] GC(10) Using 2 workers of 2 for marking
[2021-02-12T16:38:33.694+0800][340.062s] GC(10) Concurrent Mark From Roots 26.159ms
[2021-02-12T16:38:33.695+0800][340.062s] GC(10) Concurrent Preclean
[2021-02-12T16:38:33.695+0800][340.062s] GC(10) Concurrent Preclean 0.256ms
[2021-02-12T16:38:33.695+0800][340.062s] GC(10) Concurrent Mark (340.036s, 340.062s) 26.484ms
[2021-02-12T16:38:33.695+0800][340.063s] GC(10) Pause Remark
[2021-02-12T16:38:33.705+0800][340.072s] GC(10) Cleaned string and symbol table, strings: 26502 processed, 14 removed, symbols: 157266 processed, 622 removed
[2021-02-12T16:38:33.705+0800][340.072s] GC(10) Pause Remark 61M->61M(512M) 9.481ms
[2021-02-12T16:38:33.705+0800][340.072s] GC(10) User=0.04s Sys=0.01s Real=0.01s
[2021-02-12T16:38:33.705+0800][340.072s] GC(10) Concurrent Rebuild Remembered Sets
[2021-02-12T16:38:33.726+0800][340.094s] GC(10) Concurrent Rebuild Remembered Sets 21.412ms
[2021-02-12T16:38:33.727+0800][340.094s] GC(10) Pause Cleanup
[2021-02-12T16:38:33.727+0800][340.094s] GC(10) Pause Cleanup 62M->62M(512M) 0.127ms
[2021-02-12T16:38:33.727+0800][340.094s] GC(10) User=0.00s Sys=0.00s Real=0.00s
[2021-02-12T16:38:33.727+0800][340.094s] GC(10) Concurrent Cleanup for Next Mark
[2021-02-12T16:38:33.728+0800][340.095s] GC(10) Concurrent Cleanup for Next Mark 0.931ms
[2021-02-12T16:38:33.728+0800][340.095s] GC(10) Concurrent Cycle 63.985ms
[2021-02-12T16:43:41.344+0800][647.711s] GC(11) Pause Young (Concurrent Start) (G1 Evacuation Pause)
[2021-02-12T16:43:41.344+0800][647.711s] GC(11) Using 8 workers of 8 for evacuation
[2021-02-12T16:43:41.388+0800][647.756s] GC(11)   Pre Evacuate Collection Set: 0.2ms
[2021-02-12T16:43:41.388+0800][647.756s] GC(11)   Evacuate Collection Set: 41.8ms
[2021-02-12T16:43:41.388+0800][647.756s] GC(11)   Post Evacuate Collection Set: 2.1ms
[2021-02-12T16:43:41.388+0800][647.756s] GC(11)   Other: 0.3ms
[2021-02-12T16:43:41.388+0800][647.756s] GC(11) Eden regions: 271->0(280)
[2021-02-12T16:43:41.388+0800][647.756s] GC(11) Survivor regions: 16->27(36)
[2021-02-12T16:43:41.388+0800][647.756s] GC(11) Old regions: 37->37
[2021-02-12T16:43:41.388+0800][647.756s] GC(11) Humongous regions: 25->8
[2021-02-12T16:43:41.388+0800][647.756s] GC(11) Metaspace: 72891K->72891K(1116160K)
[2021-02-12T16:43:41.388+0800][647.756s] GC(11) Pause Young (Concurrent Start) (G1 Evacuation Pause) 346M->69M(512M) 44.451ms
[2021-02-12T16:43:41.388+0800][647.756s] GC(11) User=0.11s Sys=0.02s Real=0.05s
[2021-02-12T16:43:41.388+0800][647.756s] GC(12) Concurrent Cycle
[2021-02-12T16:43:41.388+0800][647.756s] GC(12) Concurrent Clear Claimed Marks
[2021-02-12T16:43:41.389+0800][647.756s] GC(12) Concurrent Clear Claimed Marks 0.382ms
[2021-02-12T16:43:41.389+0800][647.756s] GC(12) Concurrent Scan Root Regions
[2021-02-12T16:43:41.401+0800][647.768s] GC(12) Concurrent Scan Root Regions 11.719ms
[2021-02-12T16:43:41.401+0800][647.768s] GC(12) Concurrent Mark (647.768s)
[2021-02-12T16:43:41.401+0800][647.768s] GC(12) Concurrent Mark From Roots
[2021-02-12T16:43:41.401+0800][647.768s] GC(12) Using 2 workers of 2 for marking
[2021-02-12T16:43:41.434+0800][647.801s] GC(12) Concurrent Mark From Roots 33.078ms
[2021-02-12T16:43:41.434+0800][647.801s] GC(12) Concurrent Preclean
[2021-02-12T16:43:41.434+0800][647.802s] GC(12) Concurrent Preclean 0.521ms
[2021-02-12T16:43:41.434+0800][647.802s] GC(12) Concurrent Mark (647.768s, 647.802s) 33.682ms
[2021-02-12T16:43:41.435+0800][647.802s] GC(12) Pause Remark
[2021-02-12T16:43:41.448+0800][647.816s] GC(12) Cleaned string and symbol table, strings: 34979 processed, 953 removed, symbols: 198410 processed, 86 removed
[2021-02-12T16:43:41.449+0800][647.816s] GC(12) Pause Remark 89M->89M(512M) 14.034ms
[2021-02-12T16:43:41.449+0800][647.816s] GC(12) User=0.08s Sys=0.00s Real=0.02s
[2021-02-12T16:43:41.449+0800][647.816s] GC(12) Concurrent Rebuild Remembered Sets
[2021-02-12T16:43:41.473+0800][647.841s] GC(12) Concurrent Rebuild Remembered Sets 24.399ms
[2021-02-12T16:43:41.473+0800][647.841s] GC(12) Pause Cleanup
[2021-02-12T16:43:41.474+0800][647.841s] GC(12) Pause Cleanup 93M->93M(512M) 0.118ms
[2021-02-12T16:43:41.474+0800][647.841s] GC(12) User=0.00s Sys=0.00s Real=0.00s
[2021-02-12T16:43:41.474+0800][647.841s] GC(12) Concurrent Cleanup for Next Mark
[2021-02-12T16:43:41.475+0800][647.842s] GC(12) Concurrent Cleanup for Next Mark 1.053ms
[2021-02-12T16:43:41.475+0800][647.842s] GC(12) Concurrent Cycle 86.307ms
[2021-02-12T16:44:15.905+0800][682.273s] Heap
[2021-02-12T16:44:15.905+0800][682.273s]  garbage-first heap   total 524288K, used 207247K [0x00000000e0000000, 0x0000000100000000)
[2021-02-12T16:44:15.905+0800][682.273s]   region size 1024K, 162 young (165888K), 27 survivors (27648K)
[2021-02-12T16:44:15.905+0800][682.273s]  Metaspace       used 73680K, capacity 75551K, committed 75780K, reserved 1116160K
[2021-02-12T16:44:15.905+0800][682.273s]   class space    used 8419K, capacity 9209K, committed 9344K, reserved 1048576K
