[2021-03-22T19:02:12.952+0800][0.007s] Heap region size: 1M
[2021-03-22T19:02:12.965+0800][0.020s] Using G1
[2021-03-22T19:02:12.965+0800][0.020s] Heap address: 0x00000000e0000000, size: 512 MB, Compressed Oops mode: 32-bit
[2021-03-22T19:02:12.966+0800][0.021s] Mark closed archive regions in map: [0x00000000fff00000, 0x00000000fff6aff8]
[2021-03-22T19:02:12.966+0800][0.021s] Mark open archive regions in map: [0x00000000ffe00000, 0x00000000ffe46ff8]
[2021-03-22T19:02:13.462+0800][0.517s] GC(0) Pause Young (Normal) (G1 Evacuation Pause)
[2021-03-22T19:02:13.463+0800][0.518s] GC(0) Using 8 workers of 8 for evacuation
[2021-03-22T19:02:13.473+0800][0.528s] GC(0)   Pre Evacuate Collection Set: 0.0ms
[2021-03-22T19:02:13.473+0800][0.528s] GC(0)   Evacuate Collection Set: 8.7ms
[2021-03-22T19:02:13.473+0800][0.528s] GC(0)   Post Evacuate Collection Set: 1.0ms
[2021-03-22T19:02:13.473+0800][0.528s] GC(0)   Other: 0.6ms
[2021-03-22T19:02:13.473+0800][0.528s] GC(0) Eden regions: 30->0(304)
[2021-03-22T19:02:13.473+0800][0.528s] GC(0) Survivor regions: 0->3(4)
[2021-03-22T19:02:13.473+0800][0.528s] GC(0) Old regions: 2->2
[2021-03-22T19:02:13.473+0800][0.528s] GC(0) Humongous regions: 0->0
[2021-03-22T19:02:13.473+0800][0.528s] GC(0) Metaspace: 6313K->6313K(1056768K)
[2021-03-22T19:02:13.473+0800][0.528s] GC(0) Pause Young (Normal) (G1 Evacuation Pause) 30M->3M(512M) 10.421ms
[2021-03-22T19:02:13.473+0800][0.528s] GC(0) User=0.06s Sys=0.00s Real=0.02s
[2021-03-22T19:02:14.595+0800][1.650s] GC(1) Pause Young (Concurrent Start) (Metadata GC Threshold)
[2021-03-22T19:02:14.595+0800][1.650s] GC(1) Using 8 workers of 8 for evacuation
[2021-03-22T19:02:14.614+0800][1.668s] GC(1)   Pre Evacuate Collection Set: 0.1ms
[2021-03-22T19:02:14.614+0800][1.669s] GC(1)   Evacuate Collection Set: 16.3ms
[2021-03-22T19:02:14.614+0800][1.669s] GC(1)   Post Evacuate Collection Set: 1.7ms
[2021-03-22T19:02:14.614+0800][1.669s] GC(1)   Other: 0.3ms
[2021-03-22T19:02:14.614+0800][1.669s] GC(1) Eden regions: 106->0(87)
[2021-03-22T19:02:14.614+0800][1.669s] GC(1) Survivor regions: 3->19(39)
[2021-03-22T19:02:14.614+0800][1.669s] GC(1) Old regions: 2->2
[2021-03-22T19:02:14.614+0800][1.669s] GC(1) Humongous regions: 4->4
[2021-03-22T19:02:14.614+0800][1.669s] GC(1) Metaspace: 20458K->20458K(1069056K)
[2021-03-22T19:02:14.614+0800][1.669s] GC(1) Pause Young (Concurrent Start) (Metadata GC Threshold) 112M->23M(512M) 18.409ms
[2021-03-22T19:02:14.614+0800][1.669s] GC(1) User=0.09s Sys=0.02s Real=0.02s
[2021-03-22T19:02:14.614+0800][1.669s] GC(2) Concurrent Cycle
[2021-03-22T19:02:14.614+0800][1.669s] GC(2) Concurrent Clear Claimed Marks
[2021-03-22T19:02:14.614+0800][1.669s] GC(2) Concurrent Clear Claimed Marks 0.053ms
[2021-03-22T19:02:14.614+0800][1.669s] GC(2) Concurrent Scan Root Regions
[2021-03-22T19:02:14.622+0800][1.677s] GC(2) Concurrent Scan Root Regions 7.851ms
[2021-03-22T19:02:14.622+0800][1.677s] GC(2) Concurrent Mark (1.677s)
[2021-03-22T19:02:14.622+0800][1.677s] GC(2) Concurrent Mark From Roots
[2021-03-22T19:02:14.622+0800][1.677s] GC(2) Using 2 workers of 2 for marking
[2021-03-22T19:02:14.625+0800][1.680s] GC(2) Concurrent Mark From Roots 3.461ms
[2021-03-22T19:02:14.625+0800][1.680s] GC(2) Concurrent Preclean
[2021-03-22T19:02:14.625+0800][1.680s] GC(2) Concurrent Preclean 0.126ms
[2021-03-22T19:02:14.625+0800][1.680s] GC(2) Concurrent Mark (1.677s, 1.680s) 3.650ms
[2021-03-22T19:02:14.625+0800][1.680s] GC(2) Pause Remark
[2021-03-22T19:02:14.630+0800][1.685s] GC(2) Cleaned string and symbol table, strings: 8673 processed, 0 removed, symbols: 61840 processed, 26 removed
[2021-03-22T19:02:14.631+0800][1.686s] GC(2) Pause Remark 23M->23M(512M) 5.359ms
[2021-03-22T19:02:14.631+0800][1.686s] GC(2) User=0.01s Sys=0.00s Real=0.01s
[2021-03-22T19:02:14.631+0800][1.686s] GC(2) Concurrent Rebuild Remembered Sets
[2021-03-22T19:02:14.635+0800][1.690s] GC(2) Concurrent Rebuild Remembered Sets 3.694ms
[2021-03-22T19:02:14.635+0800][1.690s] GC(2) Pause Cleanup
[2021-03-22T19:02:14.635+0800][1.690s] GC(2) Pause Cleanup 23M->23M(512M) 0.230ms
[2021-03-22T19:02:14.635+0800][1.690s] GC(2) User=0.00s Sys=0.00s Real=0.00s
[2021-03-22T19:02:14.635+0800][1.690s] GC(2) Concurrent Cleanup for Next Mark
[2021-03-22T19:02:14.636+0800][1.691s] GC(2) Concurrent Cleanup for Next Mark 0.799ms
[2021-03-22T19:02:14.636+0800][1.691s] GC(2) Concurrent Cycle 22.522ms
[2021-03-22T19:02:15.627+0800][2.682s] GC(3) Pause Young (Normal) (G1 Evacuation Pause)
[2021-03-22T19:02:15.627+0800][2.682s] GC(3) Using 8 workers of 8 for evacuation
[2021-03-22T19:02:15.646+0800][2.701s] GC(3)   Pre Evacuate Collection Set: 0.0ms
[2021-03-22T19:02:15.646+0800][2.701s] GC(3)   Evacuate Collection Set: 18.3ms
[2021-03-22T19:02:15.646+0800][2.701s] GC(3)   Post Evacuate Collection Set: 1.3ms
[2021-03-22T19:02:15.646+0800][2.701s] GC(3)   Other: 0.1ms
[2021-03-22T19:02:15.646+0800][2.701s] GC(3) Eden regions: 74->0(135)
[2021-03-22T19:02:15.646+0800][2.701s] GC(3) Survivor regions: 19->5(12)
[2021-03-22T19:02:15.646+0800][2.701s] GC(3) Old regions: 2->21
[2021-03-22T19:02:15.646+0800][2.701s] GC(3) Humongous regions: 4->4
[2021-03-22T19:02:15.646+0800][2.701s] GC(3) Metaspace: 28675K->28675K(1075200K)
[2021-03-22T19:02:15.646+0800][2.701s] GC(3) Pause Young (Normal) (G1 Evacuation Pause) 97M->27M(512M) 19.765ms
[2021-03-22T19:02:15.646+0800][2.701s] GC(3) User=0.12s Sys=0.00s Real=0.02s
[2021-03-22T19:02:47.939+0800][34.994s] GC(4) Pause Young (Concurrent Start) (Metadata GC Threshold)
[2021-03-22T19:02:47.940+0800][34.994s] GC(4) Using 8 workers of 8 for evacuation
[2021-03-22T19:02:47.945+0800][35.000s] GC(4)   Pre Evacuate Collection Set: 0.1ms
[2021-03-22T19:02:47.945+0800][35.000s] GC(4)   Evacuate Collection Set: 4.5ms
[2021-03-22T19:02:47.945+0800][35.000s] GC(4)   Post Evacuate Collection Set: 0.4ms
[2021-03-22T19:02:47.945+0800][35.000s] GC(4)   Other: 0.2ms
[2021-03-22T19:02:47.945+0800][35.000s] GC(4) Eden regions: 76->0(165)
[2021-03-22T19:02:47.945+0800][35.000s] GC(4) Survivor regions: 5->7(18)
[2021-03-22T19:02:47.945+0800][35.000s] GC(4) Old regions: 21->21
[2021-03-22T19:02:47.945+0800][35.000s] GC(4) Humongous regions: 4->4
[2021-03-22T19:02:47.945+0800][35.000s] GC(4) Metaspace: 34856K->34856K(1081344K)
[2021-03-22T19:02:47.945+0800][35.000s] GC(4) Pause Young (Concurrent Start) (Metadata GC Threshold) 103M->29M(512M) 5.299ms
[2021-03-22T19:02:47.945+0800][35.000s] GC(4) User=0.03s Sys=0.00s Real=0.01s
[2021-03-22T19:02:47.945+0800][35.000s] GC(5) Concurrent Cycle
[2021-03-22T19:02:47.945+0800][35.000s] GC(5) Concurrent Clear Claimed Marks
[2021-03-22T19:02:47.945+0800][35.000s] GC(5) Concurrent Clear Claimed Marks 0.031ms
[2021-03-22T19:02:47.945+0800][35.000s] GC(5) Concurrent Scan Root Regions
[2021-03-22T19:02:47.947+0800][35.002s] GC(5) Concurrent Scan Root Regions 2.102ms
[2021-03-22T19:02:47.947+0800][35.002s] GC(5) Concurrent Mark (35.002s)
[2021-03-22T19:02:47.947+0800][35.002s] GC(5) Concurrent Mark From Roots
[2021-03-22T19:02:47.947+0800][35.002s] GC(5) Using 2 workers of 2 for marking
[2021-03-22T19:02:47.969+0800][35.024s] GC(5) Concurrent Mark From Roots 21.557ms
[2021-03-22T19:02:47.969+0800][35.024s] GC(5) Concurrent Preclean
[2021-03-22T19:02:47.969+0800][35.024s] GC(5) Concurrent Preclean 0.180ms
[2021-03-22T19:02:47.969+0800][35.024s] GC(5) Concurrent Mark (35.002s, 35.024s) 21.797ms
[2021-03-22T19:02:47.969+0800][35.024s] GC(5) Pause Remark
[2021-03-22T19:02:47.972+0800][35.027s] GC(5) Cleaned string and symbol table, strings: 14628 processed, 27 removed, symbols: 102713 processed, 149 removed
[2021-03-22T19:02:47.973+0800][35.027s] GC(5) Pause Remark 32M->32M(512M) 3.460ms
[2021-03-22T19:02:47.973+0800][35.027s] GC(5) User=0.02s Sys=0.00s Real=0.01s
[2021-03-22T19:02:47.973+0800][35.028s] GC(5) Concurrent Rebuild Remembered Sets
[2021-03-22T19:02:47.985+0800][35.040s] GC(5) Concurrent Rebuild Remembered Sets 12.758ms
[2021-03-22T19:02:47.986+0800][35.041s] GC(5) Pause Cleanup
[2021-03-22T19:02:47.986+0800][35.041s] GC(5) Pause Cleanup 34M->34M(512M) 0.109ms
[2021-03-22T19:02:47.986+0800][35.041s] GC(5) User=0.00s Sys=0.00s Real=0.00s
[2021-03-22T19:02:47.986+0800][35.041s] GC(5) Concurrent Cleanup for Next Mark
[2021-03-22T19:02:47.987+0800][35.042s] GC(5) Concurrent Cleanup for Next Mark 0.770ms
[2021-03-22T19:02:47.987+0800][35.042s] GC(5) Concurrent Cycle 42.033ms
[2021-03-22T19:02:48.844+0800][35.899s] GC(6) Pause Young (Normal) (G1 Evacuation Pause)
[2021-03-22T19:02:48.844+0800][35.899s] GC(6) Using 8 workers of 8 for evacuation
[2021-03-22T19:02:48.858+0800][35.913s] GC(6)   Pre Evacuate Collection Set: 0.0ms
[2021-03-22T19:02:48.858+0800][35.913s] GC(6)   Evacuate Collection Set: 8.6ms
[2021-03-22T19:02:48.858+0800][35.913s] GC(6)   Post Evacuate Collection Set: 5.5ms
[2021-03-22T19:02:48.858+0800][35.913s] GC(6)   Other: 0.2ms
[2021-03-22T19:02:48.858+0800][35.913s] GC(6) Eden regions: 165->0(206)
[2021-03-22T19:02:48.858+0800][35.913s] GC(6) Survivor regions: 7->13(22)
[2021-03-22T19:02:48.858+0800][35.913s] GC(6) Old regions: 21->21
[2021-03-22T19:02:48.858+0800][35.913s] GC(6) Humongous regions: 5->4
[2021-03-22T19:02:48.858+0800][35.913s] GC(6) Metaspace: 42698K->42698K(1087488K)
[2021-03-22T19:02:48.858+0800][35.913s] GC(6) Pause Young (Normal) (G1 Evacuation Pause) 195M->35M(512M) 14.390ms
[2021-03-22T19:02:48.858+0800][35.913s] GC(6) User=0.09s Sys=0.00s Real=0.01s
[2021-03-22T19:02:49.596+0800][36.651s] GC(7) Pause Young (Normal) (G1 Evacuation Pause)
[2021-03-22T19:02:49.596+0800][36.651s] GC(7) Using 8 workers of 8 for evacuation
[2021-03-22T19:02:49.604+0800][36.659s] GC(7)   Pre Evacuate Collection Set: 0.0ms
[2021-03-22T19:02:49.604+0800][36.659s] GC(7)   Evacuate Collection Set: 7.4ms
[2021-03-22T19:02:49.604+0800][36.659s] GC(7)   Post Evacuate Collection Set: 0.7ms
[2021-03-22T19:02:49.604+0800][36.659s] GC(7)   Other: 0.2ms
[2021-03-22T19:02:49.604+0800][36.659s] GC(7) Eden regions: 206->0(289)
[2021-03-22T19:02:49.604+0800][36.659s] GC(7) Survivor regions: 13->17(28)
[2021-03-22T19:02:49.604+0800][36.659s] GC(7) Old regions: 21->21
[2021-03-22T19:02:49.604+0800][36.659s] GC(7) Humongous regions: 4->4
[2021-03-22T19:02:49.604+0800][36.659s] GC(7) Metaspace: 46853K->46853K(1091584K)
[2021-03-22T19:02:49.604+0800][36.659s] GC(7) Pause Young (Normal) (G1 Evacuation Pause) 241M->39M(512M) 8.377ms
[2021-03-22T19:02:49.604+0800][36.659s] GC(7) User=0.05s Sys=0.00s Real=0.01s
[2021-03-22T19:04:03.150+0800][110.205s] GC(8) Pause Young (Concurrent Start) (Metadata GC Threshold)
[2021-03-22T19:04:03.150+0800][110.205s] GC(8) Using 8 workers of 8 for evacuation
[2021-03-22T19:04:03.185+0800][110.240s] GC(8)   Pre Evacuate Collection Set: 0.2ms
[2021-03-22T19:04:03.185+0800][110.240s] GC(8)   Evacuate Collection Set: 30.0ms
[2021-03-22T19:04:03.185+0800][110.240s] GC(8)   Post Evacuate Collection Set: 4.3ms
[2021-03-22T19:04:03.185+0800][110.240s] GC(8)   Other: 0.3ms
[2021-03-22T19:04:03.185+0800][110.240s] GC(8) Eden regions: 149->0(283)
[2021-03-22T19:04:03.185+0800][110.240s] GC(8) Survivor regions: 17->24(39)
[2021-03-22T19:04:03.185+0800][110.240s] GC(8) Old regions: 21->21
[2021-03-22T19:04:03.185+0800][110.240s] GC(8) Humongous regions: 7->7
[2021-03-22T19:04:03.185+0800][110.240s] GC(8) Metaspace: 58654K->58654K(1101824K)
[2021-03-22T19:04:03.185+0800][110.240s] GC(8) Pause Young (Concurrent Start) (Metadata GC Threshold) 191M->49M(512M) 34.935ms
[2021-03-22T19:04:03.185+0800][110.240s] GC(8) User=0.12s Sys=0.00s Real=0.04s
[2021-03-22T19:04:03.185+0800][110.240s] GC(9) Concurrent Cycle
[2021-03-22T19:04:03.185+0800][110.240s] GC(9) Concurrent Clear Claimed Marks
[2021-03-22T19:04:03.185+0800][110.240s] GC(9) Concurrent Clear Claimed Marks 0.170ms
[2021-03-22T19:04:03.185+0800][110.240s] GC(9) Concurrent Scan Root Regions
[2021-03-22T19:04:03.193+0800][110.248s] GC(9) Concurrent Scan Root Regions 7.611ms
[2021-03-22T19:04:03.193+0800][110.248s] GC(9) Concurrent Mark (110.248s)
[2021-03-22T19:04:03.193+0800][110.248s] GC(9) Concurrent Mark From Roots
[2021-03-22T19:04:03.193+0800][110.248s] GC(9) Using 2 workers of 2 for marking
[2021-03-22T19:04:03.217+0800][110.272s] GC(9) Concurrent Mark From Roots 23.537ms
[2021-03-22T19:04:03.217+0800][110.272s] GC(9) Concurrent Preclean
[2021-03-22T19:04:03.217+0800][110.272s] GC(9) Concurrent Preclean 0.236ms
[2021-03-22T19:04:03.217+0800][110.272s] GC(9) Concurrent Mark (110.248s, 110.272s) 23.842ms
[2021-03-22T19:04:03.217+0800][110.272s] GC(9) Pause Remark
[2021-03-22T19:04:03.244+0800][110.299s] GC(9) Cleaned string and symbol table, strings: 26798 processed, 0 removed, symbols: 156216 processed, 563 removed
[2021-03-22T19:04:03.244+0800][110.299s] GC(9) Pause Remark 52M->52M(512M) 27.102ms
[2021-03-22T19:04:03.244+0800][110.299s] GC(9) User=0.13s Sys=0.00s Real=0.03s
[2021-03-22T19:04:03.245+0800][110.300s] GC(9) Concurrent Rebuild Remembered Sets
[2021-03-22T19:04:03.257+0800][110.312s] GC(9) Concurrent Rebuild Remembered Sets 12.109ms
[2021-03-22T19:04:03.257+0800][110.312s] GC(9) Pause Cleanup
[2021-03-22T19:04:03.257+0800][110.312s] GC(9) Pause Cleanup 52M->52M(512M) 0.171ms
[2021-03-22T19:04:03.257+0800][110.312s] GC(9) User=0.00s Sys=0.00s Real=0.00s
[2021-03-22T19:04:03.257+0800][110.312s] GC(9) Concurrent Cleanup for Next Mark
[2021-03-22T19:04:03.258+0800][110.313s] GC(9) Concurrent Cleanup for Next Mark 1.032ms
[2021-03-22T19:04:03.258+0800][110.313s] GC(9) Concurrent Cycle 73.231ms
