[2021-03-28T16:56:41.505+0800][0.008s] Heap region size: 1M
[2021-03-28T16:56:41.519+0800][0.022s] Using G1
[2021-03-28T16:56:41.519+0800][0.022s] Heap address: 0x00000000e0000000, size: 512 MB, Compressed Oops mode: 32-bit
[2021-03-28T16:56:41.519+0800][0.023s] Mark closed archive regions in map: [0x00000000fff00000, 0x00000000fff6aff8]
[2021-03-28T16:56:41.519+0800][0.023s] Mark open archive regions in map: [0x00000000ffe00000, 0x00000000ffe46ff8]
[2021-03-28T16:56:42.023+0800][0.526s] GC(0) Pause Young (Normal) (G1 Evacuation Pause)
[2021-03-28T16:56:42.024+0800][0.527s] GC(0) Using 8 workers of 8 for evacuation
[2021-03-28T16:56:42.038+0800][0.541s] GC(0)   Pre Evacuate Collection Set: 0.0ms
[2021-03-28T16:56:42.038+0800][0.541s] GC(0)   Evacuate Collection Set: 8.8ms
[2021-03-28T16:56:42.038+0800][0.541s] GC(0)   Post Evacuate Collection Set: 4.7ms
[2021-03-28T16:56:42.038+0800][0.541s] GC(0)   Other: 1.0ms
[2021-03-28T16:56:42.038+0800][0.541s] GC(0) Eden regions: 30->0(304)
[2021-03-28T16:56:42.038+0800][0.541s] GC(0) Survivor regions: 0->3(4)
[2021-03-28T16:56:42.038+0800][0.541s] GC(0) Old regions: 2->2
[2021-03-28T16:56:42.038+0800][0.541s] GC(0) Humongous regions: 0->0
[2021-03-28T16:56:42.038+0800][0.541s] GC(0) Metaspace: 6298K->6298K(1056768K)
[2021-03-28T16:56:42.038+0800][0.541s] GC(0) Pause Young (Normal) (G1 Evacuation Pause) 30M->3M(512M) 14.700ms
[2021-03-28T16:56:42.038+0800][0.541s] GC(0) User=0.10s Sys=0.00s Real=0.01s
[2021-03-28T16:56:43.386+0800][1.889s] GC(1) Pause Young (Concurrent Start) (Metadata GC Threshold)
[2021-03-28T16:56:43.386+0800][1.889s] GC(1) Using 8 workers of 8 for evacuation
[2021-03-28T16:56:43.405+0800][1.908s] GC(1)   Pre Evacuate Collection Set: 0.1ms
[2021-03-28T16:56:43.405+0800][1.908s] GC(1)   Evacuate Collection Set: 15.9ms
[2021-03-28T16:56:43.405+0800][1.908s] GC(1)   Post Evacuate Collection Set: 2.6ms
[2021-03-28T16:56:43.405+0800][1.908s] GC(1)   Other: 0.4ms
[2021-03-28T16:56:43.405+0800][1.908s] GC(1) Eden regions: 106->0(82)
[2021-03-28T16:56:43.405+0800][1.908s] GC(1) Survivor regions: 3->19(39)
[2021-03-28T16:56:43.405+0800][1.908s] GC(1) Old regions: 2->2
[2021-03-28T16:56:43.405+0800][1.908s] GC(1) Humongous regions: 4->4
[2021-03-28T16:56:43.405+0800][1.908s] GC(1) Metaspace: 20404K->20404K(1069056K)
[2021-03-28T16:56:43.405+0800][1.908s] GC(1) Pause Young (Concurrent Start) (Metadata GC Threshold) 112M->23M(512M) 19.032ms
[2021-03-28T16:56:43.405+0800][1.908s] GC(1) User=0.09s Sys=0.01s Real=0.02s
[2021-03-28T16:56:43.405+0800][1.908s] GC(2) Concurrent Cycle
[2021-03-28T16:56:43.405+0800][1.908s] GC(2) Concurrent Clear Claimed Marks
[2021-03-28T16:56:43.405+0800][1.908s] GC(2) Concurrent Clear Claimed Marks 0.057ms
[2021-03-28T16:56:43.405+0800][1.908s] GC(2) Concurrent Scan Root Regions
[2021-03-28T16:56:43.413+0800][1.916s] GC(2) Concurrent Scan Root Regions 7.841ms
[2021-03-28T16:56:43.413+0800][1.916s] GC(2) Concurrent Mark (1.916s)
[2021-03-28T16:56:43.413+0800][1.916s] GC(2) Concurrent Mark From Roots
[2021-03-28T16:56:43.413+0800][1.916s] GC(2) Using 2 workers of 2 for marking
[2021-03-28T16:56:43.417+0800][1.921s] GC(2) Concurrent Mark From Roots 4.456ms
[2021-03-28T16:56:43.417+0800][1.921s] GC(2) Concurrent Preclean
[2021-03-28T16:56:43.417+0800][1.921s] GC(2) Concurrent Preclean 0.102ms
[2021-03-28T16:56:43.417+0800][1.921s] GC(2) Concurrent Mark (1.916s, 1.921s) 4.605ms
[2021-03-28T16:56:43.417+0800][1.921s] GC(2) Pause Remark
[2021-03-28T16:56:43.420+0800][1.924s] GC(2) Cleaned string and symbol table, strings: 8683 processed, 0 removed, symbols: 61840 processed, 26 removed
[2021-03-28T16:56:43.420+0800][1.924s] GC(2) Pause Remark 24M->24M(512M) 2.792ms
[2021-03-28T16:56:43.420+0800][1.924s] GC(2) User=0.02s Sys=0.00s Real=0.01s
[2021-03-28T16:56:43.420+0800][1.924s] GC(2) Concurrent Rebuild Remembered Sets
[2021-03-28T16:56:43.423+0800][1.927s] GC(2) Concurrent Rebuild Remembered Sets 2.817ms
[2021-03-28T16:56:43.423+0800][1.927s] GC(2) Pause Cleanup
[2021-03-28T16:56:43.423+0800][1.927s] GC(2) Pause Cleanup 24M->24M(512M) 0.190ms
[2021-03-28T16:56:43.423+0800][1.927s] GC(2) User=0.00s Sys=0.00s Real=0.00s
[2021-03-28T16:56:43.424+0800][1.927s] GC(2) Concurrent Cleanup for Next Mark
[2021-03-28T16:56:43.425+0800][1.928s] GC(2) Concurrent Cleanup for Next Mark 1.037ms
[2021-03-28T16:56:43.425+0800][1.928s] GC(2) Concurrent Cycle 19.835ms
[2021-03-28T16:56:44.352+0800][2.856s] GC(3) Pause Young (Normal) (G1 Evacuation Pause)
[2021-03-28T16:56:44.352+0800][2.856s] GC(3) Using 8 workers of 8 for evacuation
[2021-03-28T16:56:44.373+0800][2.877s] GC(3)   Pre Evacuate Collection Set: 0.0ms
[2021-03-28T16:56:44.373+0800][2.877s] GC(3)   Evacuate Collection Set: 19.5ms
[2021-03-28T16:56:44.373+0800][2.877s] GC(3)   Post Evacuate Collection Set: 1.3ms
[2021-03-28T16:56:44.373+0800][2.877s] GC(3)   Other: 0.1ms
[2021-03-28T16:56:44.373+0800][2.877s] GC(3) Eden regions: 73->0(125)
[2021-03-28T16:56:44.373+0800][2.877s] GC(3) Survivor regions: 19->6(12)
[2021-03-28T16:56:44.373+0800][2.877s] GC(3) Old regions: 2->21
[2021-03-28T16:56:44.373+0800][2.877s] GC(3) Humongous regions: 4->4
[2021-03-28T16:56:44.373+0800][2.877s] GC(3) Metaspace: 29863K->29863K(1077248K)
[2021-03-28T16:56:44.373+0800][2.877s] GC(3) Pause Young (Normal) (G1 Evacuation Pause) 96M->28M(512M) 21.047ms
[2021-03-28T16:56:44.373+0800][2.877s] GC(3) User=0.11s Sys=0.01s Real=0.02s
[2021-03-28T16:57:15.057+0800][33.561s] GC(4) Pause Young (Concurrent Start) (Metadata GC Threshold)
[2021-03-28T16:57:15.057+0800][33.561s] GC(4) Using 8 workers of 8 for evacuation
[2021-03-28T16:57:15.063+0800][33.567s] GC(4)   Pre Evacuate Collection Set: 0.1ms
[2021-03-28T16:57:15.063+0800][33.567s] GC(4)   Evacuate Collection Set: 5.1ms
[2021-03-28T16:57:15.063+0800][33.567s] GC(4)   Post Evacuate Collection Set: 0.4ms
[2021-03-28T16:57:15.063+0800][33.567s] GC(4)   Other: 0.3ms
[2021-03-28T16:57:15.063+0800][33.567s] GC(4) Eden regions: 60->0(125)
[2021-03-28T16:57:15.063+0800][33.567s] GC(4) Survivor regions: 6->8(17)
[2021-03-28T16:57:15.063+0800][33.567s] GC(4) Old regions: 21->21
[2021-03-28T16:57:15.063+0800][33.567s] GC(4) Humongous regions: 4->4
[2021-03-28T16:57:15.063+0800][33.567s] GC(4) Metaspace: 34725K->34725K(1081344K)
[2021-03-28T16:57:15.063+0800][33.567s] GC(4) Pause Young (Concurrent Start) (Metadata GC Threshold) 88M->30M(512M) 5.997ms
[2021-03-28T16:57:15.063+0800][33.567s] GC(4) User=0.03s Sys=0.00s Real=0.01s
[2021-03-28T16:57:15.063+0800][33.567s] GC(5) Concurrent Cycle
[2021-03-28T16:57:15.063+0800][33.567s] GC(5) Concurrent Clear Claimed Marks
[2021-03-28T16:57:15.063+0800][33.567s] GC(5) Concurrent Clear Claimed Marks 0.028ms
[2021-03-28T16:57:15.063+0800][33.567s] GC(5) Concurrent Scan Root Regions
[2021-03-28T16:57:15.066+0800][33.570s] GC(5) Concurrent Scan Root Regions 2.757ms
[2021-03-28T16:57:15.066+0800][33.570s] GC(5) Concurrent Mark (33.570s)
[2021-03-28T16:57:15.066+0800][33.570s] GC(5) Concurrent Mark From Roots
[2021-03-28T16:57:15.066+0800][33.570s] GC(5) Using 2 workers of 2 for marking
[2021-03-28T16:57:15.088+0800][33.591s] GC(5) Concurrent Mark From Roots 21.490ms
[2021-03-28T16:57:15.088+0800][33.591s] GC(5) Concurrent Preclean
[2021-03-28T16:57:15.088+0800][33.591s] GC(5) Concurrent Preclean 0.191ms
[2021-03-28T16:57:15.088+0800][33.591s] GC(5) Concurrent Mark (33.570s, 33.591s) 21.747ms
[2021-03-28T16:57:15.088+0800][33.592s] GC(5) Pause Remark
[2021-03-28T16:57:15.092+0800][33.595s] GC(5) Cleaned string and symbol table, strings: 14542 processed, 27 removed, symbols: 102039 processed, 150 removed
[2021-03-28T16:57:15.092+0800][33.595s] GC(5) Pause Remark 33M->33M(512M) 3.721ms
[2021-03-28T16:57:15.092+0800][33.595s] GC(5) User=0.02s Sys=0.00s Real=0.00s
[2021-03-28T16:57:15.092+0800][33.595s] GC(5) Concurrent Rebuild Remembered Sets
[2021-03-28T16:57:15.101+0800][33.605s] GC(5) Concurrent Rebuild Remembered Sets 9.600ms
[2021-03-28T16:57:15.102+0800][33.606s] GC(5) Pause Cleanup
[2021-03-28T16:57:15.102+0800][33.606s] GC(5) Pause Cleanup 35M->35M(512M) 0.104ms
[2021-03-28T16:57:15.102+0800][33.606s] GC(5) User=0.00s Sys=0.00s Real=0.00s
[2021-03-28T16:57:15.102+0800][33.606s] GC(5) Concurrent Cleanup for Next Mark
[2021-03-28T16:57:15.103+0800][33.606s] GC(5) Concurrent Cleanup for Next Mark 0.489ms
[2021-03-28T16:57:15.103+0800][33.606s] GC(5) Concurrent Cycle 39.639ms
[2021-03-28T16:57:15.607+0800][34.111s] GC(6) Pause Young (Normal) (G1 Evacuation Pause)
[2021-03-28T16:57:15.607+0800][34.111s] GC(6) Using 8 workers of 8 for evacuation
[2021-03-28T16:57:15.615+0800][34.119s] GC(6)   Pre Evacuate Collection Set: 0.0ms
[2021-03-28T16:57:15.615+0800][34.119s] GC(6)   Evacuate Collection Set: 6.3ms
[2021-03-28T16:57:15.615+0800][34.119s] GC(6)   Post Evacuate Collection Set: 1.3ms
[2021-03-28T16:57:15.615+0800][34.119s] GC(6)   Other: 0.2ms
[2021-03-28T16:57:15.615+0800][34.119s] GC(6) Eden regions: 125->0(297)
[2021-03-28T16:57:15.615+0800][34.119s] GC(6) Survivor regions: 8->10(17)
[2021-03-28T16:57:15.615+0800][34.119s] GC(6) Old regions: 21->21
[2021-03-28T16:57:15.615+0800][34.119s] GC(6) Humongous regions: 4->4
[2021-03-28T16:57:15.615+0800][34.119s] GC(6) Metaspace: 40543K->40543K(1085440K)
[2021-03-28T16:57:15.615+0800][34.119s] GC(6) Pause Young (Normal) (G1 Evacuation Pause) 155M->32M(512M) 7.932ms
[2021-03-28T16:57:15.615+0800][34.119s] GC(6) User=0.05s Sys=0.00s Real=0.00s
[2021-03-28T16:57:16.782+0800][35.285s] GC(7) Pause Young (Normal) (G1 Evacuation Pause)
[2021-03-28T16:57:16.782+0800][35.285s] GC(7) Using 8 workers of 8 for evacuation
[2021-03-28T16:57:16.799+0800][35.302s] GC(7)   Pre Evacuate Collection Set: 0.0ms
[2021-03-28T16:57:16.799+0800][35.302s] GC(7)   Evacuate Collection Set: 10.7ms
[2021-03-28T16:57:16.799+0800][35.302s] GC(7)   Post Evacuate Collection Set: 6.2ms
[2021-03-28T16:57:16.799+0800][35.302s] GC(7)   Other: 0.2ms
[2021-03-28T16:57:16.799+0800][35.302s] GC(7) Eden regions: 297->0(290)
[2021-03-28T16:57:16.799+0800][35.302s] GC(7) Survivor regions: 10->17(39)
[2021-03-28T16:57:16.799+0800][35.302s] GC(7) Old regions: 21->21
[2021-03-28T16:57:16.799+0800][35.302s] GC(7) Humongous regions: 5->4
[2021-03-28T16:57:16.799+0800][35.302s] GC(7) Metaspace: 48656K->48656K(1093632K)
[2021-03-28T16:57:16.799+0800][35.302s] GC(7) Pause Young (Normal) (G1 Evacuation Pause) 330M->39M(512M) 17.133ms
[2021-03-28T16:57:16.799+0800][35.302s] GC(7) User=0.11s Sys=0.00s Real=0.02s
[2021-03-28T16:58:15.178+0800][93.681s] GC(8) Pause Young (Concurrent Start) (Metadata GC Threshold)
[2021-03-28T16:58:15.178+0800][93.681s] GC(8) Using 8 workers of 8 for evacuation
[2021-03-28T16:58:15.202+0800][93.706s] GC(8)   Pre Evacuate Collection Set: 0.1ms
[2021-03-28T16:58:15.202+0800][93.706s] GC(8)   Evacuate Collection Set: 22.3ms
[2021-03-28T16:58:15.202+0800][93.706s] GC(8)   Post Evacuate Collection Set: 1.8ms
[2021-03-28T16:58:15.202+0800][93.706s] GC(8)   Other: 0.4ms
[2021-03-28T16:58:15.202+0800][93.706s] GC(8) Eden regions: 116->0(264)
[2021-03-28T16:58:15.202+0800][93.706s] GC(8) Survivor regions: 17->25(39)
[2021-03-28T16:58:15.202+0800][93.706s] GC(8) Old regions: 21->21
[2021-03-28T16:58:15.202+0800][93.706s] GC(8) Humongous regions: 7->7
[2021-03-28T16:58:15.202+0800][93.706s] GC(8) Metaspace: 58746K->58746K(1101824K)
[2021-03-28T16:58:15.202+0800][93.706s] GC(8) Pause Young (Concurrent Start) (Metadata GC Threshold) 158M->50M(512M) 24.716ms
[2021-03-28T16:58:15.203+0800][93.706s] GC(8) User=0.08s Sys=0.01s Real=0.03s
[2021-03-28T16:58:15.203+0800][93.706s] GC(9) Concurrent Cycle
[2021-03-28T16:58:15.203+0800][93.706s] GC(9) Concurrent Clear Claimed Marks
[2021-03-28T16:58:15.203+0800][93.706s] GC(9) Concurrent Clear Claimed Marks 0.207ms
[2021-03-28T16:58:15.203+0800][93.706s] GC(9) Concurrent Scan Root Regions
[2021-03-28T16:58:15.211+0800][93.714s] GC(9) Concurrent Scan Root Regions 7.973ms
[2021-03-28T16:58:15.211+0800][93.714s] GC(9) Concurrent Mark (93.714s)
[2021-03-28T16:58:15.211+0800][93.714s] GC(9) Concurrent Mark From Roots
[2021-03-28T16:58:15.211+0800][93.714s] GC(9) Using 2 workers of 2 for marking
[2021-03-28T16:58:15.227+0800][93.730s] GC(9) Concurrent Mark From Roots 15.804ms
[2021-03-28T16:58:15.227+0800][93.730s] GC(9) Concurrent Preclean
[2021-03-28T16:58:15.227+0800][93.730s] GC(9) Concurrent Preclean 0.240ms
[2021-03-28T16:58:15.227+0800][93.730s] GC(9) Concurrent Mark (93.714s, 93.730s) 16.140ms
[2021-03-28T16:58:15.227+0800][93.731s] GC(9) Pause Remark
[2021-03-28T16:58:15.236+0800][93.740s] GC(9) Cleaned string and symbol table, strings: 26364 processed, 0 removed, symbols: 156617 processed, 564 removed
[2021-03-28T16:58:15.236+0800][93.740s] GC(9) Pause Remark 52M->52M(512M) 9.172ms
[2021-03-28T16:58:15.236+0800][93.740s] GC(9) User=0.06s Sys=0.00s Real=0.00s
[2021-03-28T16:58:15.237+0800][93.740s] GC(9) Concurrent Rebuild Remembered Sets
[2021-03-28T16:58:15.247+0800][93.750s] GC(9) Concurrent Rebuild Remembered Sets 10.115ms
[2021-03-28T16:58:15.247+0800][93.750s] GC(9) Pause Cleanup
[2021-03-28T16:58:15.247+0800][93.751s] GC(9) Pause Cleanup 53M->53M(512M) 0.135ms
[2021-03-28T16:58:15.247+0800][93.751s] GC(9) User=0.00s Sys=0.00s Real=0.00s
[2021-03-28T16:58:15.247+0800][93.751s] GC(9) Concurrent Cleanup for Next Mark
[2021-03-28T16:58:15.247+0800][93.751s] GC(9) Concurrent Cleanup for Next Mark 0.374ms
[2021-03-28T16:58:15.247+0800][93.751s] GC(9) Concurrent Cycle 44.930ms
