[2021-02-15T21:46:44.809+0800][0.007s] Heap region size: 1M
[2021-02-15T21:46:44.823+0800][0.021s] Using G1
[2021-02-15T21:46:44.823+0800][0.021s] Heap address: 0x00000000e0000000, size: 512 MB, Compressed Oops mode: 32-bit
[2021-02-15T21:46:44.824+0800][0.021s] Mark closed archive regions in map: [0x00000000fff00000, 0x00000000fff6aff8]
[2021-02-15T21:46:44.824+0800][0.021s] Mark open archive regions in map: [0x00000000ffe00000, 0x00000000ffe46ff8]
[2021-02-15T21:46:45.247+0800][0.444s] GC(0) Pause Young (Normal) (G1 Evacuation Pause)
[2021-02-15T21:46:45.247+0800][0.445s] GC(0) Using 8 workers of 8 for evacuation
[2021-02-15T21:46:45.255+0800][0.452s] GC(0)   Pre Evacuate Collection Set: 0.0ms
[2021-02-15T21:46:45.255+0800][0.452s] GC(0)   Evacuate Collection Set: 6.8ms
[2021-02-15T21:46:45.255+0800][0.452s] GC(0)   Post Evacuate Collection Set: 0.6ms
[2021-02-15T21:46:45.255+0800][0.452s] GC(0)   Other: 0.8ms
[2021-02-15T21:46:45.255+0800][0.452s] GC(0) Eden regions: 30->0(304)
[2021-02-15T21:46:45.255+0800][0.452s] GC(0) Survivor regions: 0->3(4)
[2021-02-15T21:46:45.255+0800][0.452s] GC(0) Old regions: 2->2
[2021-02-15T21:46:45.255+0800][0.452s] GC(0) Humongous regions: 0->0
[2021-02-15T21:46:45.255+0800][0.452s] GC(0) Metaspace: 6349K->6349K(1056768K)
[2021-02-15T21:46:45.255+0800][0.452s] GC(0) Pause Young (Normal) (G1 Evacuation Pause) 30M->3M(512M) 8.288ms
[2021-02-15T21:46:45.255+0800][0.452s] GC(0) User=0.06s Sys=0.00s Real=0.00s
[2021-02-15T21:46:46.200+0800][1.398s] GC(1) Pause Young (Concurrent Start) (Metadata GC Threshold)
[2021-02-15T21:46:46.200+0800][1.398s] GC(1) Using 8 workers of 8 for evacuation
[2021-02-15T21:46:46.219+0800][1.416s] GC(1)   Pre Evacuate Collection Set: 0.1ms
[2021-02-15T21:46:46.219+0800][1.416s] GC(1)   Evacuate Collection Set: 16.0ms
[2021-02-15T21:46:46.219+0800][1.416s] GC(1)   Post Evacuate Collection Set: 1.9ms
[2021-02-15T21:46:46.219+0800][1.416s] GC(1)   Other: 0.2ms
[2021-02-15T21:46:46.219+0800][1.416s] GC(1) Eden regions: 105->0(87)
[2021-02-15T21:46:46.219+0800][1.416s] GC(1) Survivor regions: 3->19(39)
[2021-02-15T21:46:46.219+0800][1.416s] GC(1) Old regions: 2->2
[2021-02-15T21:46:46.219+0800][1.416s] GC(1) Humongous regions: 4->4
[2021-02-15T21:46:46.219+0800][1.416s] GC(1) Metaspace: 20519K->20519K(1069056K)
[2021-02-15T21:46:46.219+0800][1.416s] GC(1) Pause Young (Concurrent Start) (Metadata GC Threshold) 111M->23M(512M) 18.313ms
[2021-02-15T21:46:46.219+0800][1.416s] GC(1) User=0.08s Sys=0.01s Real=0.02s
[2021-02-15T21:46:46.219+0800][1.416s] GC(2) Concurrent Cycle
[2021-02-15T21:46:46.219+0800][1.416s] GC(2) Concurrent Clear Claimed Marks
[2021-02-15T21:46:46.219+0800][1.416s] GC(2) Concurrent Clear Claimed Marks 0.065ms
[2021-02-15T21:46:46.219+0800][1.416s] GC(2) Concurrent Scan Root Regions
[2021-02-15T21:46:46.224+0800][1.421s] GC(2) Concurrent Scan Root Regions 4.761ms
[2021-02-15T21:46:46.224+0800][1.421s] GC(2) Concurrent Mark (1.421s)
[2021-02-15T21:46:46.224+0800][1.421s] GC(2) Concurrent Mark From Roots
[2021-02-15T21:46:46.224+0800][1.421s] GC(2) Using 2 workers of 2 for marking
[2021-02-15T21:46:46.227+0800][1.424s] GC(2) Concurrent Mark From Roots 3.287ms
[2021-02-15T21:46:46.227+0800][1.424s] GC(2) Concurrent Preclean
[2021-02-15T21:46:46.227+0800][1.425s] GC(2) Concurrent Preclean 0.116ms
[2021-02-15T21:46:46.227+0800][1.425s] GC(2) Concurrent Mark (1.421s, 1.425s) 3.455ms
[2021-02-15T21:46:46.227+0800][1.425s] GC(2) Pause Remark
[2021-02-15T21:46:46.232+0800][1.429s] GC(2) Cleaned string and symbol table, strings: 8688 processed, 0 removed, symbols: 61865 processed, 26 removed
[2021-02-15T21:46:46.232+0800][1.429s] GC(2) Pause Remark 24M->24M(512M) 4.843ms
[2021-02-15T21:46:46.232+0800][1.430s] GC(2) User=0.03s Sys=0.00s Real=0.00s
[2021-02-15T21:46:46.232+0800][1.430s] GC(2) Concurrent Rebuild Remembered Sets
[2021-02-15T21:46:46.235+0800][1.432s] GC(2) Concurrent Rebuild Remembered Sets 2.589ms
[2021-02-15T21:46:46.235+0800][1.432s] GC(2) Pause Cleanup
[2021-02-15T21:46:46.235+0800][1.432s] GC(2) Pause Cleanup 24M->24M(512M) 0.160ms
[2021-02-15T21:46:46.235+0800][1.432s] GC(2) User=0.00s Sys=0.00s Real=0.00s
[2021-02-15T21:46:46.235+0800][1.433s] GC(2) Concurrent Cleanup for Next Mark
[2021-02-15T21:46:46.236+0800][1.433s] GC(2) Concurrent Cleanup for Next Mark 0.645ms
[2021-02-15T21:46:46.236+0800][1.433s] GC(2) Concurrent Cycle 17.015ms
[2021-02-15T21:46:47.083+0800][2.281s] GC(3) Pause Young (Normal) (G1 Evacuation Pause)
[2021-02-15T21:46:47.083+0800][2.281s] GC(3) Using 8 workers of 8 for evacuation
[2021-02-15T21:46:47.103+0800][2.301s] GC(3)   Pre Evacuate Collection Set: 0.0ms
[2021-02-15T21:46:47.104+0800][2.301s] GC(3)   Evacuate Collection Set: 18.6ms
[2021-02-15T21:46:47.104+0800][2.301s] GC(3)   Post Evacuate Collection Set: 1.4ms
[2021-02-15T21:46:47.104+0800][2.301s] GC(3)   Other: 0.2ms
[2021-02-15T21:46:47.104+0800][2.301s] GC(3) Eden regions: 73->0(122)
[2021-02-15T21:46:47.104+0800][2.301s] GC(3) Survivor regions: 19->6(12)
[2021-02-15T21:46:47.104+0800][2.301s] GC(3) Old regions: 2->21
[2021-02-15T21:46:47.104+0800][2.301s] GC(3) Humongous regions: 4->4
[2021-02-15T21:46:47.104+0800][2.301s] GC(3) Metaspace: 30158K->30158K(1077248K)
[2021-02-15T21:46:47.104+0800][2.301s] GC(3) Pause Young (Normal) (G1 Evacuation Pause) 96M->28M(512M) 20.332ms
[2021-02-15T21:46:47.104+0800][2.301s] GC(3) User=0.14s Sys=0.00s Real=0.02s
[2021-02-15T21:46:47.857+0800][3.055s] GC(4) Pause Young (Concurrent Start) (Metadata GC Threshold)
[2021-02-15T21:46:47.857+0800][3.055s] GC(4) Using 8 workers of 8 for evacuation
[2021-02-15T21:46:47.863+0800][3.060s] GC(4)   Pre Evacuate Collection Set: 0.1ms
[2021-02-15T21:46:47.863+0800][3.060s] GC(4)   Evacuate Collection Set: 4.5ms
[2021-02-15T21:46:47.863+0800][3.060s] GC(4)   Post Evacuate Collection Set: 0.9ms
[2021-02-15T21:46:47.863+0800][3.060s] GC(4)   Other: 0.2ms
[2021-02-15T21:46:47.863+0800][3.060s] GC(4) Eden regions: 58->0(123)
[2021-02-15T21:46:47.863+0800][3.060s] GC(4) Survivor regions: 6->7(16)
[2021-02-15T21:46:47.863+0800][3.060s] GC(4) Old regions: 21->21
[2021-02-15T21:46:47.863+0800][3.060s] GC(4) Humongous regions: 4->4
[2021-02-15T21:46:47.863+0800][3.060s] GC(4) Metaspace: 34777K->34777K(1081344K)
[2021-02-15T21:46:47.863+0800][3.060s] GC(4) Pause Young (Concurrent Start) (Metadata GC Threshold) 86M->29M(512M) 5.716ms
[2021-02-15T21:46:47.863+0800][3.060s] GC(4) User=0.03s Sys=0.00s Real=0.01s
[2021-02-15T21:46:47.863+0800][3.060s] GC(5) Concurrent Cycle
[2021-02-15T21:46:47.863+0800][3.060s] GC(5) Concurrent Clear Claimed Marks
[2021-02-15T21:46:47.863+0800][3.060s] GC(5) Concurrent Clear Claimed Marks 0.029ms
[2021-02-15T21:46:47.863+0800][3.060s] GC(5) Concurrent Scan Root Regions
[2021-02-15T21:46:47.866+0800][3.063s] GC(5) Concurrent Scan Root Regions 2.492ms
[2021-02-15T21:46:47.866+0800][3.063s] GC(5) Concurrent Mark (3.063s)
[2021-02-15T21:46:47.866+0800][3.063s] GC(5) Concurrent Mark From Roots
[2021-02-15T21:46:47.866+0800][3.063s] GC(5) Using 2 workers of 2 for marking
[2021-02-15T21:46:47.881+0800][3.079s] GC(5) Concurrent Mark From Roots 15.833ms
[2021-02-15T21:46:47.881+0800][3.079s] GC(5) Concurrent Preclean
[2021-02-15T21:46:47.882+0800][3.079s] GC(5) Concurrent Preclean 0.152ms
[2021-02-15T21:46:47.882+0800][3.079s] GC(5) Concurrent Mark (3.063s, 3.079s) 16.041ms
[2021-02-15T21:46:47.883+0800][3.080s] GC(5) Pause Remark
[2021-02-15T21:46:47.886+0800][3.083s] GC(5) Cleaned string and symbol table, strings: 15051 processed, 26 removed, symbols: 102277 processed, 65 removed
[2021-02-15T21:46:47.886+0800][3.083s] GC(5) Pause Remark 31M->31M(512M) 3.312ms
[2021-02-15T21:46:47.886+0800][3.083s] GC(5) User=0.01s Sys=0.00s Real=0.00s
[2021-02-15T21:46:47.886+0800][3.083s] GC(5) Concurrent Rebuild Remembered Sets
[2021-02-15T21:46:47.898+0800][3.095s] GC(5) Concurrent Rebuild Remembered Sets 11.868ms
[2021-02-15T21:46:47.898+0800][3.095s] GC(5) Pause Cleanup
[2021-02-15T21:46:47.898+0800][3.095s] GC(5) Pause Cleanup 32M->32M(512M) 0.123ms
[2021-02-15T21:46:47.898+0800][3.095s] GC(5) User=0.00s Sys=0.00s Real=0.00s
[2021-02-15T21:46:47.898+0800][3.096s] GC(5) Concurrent Cleanup for Next Mark
[2021-02-15T21:46:47.899+0800][3.096s] GC(5) Concurrent Cleanup for Next Mark 0.951ms
[2021-02-15T21:46:47.899+0800][3.097s] GC(5) Concurrent Cycle 36.212ms
[2021-02-15T21:47:28.006+0800][43.203s] GC(6) Pause Young (Normal) (G1 Evacuation Pause)
[2021-02-15T21:47:28.006+0800][43.203s] GC(6) Using 8 workers of 8 for evacuation
[2021-02-15T21:47:28.015+0800][43.213s] GC(6)   Pre Evacuate Collection Set: 0.1ms
[2021-02-15T21:47:28.015+0800][43.213s] GC(6)   Evacuate Collection Set: 8.4ms
[2021-02-15T21:47:28.015+0800][43.213s] GC(6)   Post Evacuate Collection Set: 0.7ms
[2021-02-15T21:47:28.015+0800][43.213s] GC(6)   Other: 0.3ms
[2021-02-15T21:47:28.015+0800][43.213s] GC(6) Eden regions: 123->0(160)
[2021-02-15T21:47:28.015+0800][43.213s] GC(6) Survivor regions: 7->10(17)
[2021-02-15T21:47:28.015+0800][43.213s] GC(6) Old regions: 21->21
[2021-02-15T21:47:28.015+0800][43.213s] GC(6) Humongous regions: 4->4
[2021-02-15T21:47:28.015+0800][43.213s] GC(6) Metaspace: 41094K->41094K(1087488K)
[2021-02-15T21:47:28.015+0800][43.213s] GC(6) Pause Young (Normal) (G1 Evacuation Pause) 152M->32M(512M) 9.616ms
[2021-02-15T21:47:28.015+0800][43.213s] GC(6) User=0.07s Sys=0.00s Real=0.01s
[2021-02-15T21:47:29.895+0800][45.092s] GC(7) Pause Young (Normal) (G1 Evacuation Pause)
[2021-02-15T21:47:29.895+0800][45.093s] GC(7) Using 8 workers of 8 for evacuation
[2021-02-15T21:47:29.979+0800][45.176s] GC(7)   Pre Evacuate Collection Set: 0.1ms
[2021-02-15T21:47:29.979+0800][45.176s] GC(7)   Evacuate Collection Set: 56.7ms
[2021-02-15T21:47:29.979+0800][45.176s] GC(7)   Post Evacuate Collection Set: 26.8ms
[2021-02-15T21:47:29.979+0800][45.176s] GC(7)   Other: 0.3ms
[2021-02-15T21:47:29.979+0800][45.176s] GC(7) Eden regions: 160->0(195)
[2021-02-15T21:47:29.979+0800][45.176s] GC(7) Survivor regions: 10->18(22)
[2021-02-15T21:47:29.979+0800][45.176s] GC(7) Old regions: 21->21
[2021-02-15T21:47:29.979+0800][45.176s] GC(7) Humongous regions: 5->4
[2021-02-15T21:47:29.979+0800][45.176s] GC(7) Metaspace: 49510K->49510K(1093632K)
[2021-02-15T21:47:29.979+0800][45.177s] GC(7) Pause Young (Normal) (G1 Evacuation Pause) 193M->40M(512M) 84.049ms
[2021-02-15T21:47:29.979+0800][45.177s] GC(7) User=0.29s Sys=0.01s Real=0.09s
[2021-02-15T21:49:28.155+0800][163.352s] GC(8) Pause Young (Normal) (G1 Evacuation Pause)
[2021-02-15T21:49:28.155+0800][163.353s] GC(8) Using 8 workers of 8 for evacuation
[2021-02-15T21:49:28.195+0800][163.392s] GC(8)   Pre Evacuate Collection Set: 0.0ms
[2021-02-15T21:49:28.195+0800][163.392s] GC(8)   Evacuate Collection Set: 35.9ms
[2021-02-15T21:49:28.195+0800][163.392s] GC(8)   Post Evacuate Collection Set: 3.4ms
[2021-02-15T21:49:28.195+0800][163.392s] GC(8)   Other: 0.2ms
[2021-02-15T21:49:28.195+0800][163.392s] GC(8) Eden regions: 195->0(261)
[2021-02-15T21:49:28.195+0800][163.392s] GC(8) Survivor regions: 18->22(27)
[2021-02-15T21:49:28.195+0800][163.392s] GC(8) Old regions: 21->25
[2021-02-15T21:49:28.195+0800][163.392s] GC(8) Humongous regions: 4->4
[2021-02-15T21:49:28.195+0800][163.392s] GC(8) Metaspace: 54514K->54514K(1097728K)
[2021-02-15T21:49:28.195+0800][163.392s] GC(8) Pause Young (Normal) (G1 Evacuation Pause) 235M->49M(512M) 39.678ms
[2021-02-15T21:49:28.195+0800][163.392s] GC(8) User=0.19s Sys=0.00s Real=0.04s
[2021-02-15T21:50:31.685+0800][226.882s] GC(9) Pause Young (Concurrent Start) (Metadata GC Threshold)
[2021-02-15T21:50:31.685+0800][226.882s] GC(9) Using 8 workers of 8 for evacuation
[2021-02-15T21:50:31.721+0800][226.918s] GC(9)   Pre Evacuate Collection Set: 0.2ms
[2021-02-15T21:50:31.721+0800][226.919s] GC(9)   Evacuate Collection Set: 31.6ms
[2021-02-15T21:50:31.721+0800][226.919s] GC(9)   Post Evacuate Collection Set: 4.3ms
[2021-02-15T21:50:31.721+0800][226.919s] GC(9)   Other: 0.3ms
[2021-02-15T21:50:31.721+0800][226.919s] GC(9) Eden regions: 245->0(281)
[2021-02-15T21:50:31.721+0800][226.919s] GC(9) Survivor regions: 22->26(36)
[2021-02-15T21:50:31.721+0800][226.919s] GC(9) Old regions: 25->30
[2021-02-15T21:50:31.721+0800][226.919s] GC(9) Humongous regions: 4->4
[2021-02-15T21:50:31.721+0800][226.919s] GC(9) Metaspace: 58456K->58456K(1101824K)
[2021-02-15T21:50:31.721+0800][226.919s] GC(9) Pause Young (Concurrent Start) (Metadata GC Threshold) 294M->57M(512M) 36.478ms
[2021-02-15T21:50:31.721+0800][226.919s] GC(9) User=0.16s Sys=0.01s Real=0.04s
[2021-02-15T21:50:31.721+0800][226.919s] GC(10) Concurrent Cycle
[2021-02-15T21:50:31.721+0800][226.919s] GC(10) Concurrent Clear Claimed Marks
[2021-02-15T21:50:31.722+0800][226.919s] GC(10) Concurrent Clear Claimed Marks 0.174ms
[2021-02-15T21:50:31.722+0800][226.919s] GC(10) Concurrent Scan Root Regions
[2021-02-15T21:50:31.731+0800][226.928s] GC(10) Concurrent Scan Root Regions 9.116ms
[2021-02-15T21:50:31.731+0800][226.928s] GC(10) Concurrent Mark (226.928s)
[2021-02-15T21:50:31.731+0800][226.928s] GC(10) Concurrent Mark From Roots
[2021-02-15T21:50:31.731+0800][226.928s] GC(10) Using 2 workers of 2 for marking
[2021-02-15T21:50:31.762+0800][226.959s] GC(10) Concurrent Mark From Roots 30.813ms
[2021-02-15T21:50:31.762+0800][226.959s] GC(10) Concurrent Preclean
[2021-02-15T21:50:31.762+0800][226.959s] GC(10) Concurrent Preclean 0.354ms
[2021-02-15T21:50:31.762+0800][226.959s] GC(10) Concurrent Mark (226.928s, 226.959s) 31.248ms
[2021-02-15T21:50:31.762+0800][226.959s] GC(10) Pause Remark
[2021-02-15T21:50:31.772+0800][226.970s] GC(10) Cleaned string and symbol table, strings: 27031 processed, 5 removed, symbols: 154676 processed, 644 removed
[2021-02-15T21:50:31.772+0800][226.970s] GC(10) Pause Remark 60M->60M(512M) 10.330ms
[2021-02-15T21:50:31.772+0800][226.970s] GC(10) User=0.05s Sys=0.00s Real=0.01s
[2021-02-15T21:50:31.773+0800][226.970s] GC(10) Concurrent Rebuild Remembered Sets
[2021-02-15T21:50:31.789+0800][226.987s] GC(10) Concurrent Rebuild Remembered Sets 16.914ms
[2021-02-15T21:50:31.790+0800][226.987s] GC(10) Pause Cleanup
[2021-02-15T21:50:31.790+0800][226.987s] GC(10) Pause Cleanup 60M->60M(512M) 0.229ms
[2021-02-15T21:50:31.790+0800][226.987s] GC(10) User=0.00s Sys=0.00s Real=0.00s
[2021-02-15T21:50:31.790+0800][226.987s] GC(10) Concurrent Cleanup for Next Mark
[2021-02-15T21:50:31.791+0800][226.988s] GC(10) Concurrent Cleanup for Next Mark 0.830ms
[2021-02-15T21:50:31.791+0800][226.988s] GC(10) Concurrent Cycle 69.619ms
[2021-02-15T21:51:22.734+0800][277.932s] GC(11) Pause Young (Normal) (G1 Evacuation Pause)
[2021-02-15T21:51:22.734+0800][277.932s] GC(11) Using 8 workers of 8 for evacuation
[2021-02-15T21:51:22.777+0800][277.974s] GC(11)   Pre Evacuate Collection Set: 0.1ms
[2021-02-15T21:51:22.777+0800][277.974s] GC(11)   Evacuate Collection Set: 28.0ms
[2021-02-15T21:51:22.777+0800][277.974s] GC(11)   Post Evacuate Collection Set: 14.4ms
[2021-02-15T21:51:22.777+0800][277.974s] GC(11)   Other: 0.3ms
[2021-02-15T21:51:22.777+0800][277.974s] GC(11) Eden regions: 281->0(283)
[2021-02-15T21:51:22.777+0800][277.974s] GC(11) Survivor regions: 26->24(39)
[2021-02-15T21:51:22.777+0800][277.974s] GC(11) Old regions: 30->37
[2021-02-15T21:51:22.777+0800][277.974s] GC(11) Humongous regions: 7->7
[2021-02-15T21:51:22.777+0800][277.974s] GC(11) Metaspace: 60884K->60884K(1103872K)
[2021-02-15T21:51:22.777+0800][277.974s] GC(11) Pause Young (Normal) (G1 Evacuation Pause) 341M->65M(512M) 42.857ms
[2021-02-15T21:51:22.777+0800][277.974s] GC(11) User=0.17s Sys=0.02s Real=0.04s
[2021-02-15T21:55:23.107+0800][518.304s] GC(12) Pause Young (Normal) (G1 Evacuation Pause)
[2021-02-15T21:55:23.107+0800][518.304s] GC(12) Using 8 workers of 8 for evacuation
[2021-02-15T21:55:23.125+0800][518.322s] GC(12)   Pre Evacuate Collection Set: 0.0ms
[2021-02-15T21:55:23.125+0800][518.322s] GC(12)   Evacuate Collection Set: 15.9ms
[2021-02-15T21:55:23.125+0800][518.323s] GC(12)   Post Evacuate Collection Set: 2.4ms
[2021-02-15T21:55:23.125+0800][518.323s] GC(12)   Other: 0.3ms
[2021-02-15T21:55:23.125+0800][518.323s] GC(12) Eden regions: 283->0(280)
[2021-02-15T21:55:23.125+0800][518.323s] GC(12) Survivor regions: 24->27(39)
[2021-02-15T21:55:23.125+0800][518.323s] GC(12) Old regions: 37->40
[2021-02-15T21:55:23.125+0800][518.323s] GC(12) Humongous regions: 7->7
[2021-02-15T21:55:23.125+0800][518.323s] GC(12) Metaspace: 64163K->64163K(1107968K)
[2021-02-15T21:55:23.125+0800][518.323s] GC(12) Pause Young (Normal) (G1 Evacuation Pause) 348M->72M(512M) 18.686ms
[2021-02-15T21:55:23.125+0800][518.323s] GC(12) User=0.11s Sys=0.00s Real=0.01s
[2021-02-15T21:58:59.776+0800][734.973s] GC(13) Pause Young (Normal) (G1 Evacuation Pause)
[2021-02-15T21:58:59.776+0800][734.973s] GC(13) Using 8 workers of 8 for evacuation
[2021-02-15T21:58:59.809+0800][735.006s] GC(13)   Pre Evacuate Collection Set: 0.0ms
[2021-02-15T21:58:59.809+0800][735.006s] GC(13)   Evacuate Collection Set: 29.7ms
[2021-02-15T21:58:59.809+0800][735.006s] GC(13)   Post Evacuate Collection Set: 3.4ms
[2021-02-15T21:58:59.809+0800][735.006s] GC(13)   Other: 0.3ms
[2021-02-15T21:58:59.809+0800][735.006s] GC(13) Eden regions: 280->0(284)
[2021-02-15T21:58:59.809+0800][735.006s] GC(13) Survivor regions: 27->23(39)
[2021-02-15T21:58:59.809+0800][735.006s] GC(13) Old regions: 40->53
[2021-02-15T21:58:59.809+0800][735.006s] GC(13) Humongous regions: 7->7
[2021-02-15T21:58:59.809+0800][735.006s] GC(13) Metaspace: 64421K->64421K(1107968K)
[2021-02-15T21:58:59.809+0800][735.007s] GC(13) Pause Young (Normal) (G1 Evacuation Pause) 352M->80M(512M) 33.438ms
[2021-02-15T21:58:59.809+0800][735.007s] GC(13) User=0.15s Sys=0.00s Real=0.04s
[2021-02-15T21:59:02.249+0800][737.446s] GC(14) Pause Young (Normal) (G1 Evacuation Pause)
[2021-02-15T21:59:02.249+0800][737.446s] GC(14) Using 8 workers of 8 for evacuation
[2021-02-15T21:59:02.291+0800][737.488s] GC(14)   Pre Evacuate Collection Set: 0.0ms
[2021-02-15T21:59:02.291+0800][737.488s] GC(14)   Evacuate Collection Set: 41.3ms
[2021-02-15T21:59:02.291+0800][737.488s] GC(14)   Post Evacuate Collection Set: 0.8ms
[2021-02-15T21:59:02.291+0800][737.488s] GC(14)   Other: 0.4ms
[2021-02-15T21:59:02.291+0800][737.489s] GC(14) Eden regions: 284->0(285)
[2021-02-15T21:59:02.291+0800][737.489s] GC(14) Survivor regions: 23->22(39)
[2021-02-15T21:59:02.291+0800][737.489s] GC(14) Old regions: 53->63
[2021-02-15T21:59:02.291+0800][737.489s] GC(14) Humongous regions: 16->7
[2021-02-15T21:59:02.291+0800][737.489s] GC(14) Metaspace: 64534K->64534K(1107968K)
[2021-02-15T21:59:02.291+0800][737.489s] GC(14) Pause Young (Normal) (G1 Evacuation Pause) 373M->90M(512M) 42.569ms
[2021-02-15T21:59:02.291+0800][737.489s] GC(14) User=0.20s Sys=0.01s Real=0.04s
[2021-02-15T22:39:16.938+0800][3152.136s] GC(15) Pause Young (Normal) (G1 Evacuation Pause)
[2021-02-15T22:39:16.938+0800][3152.136s] GC(15) Using 8 workers of 8 for evacuation
[2021-02-15T22:39:16.949+0800][3152.146s] GC(15)   Pre Evacuate Collection Set: 0.0ms
[2021-02-15T22:39:16.949+0800][3152.147s] GC(15)   Evacuate Collection Set: 9.2ms
[2021-02-15T22:39:16.949+0800][3152.147s] GC(15)   Post Evacuate Collection Set: 1.4ms
[2021-02-15T22:39:16.949+0800][3152.147s] GC(15)   Other: 0.3ms
[2021-02-15T22:39:16.949+0800][3152.147s] GC(15) Eden regions: 285->0(298)
[2021-02-15T22:39:16.949+0800][3152.147s] GC(15) Survivor regions: 22->9(39)
[2021-02-15T22:39:16.949+0800][3152.147s] GC(15) Old regions: 63->70
[2021-02-15T22:39:16.949+0800][3152.147s] GC(15) Humongous regions: 7->7
[2021-02-15T22:39:16.949+0800][3152.147s] GC(15) Metaspace: 66656K->66656K(1110016K)
[2021-02-15T22:39:16.949+0800][3152.147s] GC(15) Pause Young (Normal) (G1 Evacuation Pause) 375M->83M(512M) 11.051ms
[2021-02-15T22:39:16.949+0800][3152.147s] GC(15) User=0.06s Sys=0.00s Real=0.02s
[2021-02-15T22:41:02.518+0800][3257.716s] GC(16) Pause Young (Normal) (G1 Evacuation Pause)
[2021-02-15T22:41:02.518+0800][3257.716s] GC(16) Using 8 workers of 8 for evacuation
[2021-02-15T22:41:02.538+0800][3257.735s] GC(16)   Pre Evacuate Collection Set: 0.0ms
[2021-02-15T22:41:02.538+0800][3257.735s] GC(16)   Evacuate Collection Set: 16.0ms
[2021-02-15T22:41:02.538+0800][3257.735s] GC(16)   Post Evacuate Collection Set: 3.3ms
[2021-02-15T22:41:02.538+0800][3257.735s] GC(16)   Other: 0.3ms
[2021-02-15T22:41:02.538+0800][3257.735s] GC(16) Eden regions: 298->0(284)
[2021-02-15T22:41:02.538+0800][3257.735s] GC(16) Survivor regions: 9->23(39)
[2021-02-15T22:41:02.538+0800][3257.735s] GC(16) Old regions: 70->70
[2021-02-15T22:41:02.538+0800][3257.735s] GC(16) Humongous regions: 7->7
[2021-02-15T22:41:02.538+0800][3257.735s] GC(16) Metaspace: 66946K->66946K(1110016K)
[2021-02-15T22:41:02.538+0800][3257.735s] GC(16) Pause Young (Normal) (G1 Evacuation Pause) 381M->97M(512M) 19.687ms
[2021-02-15T22:41:02.538+0800][3257.735s] GC(16) User=0.09s Sys=0.00s Real=0.02s
[2021-02-15T22:43:21.624+0800][3396.821s] GC(17) Pause Young (Normal) (G1 Evacuation Pause)
[2021-02-15T22:43:21.624+0800][3396.821s] GC(17) Using 8 workers of 8 for evacuation
[2021-02-15T22:43:21.641+0800][3396.839s] GC(17)   Pre Evacuate Collection Set: 0.0ms
[2021-02-15T22:43:21.641+0800][3396.839s] GC(17)   Evacuate Collection Set: 14.9ms
[2021-02-15T22:43:21.641+0800][3396.839s] GC(17)   Post Evacuate Collection Set: 2.7ms
[2021-02-15T22:43:21.642+0800][3396.839s] GC(17)   Other: 0.3ms
[2021-02-15T22:43:21.642+0800][3396.839s] GC(17) Eden regions: 284->0(278)
[2021-02-15T22:43:21.642+0800][3396.839s] GC(17) Survivor regions: 23->29(39)
[2021-02-15T22:43:21.642+0800][3396.839s] GC(17) Old regions: 70->76
[2021-02-15T22:43:21.642+0800][3396.839s] GC(17) Humongous regions: 7->7
[2021-02-15T22:43:21.642+0800][3396.839s] GC(17) Metaspace: 67246K->67246K(1110016K)
[2021-02-15T22:43:21.642+0800][3396.839s] GC(17) Pause Young (Normal) (G1 Evacuation Pause) 381M->110M(512M) 18.002ms
[2021-02-15T22:43:21.642+0800][3396.839s] GC(17) User=0.11s Sys=0.01s Real=0.02s
