[2021-03-28T02:26:03.486+0800][0.008s] Heap region size: 1M
[2021-03-28T02:26:03.500+0800][0.022s] Using G1
[2021-03-28T02:26:03.500+0800][0.022s] Heap address: 0x00000000e0000000, size: 512 MB, Compressed Oops mode: 32-bit
[2021-03-28T02:26:03.500+0800][0.022s] Mark closed archive regions in map: [0x00000000fff00000, 0x00000000fff6aff8]
[2021-03-28T02:26:03.500+0800][0.022s] Mark open archive regions in map: [0x00000000ffe00000, 0x00000000ffe46ff8]
[2021-03-28T02:26:04.011+0800][0.532s] GC(0) Pause Young (Normal) (G1 Evacuation Pause)
[2021-03-28T02:26:04.011+0800][0.533s] GC(0) Using 8 workers of 8 for evacuation
[2021-03-28T02:26:04.036+0800][0.557s] GC(0)   Pre Evacuate Collection Set: 0.0ms
[2021-03-28T02:26:04.036+0800][0.557s] GC(0)   Evacuate Collection Set: 21.6ms
[2021-03-28T02:26:04.036+0800][0.557s] GC(0)   Post Evacuate Collection Set: 2.5ms
[2021-03-28T02:26:04.036+0800][0.557s] GC(0)   Other: 0.8ms
[2021-03-28T02:26:04.036+0800][0.557s] GC(0) Eden regions: 30->0(304)
[2021-03-28T02:26:04.036+0800][0.557s] GC(0) Survivor regions: 0->3(4)
[2021-03-28T02:26:04.036+0800][0.557s] GC(0) Old regions: 2->2
[2021-03-28T02:26:04.036+0800][0.557s] GC(0) Humongous regions: 0->0
[2021-03-28T02:26:04.036+0800][0.557s] GC(0) Metaspace: 6315K->6315K(1056768K)
[2021-03-28T02:26:04.036+0800][0.557s] GC(0) Pause Young (Normal) (G1 Evacuation Pause) 30M->3M(512M) 24.989ms
[2021-03-28T02:26:04.036+0800][0.557s] GC(0) User=0.13s Sys=0.01s Real=0.02s
[2021-03-28T02:26:05.361+0800][1.883s] GC(1) Pause Young (Concurrent Start) (Metadata GC Threshold)
[2021-03-28T02:26:05.361+0800][1.883s] GC(1) Using 8 workers of 8 for evacuation
[2021-03-28T02:26:05.377+0800][1.899s] GC(1)   Pre Evacuate Collection Set: 0.1ms
[2021-03-28T02:26:05.378+0800][1.899s] GC(1)   Evacuate Collection Set: 15.1ms
[2021-03-28T02:26:05.378+0800][1.899s] GC(1)   Post Evacuate Collection Set: 0.7ms
[2021-03-28T02:26:05.378+0800][1.899s] GC(1)   Other: 0.2ms
[2021-03-28T02:26:05.378+0800][1.899s] GC(1) Eden regions: 106->0(81)
[2021-03-28T02:26:05.378+0800][1.899s] GC(1) Survivor regions: 3->19(39)
[2021-03-28T02:26:05.378+0800][1.899s] GC(1) Old regions: 2->2
[2021-03-28T02:26:05.378+0800][1.899s] GC(1) Humongous regions: 4->4
[2021-03-28T02:26:05.378+0800][1.899s] GC(1) Metaspace: 20461K->20461K(1069056K)
[2021-03-28T02:26:05.378+0800][1.899s] GC(1) Pause Young (Concurrent Start) (Metadata GC Threshold) 113M->23M(512M) 16.196ms
[2021-03-28T02:26:05.378+0800][1.899s] GC(1) User=0.08s Sys=0.01s Real=0.02s
[2021-03-28T02:26:05.378+0800][1.899s] GC(2) Concurrent Cycle
[2021-03-28T02:26:05.378+0800][1.900s] GC(2) Concurrent Clear Claimed Marks
[2021-03-28T02:26:05.378+0800][1.900s] GC(2) Concurrent Clear Claimed Marks 0.077ms
[2021-03-28T02:26:05.378+0800][1.900s] GC(2) Concurrent Scan Root Regions
[2021-03-28T02:26:05.384+0800][1.906s] GC(2) Concurrent Scan Root Regions 6.273ms
[2021-03-28T02:26:05.384+0800][1.906s] GC(2) Concurrent Mark (1.906s)
[2021-03-28T02:26:05.384+0800][1.906s] GC(2) Concurrent Mark From Roots
[2021-03-28T02:26:05.384+0800][1.906s] GC(2) Using 2 workers of 2 for marking
[2021-03-28T02:26:05.386+0800][1.908s] GC(2) Concurrent Mark From Roots 2.203ms
[2021-03-28T02:26:05.386+0800][1.908s] GC(2) Concurrent Preclean
[2021-03-28T02:26:05.386+0800][1.908s] GC(2) Concurrent Preclean 0.094ms
[2021-03-28T02:26:05.386+0800][1.908s] GC(2) Concurrent Mark (1.906s, 1.908s) 2.341ms
[2021-03-28T02:26:05.386+0800][1.908s] GC(2) Pause Remark
[2021-03-28T02:26:05.389+0800][1.911s] GC(2) Cleaned string and symbol table, strings: 8671 processed, 0 removed, symbols: 61798 processed, 26 removed
[2021-03-28T02:26:05.389+0800][1.911s] GC(2) Pause Remark 24M->24M(512M) 2.494ms
[2021-03-28T02:26:05.389+0800][1.911s] GC(2) User=0.01s Sys=0.00s Real=0.00s
[2021-03-28T02:26:05.389+0800][1.911s] GC(2) Concurrent Rebuild Remembered Sets
[2021-03-28T02:26:05.391+0800][1.913s] GC(2) Concurrent Rebuild Remembered Sets 2.017ms
[2021-03-28T02:26:05.391+0800][1.913s] GC(2) Pause Cleanup
[2021-03-28T02:26:05.391+0800][1.913s] GC(2) Pause Cleanup 24M->24M(512M) 0.117ms
[2021-03-28T02:26:05.391+0800][1.913s] GC(2) User=0.00s Sys=0.00s Real=0.00s
[2021-03-28T02:26:05.391+0800][1.913s] GC(2) Concurrent Cleanup for Next Mark
[2021-03-28T02:26:05.392+0800][1.914s] GC(2) Concurrent Cleanup for Next Mark 0.419ms
[2021-03-28T02:26:05.392+0800][1.914s] GC(2) Concurrent Cycle 14.110ms
[2021-03-28T02:26:06.287+0800][2.809s] GC(3) Pause Young (Normal) (G1 Evacuation Pause)
[2021-03-28T02:26:06.287+0800][2.809s] GC(3) Using 8 workers of 8 for evacuation
[2021-03-28T02:26:06.303+0800][2.825s] GC(3)   Pre Evacuate Collection Set: 0.0ms
[2021-03-28T02:26:06.303+0800][2.825s] GC(3)   Evacuate Collection Set: 14.0ms
[2021-03-28T02:26:06.303+0800][2.825s] GC(3)   Post Evacuate Collection Set: 1.7ms
[2021-03-28T02:26:06.303+0800][2.825s] GC(3)   Other: 0.1ms
[2021-03-28T02:26:06.303+0800][2.825s] GC(3) Eden regions: 73->0(117)
[2021-03-28T02:26:06.303+0800][2.825s] GC(3) Survivor regions: 19->6(12)
[2021-03-28T02:26:06.303+0800][2.825s] GC(3) Old regions: 2->21
[2021-03-28T02:26:06.303+0800][2.825s] GC(3) Humongous regions: 4->4
[2021-03-28T02:26:06.303+0800][2.825s] GC(3) Metaspace: 30013K->30013K(1077248K)
[2021-03-28T02:26:06.303+0800][2.825s] GC(3) Pause Young (Normal) (G1 Evacuation Pause) 96M->28M(512M) 15.939ms
[2021-03-28T02:26:06.303+0800][2.825s] GC(3) User=0.10s Sys=0.01s Real=0.02s
[2021-03-28T02:26:38.027+0800][34.549s] GC(4) Pause Young (Concurrent Start) (Metadata GC Threshold)
[2021-03-28T02:26:38.027+0800][34.549s] GC(4) Using 8 workers of 8 for evacuation
[2021-03-28T02:26:38.032+0800][34.554s] GC(4)   Pre Evacuate Collection Set: 0.1ms
[2021-03-28T02:26:38.032+0800][34.554s] GC(4)   Evacuate Collection Set: 3.9ms
[2021-03-28T02:26:38.032+0800][34.554s] GC(4)   Post Evacuate Collection Set: 0.5ms
[2021-03-28T02:26:38.032+0800][34.554s] GC(4)   Other: 0.2ms
[2021-03-28T02:26:38.032+0800][34.554s] GC(4) Eden regions: 59->0(126)
[2021-03-28T02:26:38.032+0800][34.554s] GC(4) Survivor regions: 6->7(16)
[2021-03-28T02:26:38.032+0800][34.554s] GC(4) Old regions: 21->21
[2021-03-28T02:26:38.032+0800][34.554s] GC(4) Humongous regions: 4->4
[2021-03-28T02:26:38.032+0800][34.554s] GC(4) Metaspace: 34745K->34745K(1081344K)
[2021-03-28T02:26:38.032+0800][34.554s] GC(4) Pause Young (Concurrent Start) (Metadata GC Threshold) 87M->29M(512M) 4.757ms
[2021-03-28T02:26:38.032+0800][34.554s] GC(4) User=0.02s Sys=0.00s Real=0.01s
[2021-03-28T02:26:38.032+0800][34.554s] GC(5) Concurrent Cycle
[2021-03-28T02:26:38.032+0800][34.554s] GC(5) Concurrent Clear Claimed Marks
[2021-03-28T02:26:38.032+0800][34.554s] GC(5) Concurrent Clear Claimed Marks 0.029ms
[2021-03-28T02:26:38.032+0800][34.554s] GC(5) Concurrent Scan Root Regions
[2021-03-28T02:26:38.034+0800][34.556s] GC(5) Concurrent Scan Root Regions 1.924ms
[2021-03-28T02:26:38.034+0800][34.556s] GC(5) Concurrent Mark (34.556s)
[2021-03-28T02:26:38.034+0800][34.556s] GC(5) Concurrent Mark From Roots
[2021-03-28T02:26:38.034+0800][34.556s] GC(5) Using 2 workers of 2 for marking
[2021-03-28T02:26:38.048+0800][34.570s] GC(5) Concurrent Mark From Roots 13.825ms
[2021-03-28T02:26:38.048+0800][34.570s] GC(5) Concurrent Preclean
[2021-03-28T02:26:38.048+0800][34.570s] GC(5) Concurrent Preclean 0.135ms
[2021-03-28T02:26:38.048+0800][34.570s] GC(5) Concurrent Mark (34.556s, 34.570s) 14.007ms
[2021-03-28T02:26:38.048+0800][34.570s] GC(5) Pause Remark
[2021-03-28T02:26:38.052+0800][34.573s] GC(5) Cleaned string and symbol table, strings: 14518 processed, 27 removed, symbols: 101980 processed, 149 removed
[2021-03-28T02:26:38.052+0800][34.574s] GC(5) Pause Remark 32M->32M(512M) 3.642ms
[2021-03-28T02:26:38.052+0800][34.574s] GC(5) User=0.02s Sys=0.00s Real=0.01s
[2021-03-28T02:26:38.052+0800][34.574s] GC(5) Concurrent Rebuild Remembered Sets
[2021-03-28T02:26:38.060+0800][34.582s] GC(5) Concurrent Rebuild Remembered Sets 8.178ms
[2021-03-28T02:26:38.060+0800][34.582s] GC(5) Pause Cleanup
[2021-03-28T02:26:38.060+0800][34.582s] GC(5) Pause Cleanup 33M->33M(512M) 0.115ms
[2021-03-28T02:26:38.060+0800][34.582s] GC(5) User=0.00s Sys=0.00s Real=0.00s
[2021-03-28T02:26:38.060+0800][34.582s] GC(5) Concurrent Cleanup for Next Mark
[2021-03-28T02:26:38.061+0800][34.583s] GC(5) Concurrent Cleanup for Next Mark 0.697ms
[2021-03-28T02:26:38.061+0800][34.583s] GC(5) Concurrent Cycle 29.257ms
[2021-03-28T02:26:38.634+0800][35.156s] GC(6) Pause Young (Normal) (G1 Evacuation Pause)
[2021-03-28T02:26:38.634+0800][35.156s] GC(6) Using 8 workers of 8 for evacuation
[2021-03-28T02:26:38.641+0800][35.163s] GC(6)   Pre Evacuate Collection Set: 0.0ms
[2021-03-28T02:26:38.641+0800][35.163s] GC(6)   Evacuate Collection Set: 5.6ms
[2021-03-28T02:26:38.641+0800][35.163s] GC(6)   Post Evacuate Collection Set: 1.3ms
[2021-03-28T02:26:38.641+0800][35.163s] GC(6)   Other: 0.2ms
[2021-03-28T02:26:38.641+0800][35.163s] GC(6) Eden regions: 126->0(164)
[2021-03-28T02:26:38.641+0800][35.163s] GC(6) Survivor regions: 7->10(17)
[2021-03-28T02:26:38.641+0800][35.163s] GC(6) Old regions: 21->21
[2021-03-28T02:26:38.641+0800][35.163s] GC(6) Humongous regions: 4->4
[2021-03-28T02:26:38.641+0800][35.163s] GC(6) Metaspace: 40620K->40620K(1085440K)
[2021-03-28T02:26:38.642+0800][35.163s] GC(6) Pause Young (Normal) (G1 Evacuation Pause) 155M->32M(512M) 7.213ms
[2021-03-28T02:26:38.642+0800][35.163s] GC(6) User=0.05s Sys=0.01s Real=0.01s
[2021-03-28T02:26:39.246+0800][35.768s] GC(7) Pause Young (Normal) (G1 Evacuation Pause)
[2021-03-28T02:26:39.246+0800][35.768s] GC(7) Using 8 workers of 8 for evacuation
[2021-03-28T02:26:39.255+0800][35.777s] GC(7)   Pre Evacuate Collection Set: 0.0ms
[2021-03-28T02:26:39.255+0800][35.777s] GC(7)   Evacuate Collection Set: 7.5ms
[2021-03-28T02:26:39.255+0800][35.777s] GC(7)   Post Evacuate Collection Set: 1.4ms
[2021-03-28T02:26:39.255+0800][35.777s] GC(7)   Other: 0.2ms
[2021-03-28T02:26:39.255+0800][35.777s] GC(7) Eden regions: 164->0(228)
[2021-03-28T02:26:39.255+0800][35.777s] GC(7) Survivor regions: 10->13(22)
[2021-03-28T02:26:39.255+0800][35.777s] GC(7) Old regions: 21->21
[2021-03-28T02:26:39.255+0800][35.777s] GC(7) Humongous regions: 5->4
[2021-03-28T02:26:39.255+0800][35.777s] GC(7) Metaspace: 44683K->44683K(1089536K)
[2021-03-28T02:26:39.255+0800][35.777s] GC(7) Pause Young (Normal) (G1 Evacuation Pause) 197M->35M(512M) 9.099ms
[2021-03-28T02:26:39.255+0800][35.777s] GC(7) User=0.06s Sys=0.00s Real=0.01s
[2021-03-28T02:30:01.097+0800][237.619s] GC(8) Pause Young (Normal) (G1 Evacuation Pause)
[2021-03-28T02:30:01.103+0800][237.625s] GC(8) Using 8 workers of 8 for evacuation
[2021-03-28T02:30:01.117+0800][237.639s] GC(8)   Pre Evacuate Collection Set: 0.0ms
[2021-03-28T02:30:01.117+0800][237.639s] GC(8)   Evacuate Collection Set: 11.9ms
[2021-03-28T02:30:01.117+0800][237.639s] GC(8)   Post Evacuate Collection Set: 1.7ms
[2021-03-28T02:30:01.117+0800][237.639s] GC(8)   Other: 6.2ms
[2021-03-28T02:30:01.117+0800][237.639s] GC(8) Eden regions: 228->0(283)
[2021-03-28T02:30:01.117+0800][237.639s] GC(8) Survivor regions: 13->24(31)
[2021-03-28T02:30:01.117+0800][237.639s] GC(8) Old regions: 21->21
[2021-03-28T02:30:01.117+0800][237.639s] GC(8) Humongous regions: 7->7
[2021-03-28T02:30:01.117+0800][237.639s] GC(8) Metaspace: 58453K->58453K(1101824K)
[2021-03-28T02:30:01.117+0800][237.639s] GC(8) Pause Young (Normal) (G1 Evacuation Pause) 266M->49M(512M) 19.840ms
[2021-03-28T02:30:01.117+0800][237.639s] GC(8) User=0.08s Sys=0.01s Real=0.02s
[2021-03-28T02:33:38.363+0800][454.884s] GC(9) Pause Young (Concurrent Start) (Metadata GC Threshold)
[2021-03-28T02:33:38.363+0800][454.885s] GC(9) Using 8 workers of 8 for evacuation
[2021-03-28T02:33:38.395+0800][454.917s] GC(9)   Pre Evacuate Collection Set: 0.3ms
[2021-03-28T02:33:38.395+0800][454.917s] GC(9)   Evacuate Collection Set: 31.2ms
[2021-03-28T02:33:38.395+0800][454.917s] GC(9)   Post Evacuate Collection Set: 0.6ms
[2021-03-28T02:33:38.395+0800][454.917s] GC(9)   Other: 0.4ms
[2021-03-28T02:33:38.395+0800][454.917s] GC(9) Eden regions: 13->0(287)
[2021-03-28T02:33:38.395+0800][454.917s] GC(9) Survivor regions: 24->20(39)
[2021-03-28T02:33:38.395+0800][454.917s] GC(9) Old regions: 21->25
[2021-03-28T02:33:38.395+0800][454.917s] GC(9) Humongous regions: 7->7
[2021-03-28T02:33:38.395+0800][454.917s] GC(9) Metaspace: 58596K->58596K(1101824K)
[2021-03-28T02:33:38.395+0800][454.917s] GC(9) Pause Young (Concurrent Start) (Metadata GC Threshold) 61M->50M(512M) 32.590ms
[2021-03-28T02:33:38.395+0800][454.917s] GC(9) User=0.13s Sys=0.01s Real=0.03s
[2021-03-28T02:33:38.395+0800][454.917s] GC(10) Concurrent Cycle
[2021-03-28T02:33:38.395+0800][454.917s] GC(10) Concurrent Clear Claimed Marks
[2021-03-28T02:33:38.395+0800][454.917s] GC(10) Concurrent Clear Claimed Marks 0.140ms
[2021-03-28T02:33:38.395+0800][454.917s] GC(10) Concurrent Scan Root Regions
[2021-03-28T02:33:38.402+0800][454.924s] GC(10) Concurrent Scan Root Regions 6.842ms
[2021-03-28T02:33:38.402+0800][454.924s] GC(10) Concurrent Mark (454.924s)
[2021-03-28T02:33:38.402+0800][454.924s] GC(10) Concurrent Mark From Roots
[2021-03-28T02:33:38.402+0800][454.924s] GC(10) Using 2 workers of 2 for marking
[2021-03-28T02:33:38.420+0800][454.942s] GC(10) Concurrent Mark From Roots 17.671ms
[2021-03-28T02:33:38.420+0800][454.942s] GC(10) Concurrent Preclean
[2021-03-28T02:33:38.420+0800][454.942s] GC(10) Concurrent Preclean 0.214ms
[2021-03-28T02:33:38.420+0800][454.942s] GC(10) Concurrent Mark (454.924s, 454.942s) 17.950ms
[2021-03-28T02:33:38.420+0800][454.942s] GC(10) Pause Remark
[2021-03-28T02:33:38.434+0800][454.956s] GC(10) Cleaned string and symbol table, strings: 26201 processed, 0 removed, symbols: 154740 processed, 562 removed
[2021-03-28T02:33:38.434+0800][454.956s] GC(10) Pause Remark 51M->51M(512M) 13.637ms
[2021-03-28T02:33:38.434+0800][454.956s] GC(10) User=0.10s Sys=0.00s Real=0.02s
[2021-03-28T02:33:38.434+0800][454.956s] GC(10) Concurrent Rebuild Remembered Sets
[2021-03-28T02:33:38.445+0800][454.967s] GC(10) Concurrent Rebuild Remembered Sets 10.473ms
[2021-03-28T02:33:38.445+0800][454.967s] GC(10) Pause Cleanup
[2021-03-28T02:33:38.445+0800][454.967s] GC(10) Pause Cleanup 51M->51M(512M) 0.120ms
[2021-03-28T02:33:38.445+0800][454.967s] GC(10) User=0.00s Sys=0.00s Real=0.00s
[2021-03-28T02:33:38.445+0800][454.967s] GC(10) Concurrent Cleanup for Next Mark
[2021-03-28T02:33:38.446+0800][454.967s] GC(10) Concurrent Cleanup for Next Mark 0.449ms
[2021-03-28T02:33:38.446+0800][454.967s] GC(10) Concurrent Cycle 50.427ms
