[2021-04-02T23:23:09.661+0800][0.009s] Heap region size: 1M
[2021-04-02T23:23:09.674+0800][0.022s] Using G1
[2021-04-02T23:23:09.674+0800][0.022s] Heap address: 0x00000000e0000000, size: 512 MB, Compressed Oops mode: 32-bit
[2021-04-02T23:23:09.674+0800][0.022s] Mark closed archive regions in map: [0x00000000fff00000, 0x00000000fff6aff8]
[2021-04-02T23:23:09.674+0800][0.022s] Mark open archive regions in map: [0x00000000ffe00000, 0x00000000ffe46ff8]
[2021-04-02T23:23:10.191+0800][0.539s] GC(0) Pause Young (Normal) (G1 Evacuation Pause)
[2021-04-02T23:23:10.192+0800][0.540s] GC(0) Using 8 workers of 8 for evacuation
[2021-04-02T23:23:10.201+0800][0.548s] GC(0)   Pre Evacuate Collection Set: 0.0ms
[2021-04-02T23:23:10.201+0800][0.548s] GC(0)   Evacuate Collection Set: 7.5ms
[2021-04-02T23:23:10.201+0800][0.548s] GC(0)   Post Evacuate Collection Set: 1.1ms
[2021-04-02T23:23:10.201+0800][0.548s] GC(0)   Other: 0.6ms
[2021-04-02T23:23:10.201+0800][0.548s] GC(0) Eden regions: 30->0(304)
[2021-04-02T23:23:10.201+0800][0.548s] GC(0) Survivor regions: 0->3(4)
[2021-04-02T23:23:10.201+0800][0.548s] GC(0) Old regions: 2->2
[2021-04-02T23:23:10.201+0800][0.548s] GC(0) Humongous regions: 0->0
[2021-04-02T23:23:10.201+0800][0.548s] GC(0) Metaspace: 6380K->6380K(1056768K)
[2021-04-02T23:23:10.201+0800][0.548s] GC(0) Pause Young (Normal) (G1 Evacuation Pause) 30M->3M(512M) 9.364ms
[2021-04-02T23:23:10.201+0800][0.548s] GC(0) User=0.06s Sys=0.00s Real=0.01s
[2021-04-02T23:23:11.432+0800][1.779s] GC(1) Pause Young (Concurrent Start) (Metadata GC Threshold)
[2021-04-02T23:23:11.432+0800][1.779s] GC(1) Using 8 workers of 8 for evacuation
[2021-04-02T23:23:11.450+0800][1.798s] GC(1)   Pre Evacuate Collection Set: 0.0ms
[2021-04-02T23:23:11.450+0800][1.798s] GC(1)   Evacuate Collection Set: 16.8ms
[2021-04-02T23:23:11.450+0800][1.798s] GC(1)   Post Evacuate Collection Set: 1.8ms
[2021-04-02T23:23:11.451+0800][1.798s] GC(1)   Other: 0.2ms
[2021-04-02T23:23:11.451+0800][1.798s] GC(1) Eden regions: 104->0(83)
[2021-04-02T23:23:11.451+0800][1.798s] GC(1) Survivor regions: 3->19(39)
[2021-04-02T23:23:11.451+0800][1.798s] GC(1) Old regions: 2->2
[2021-04-02T23:23:11.451+0800][1.798s] GC(1) Humongous regions: 4->4
[2021-04-02T23:23:11.451+0800][1.798s] GC(1) Metaspace: 20422K->20422K(1069056K)
[2021-04-02T23:23:11.451+0800][1.798s] GC(1) Pause Young (Concurrent Start) (Metadata GC Threshold) 111M->23M(512M) 18.864ms
[2021-04-02T23:23:11.451+0800][1.798s] GC(1) User=0.10s Sys=0.00s Real=0.02s
[2021-04-02T23:23:11.451+0800][1.798s] GC(2) Concurrent Cycle
[2021-04-02T23:23:11.451+0800][1.798s] GC(2) Concurrent Clear Claimed Marks
[2021-04-02T23:23:11.451+0800][1.798s] GC(2) Concurrent Clear Claimed Marks 0.082ms
[2021-04-02T23:23:11.451+0800][1.799s] GC(2) Concurrent Scan Root Regions
[2021-04-02T23:23:11.458+0800][1.806s] GC(2) Concurrent Scan Root Regions 7.192ms
[2021-04-02T23:23:11.458+0800][1.806s] GC(2) Concurrent Mark (1.806s)
[2021-04-02T23:23:11.458+0800][1.806s] GC(2) Concurrent Mark From Roots
[2021-04-02T23:23:11.458+0800][1.806s] GC(2) Using 2 workers of 2 for marking
[2021-04-02T23:23:11.460+0800][1.807s] GC(2) Concurrent Mark From Roots 1.658ms
[2021-04-02T23:23:11.460+0800][1.807s] GC(2) Concurrent Preclean
[2021-04-02T23:23:11.460+0800][1.808s] GC(2) Concurrent Preclean 0.096ms
[2021-04-02T23:23:11.460+0800][1.808s] GC(2) Concurrent Mark (1.806s, 1.808s) 1.783ms
[2021-04-02T23:23:11.460+0800][1.808s] GC(2) Pause Remark
[2021-04-02T23:23:11.467+0800][1.815s] GC(2) Cleaned string and symbol table, strings: 8682 processed, 0 removed, symbols: 61647 processed, 26 removed
[2021-04-02T23:23:11.467+0800][1.815s] GC(2) Pause Remark 24M->24M(512M) 7.636ms
[2021-04-02T23:23:11.468+0800][1.815s] GC(2) User=0.05s Sys=0.00s Real=0.01s
[2021-04-02T23:23:11.468+0800][1.815s] GC(2) Concurrent Rebuild Remembered Sets
[2021-04-02T23:23:11.470+0800][1.817s] GC(2) Concurrent Rebuild Remembered Sets 2.066ms
[2021-04-02T23:23:11.470+0800][1.817s] GC(2) Pause Cleanup
[2021-04-02T23:23:11.470+0800][1.818s] GC(2) Pause Cleanup 24M->24M(512M) 0.159ms
[2021-04-02T23:23:11.470+0800][1.818s] GC(2) User=0.00s Sys=0.00s Real=0.00s
[2021-04-02T23:23:11.470+0800][1.818s] GC(2) Concurrent Cleanup for Next Mark
[2021-04-02T23:23:11.470+0800][1.818s] GC(2) Concurrent Cleanup for Next Mark 0.510ms
[2021-04-02T23:23:11.470+0800][1.818s] GC(2) Concurrent Cycle 19.840ms
[2021-04-02T23:23:12.389+0800][2.737s] GC(3) Pause Young (Normal) (G1 Evacuation Pause)
[2021-04-02T23:23:12.389+0800][2.737s] GC(3) Using 8 workers of 8 for evacuation
[2021-04-02T23:23:12.413+0800][2.761s] GC(3)   Pre Evacuate Collection Set: 0.0ms
[2021-04-02T23:23:12.413+0800][2.761s] GC(3)   Evacuate Collection Set: 22.7ms
[2021-04-02T23:23:12.413+0800][2.761s] GC(3)   Post Evacuate Collection Set: 1.3ms
[2021-04-02T23:23:12.413+0800][2.761s] GC(3)   Other: 0.1ms
[2021-04-02T23:23:12.413+0800][2.761s] GC(3) Eden regions: 71->0(116)
[2021-04-02T23:23:12.413+0800][2.761s] GC(3) Survivor regions: 19->5(12)
[2021-04-02T23:23:12.413+0800][2.761s] GC(3) Old regions: 2->20
[2021-04-02T23:23:12.413+0800][2.761s] GC(3) Humongous regions: 4->4
[2021-04-02T23:23:12.413+0800][2.761s] GC(3) Metaspace: 28023K->28023K(1075200K)
[2021-04-02T23:23:12.413+0800][2.761s] GC(3) Pause Young (Normal) (G1 Evacuation Pause) 94M->26M(512M) 24.181ms
[2021-04-02T23:23:12.413+0800][2.761s] GC(3) User=0.18s Sys=0.00s Real=0.02s
[2021-04-02T23:23:43.882+0800][34.230s] GC(4) Pause Young (Concurrent Start) (Metadata GC Threshold)
[2021-04-02T23:23:43.882+0800][34.230s] GC(4) Using 8 workers of 8 for evacuation
[2021-04-02T23:23:43.888+0800][34.236s] GC(4)   Pre Evacuate Collection Set: 0.1ms
[2021-04-02T23:23:43.888+0800][34.236s] GC(4)   Evacuate Collection Set: 5.0ms
[2021-04-02T23:23:43.888+0800][34.236s] GC(4)   Post Evacuate Collection Set: 0.5ms
[2021-04-02T23:23:43.888+0800][34.236s] GC(4)   Other: 0.2ms
[2021-04-02T23:23:43.888+0800][34.236s] GC(4) Eden regions: 72->0(141)
[2021-04-02T23:23:43.888+0800][34.236s] GC(4) Survivor regions: 5->7(16)
[2021-04-02T23:23:43.888+0800][34.236s] GC(4) Old regions: 20->20
[2021-04-02T23:23:43.888+0800][34.236s] GC(4) Humongous regions: 4->4
[2021-04-02T23:23:43.888+0800][34.236s] GC(4) Metaspace: 34822K->34822K(1081344K)
[2021-04-02T23:23:43.888+0800][34.236s] GC(4) Pause Young (Concurrent Start) (Metadata GC Threshold) 98M->29M(512M) 5.781ms
[2021-04-02T23:23:43.888+0800][34.236s] GC(4) User=0.04s Sys=0.00s Real=0.01s
[2021-04-02T23:23:43.888+0800][34.236s] GC(5) Concurrent Cycle
[2021-04-02T23:23:43.888+0800][34.236s] GC(5) Concurrent Clear Claimed Marks
[2021-04-02T23:23:43.888+0800][34.236s] GC(5) Concurrent Clear Claimed Marks 0.025ms
[2021-04-02T23:23:43.888+0800][34.236s] GC(5) Concurrent Scan Root Regions
[2021-04-02T23:23:43.890+0800][34.238s] GC(5) Concurrent Scan Root Regions 2.058ms
[2021-04-02T23:23:43.890+0800][34.238s] GC(5) Concurrent Mark (34.238s)
[2021-04-02T23:23:43.890+0800][34.238s] GC(5) Concurrent Mark From Roots
[2021-04-02T23:23:43.890+0800][34.238s] GC(5) Using 2 workers of 2 for marking
[2021-04-02T23:23:43.905+0800][34.253s] GC(5) Concurrent Mark From Roots 14.862ms
[2021-04-02T23:23:43.905+0800][34.253s] GC(5) Concurrent Preclean
[2021-04-02T23:23:43.905+0800][34.253s] GC(5) Concurrent Preclean 0.121ms
[2021-04-02T23:23:43.905+0800][34.253s] GC(5) Concurrent Mark (34.238s, 34.253s) 15.024ms
[2021-04-02T23:23:43.905+0800][34.253s] GC(5) Pause Remark
[2021-04-02T23:23:43.908+0800][34.255s] GC(5) Cleaned string and symbol table, strings: 14618 processed, 27 removed, symbols: 102389 processed, 148 removed
[2021-04-02T23:23:43.908+0800][34.256s] GC(5) Pause Remark 32M->32M(512M) 2.504ms
[2021-04-02T23:23:43.908+0800][34.256s] GC(5) User=0.02s Sys=0.00s Real=0.01s
[2021-04-02T23:23:43.908+0800][34.256s] GC(5) Concurrent Rebuild Remembered Sets
[2021-04-02T23:23:43.916+0800][34.264s] GC(5) Concurrent Rebuild Remembered Sets 7.776ms
[2021-04-02T23:23:43.916+0800][34.264s] GC(5) Pause Cleanup
[2021-04-02T23:23:43.916+0800][34.264s] GC(5) Pause Cleanup 33M->33M(512M) 0.127ms
[2021-04-02T23:23:43.916+0800][34.264s] GC(5) User=0.00s Sys=0.00s Real=0.00s
[2021-04-02T23:23:43.916+0800][34.264s] GC(5) Concurrent Cleanup for Next Mark
[2021-04-02T23:23:43.917+0800][34.264s] GC(5) Concurrent Cleanup for Next Mark 0.338ms
[2021-04-02T23:23:43.917+0800][34.264s] GC(5) Concurrent Cycle 28.601ms
[2021-04-02T23:23:44.691+0800][35.039s] GC(6) Pause Young (Normal) (G1 Evacuation Pause)
[2021-04-02T23:23:44.691+0800][35.039s] GC(6) Using 8 workers of 8 for evacuation
[2021-04-02T23:23:44.698+0800][35.046s] GC(6)   Pre Evacuate Collection Set: 0.0ms
[2021-04-02T23:23:44.698+0800][35.046s] GC(6)   Evacuate Collection Set: 6.2ms
[2021-04-02T23:23:44.698+0800][35.046s] GC(6)   Post Evacuate Collection Set: 0.4ms
[2021-04-02T23:23:44.698+0800][35.046s] GC(6)   Other: 0.2ms
[2021-04-02T23:23:44.698+0800][35.046s] GC(6) Eden regions: 141->0(183)
[2021-04-02T23:23:44.698+0800][35.046s] GC(6) Survivor regions: 7->12(19)
[2021-04-02T23:23:44.698+0800][35.046s] GC(6) Old regions: 20->20
[2021-04-02T23:23:44.698+0800][35.046s] GC(6) Humongous regions: 5->4
[2021-04-02T23:23:44.698+0800][35.046s] GC(6) Metaspace: 42155K->42155K(1087488K)
[2021-04-02T23:23:44.698+0800][35.046s] GC(6) Pause Young (Normal) (G1 Evacuation Pause) 171M->33M(512M) 6.808ms
[2021-04-02T23:23:44.698+0800][35.046s] GC(6) User=0.05s Sys=0.00s Real=0.01s
[2021-04-02T23:23:45.524+0800][35.872s] GC(7) Pause Young (Normal) (G1 Evacuation Pause)
[2021-04-02T23:23:45.524+0800][35.872s] GC(7) Using 8 workers of 8 for evacuation
[2021-04-02T23:23:45.542+0800][35.890s] GC(7)   Pre Evacuate Collection Set: 0.0ms
[2021-04-02T23:23:45.542+0800][35.890s] GC(7)   Evacuate Collection Set: 11.8ms
[2021-04-02T23:23:45.542+0800][35.890s] GC(7)   Post Evacuate Collection Set: 6.0ms
[2021-04-02T23:23:45.542+0800][35.890s] GC(7)   Other: 0.2ms
[2021-04-02T23:23:45.542+0800][35.890s] GC(7) Eden regions: 183->0(292)
[2021-04-02T23:23:45.542+0800][35.890s] GC(7) Survivor regions: 12->15(25)
[2021-04-02T23:23:45.542+0800][35.890s] GC(7) Old regions: 20->20
[2021-04-02T23:23:45.542+0800][35.890s] GC(7) Humongous regions: 4->4
[2021-04-02T23:23:45.542+0800][35.890s] GC(7) Metaspace: 46242K->46242K(1091584K)
[2021-04-02T23:23:45.542+0800][35.890s] GC(7) Pause Young (Normal) (G1 Evacuation Pause) 216M->37M(512M) 18.039ms
[2021-04-02T23:23:45.542+0800][35.890s] GC(7) User=0.13s Sys=0.01s Real=0.02s
[2021-04-02T23:23:54.598+0800][44.945s] GC(8) Pause Young (Concurrent Start) (Metadata GC Threshold)
[2021-04-02T23:23:54.598+0800][44.945s] GC(8) Using 8 workers of 8 for evacuation
[2021-04-02T23:23:54.616+0800][44.964s] GC(8)   Pre Evacuate Collection Set: 0.1ms
[2021-04-02T23:23:54.616+0800][44.964s] GC(8)   Evacuate Collection Set: 16.6ms
[2021-04-02T23:23:54.616+0800][44.964s] GC(8)   Post Evacuate Collection Set: 1.5ms
[2021-04-02T23:23:54.616+0800][44.964s] GC(8)   Other: 0.2ms
[2021-04-02T23:23:54.616+0800][44.964s] GC(8) Eden regions: 235->0(279)
[2021-04-02T23:23:54.616+0800][44.964s] GC(8) Survivor regions: 15->28(39)
[2021-04-02T23:23:54.616+0800][44.964s] GC(8) Old regions: 20->20
[2021-04-02T23:23:54.616+0800][44.964s] GC(8) Humongous regions: 7->7
[2021-04-02T23:23:54.616+0800][44.964s] GC(8) Metaspace: 58743K->58743K(1101824K)
[2021-04-02T23:23:54.616+0800][44.964s] GC(8) Pause Young (Concurrent Start) (Metadata GC Threshold) 275M->53M(512M) 18.486ms
[2021-04-02T23:23:54.616+0800][44.964s] GC(8) User=0.10s Sys=0.01s Real=0.02s
[2021-04-02T23:23:54.616+0800][44.964s] GC(9) Concurrent Cycle
[2021-04-02T23:23:54.616+0800][44.964s] GC(9) Concurrent Clear Claimed Marks
[2021-04-02T23:23:54.616+0800][44.964s] GC(9) Concurrent Clear Claimed Marks 0.124ms
[2021-04-02T23:23:54.616+0800][44.964s] GC(9) Concurrent Scan Root Regions
[2021-04-02T23:23:54.625+0800][44.973s] GC(9) Concurrent Scan Root Regions 8.544ms
[2021-04-02T23:23:54.625+0800][44.973s] GC(9) Concurrent Mark (44.973s)
[2021-04-02T23:23:54.625+0800][44.973s] GC(9) Concurrent Mark From Roots
[2021-04-02T23:23:54.625+0800][44.973s] GC(9) Using 2 workers of 2 for marking
[2021-04-02T23:23:54.649+0800][44.996s] GC(9) Concurrent Mark From Roots 23.594ms
[2021-04-02T23:23:54.649+0800][44.996s] GC(9) Concurrent Preclean
[2021-04-02T23:23:54.649+0800][44.997s] GC(9) Concurrent Preclean 0.247ms
[2021-04-02T23:23:54.649+0800][44.997s] GC(9) Concurrent Mark (44.973s, 44.997s) 23.922ms
[2021-04-02T23:23:54.649+0800][44.997s] GC(9) Pause Remark
[2021-04-02T23:23:54.658+0800][45.005s] GC(9) Cleaned string and symbol table, strings: 26400 processed, 0 removed, symbols: 155004 processed, 561 removed
[2021-04-02T23:23:54.658+0800][45.006s] GC(9) Pause Remark 56M->56M(512M) 8.728ms
[2021-04-02T23:23:54.658+0800][45.006s] GC(9) User=0.05s Sys=0.00s Real=0.01s
[2021-04-02T23:23:54.658+0800][45.006s] GC(9) Concurrent Rebuild Remembered Sets
[2021-04-02T23:23:54.674+0800][45.022s] GC(9) Concurrent Rebuild Remembered Sets 15.805ms
[2021-04-02T23:23:54.674+0800][45.022s] GC(9) Pause Cleanup
[2021-04-02T23:23:54.674+0800][45.022s] GC(9) Pause Cleanup 57M->57M(512M) 0.182ms
[2021-04-02T23:23:54.674+0800][45.022s] GC(9) User=0.01s Sys=0.00s Real=0.00s
[2021-04-02T23:23:54.674+0800][45.022s] GC(9) Concurrent Cleanup for Next Mark
[2021-04-02T23:23:54.675+0800][45.023s] GC(9) Concurrent Cleanup for Next Mark 0.854ms
[2021-04-02T23:23:54.675+0800][45.023s] GC(9) Concurrent Cycle 59.089ms
[2021-04-02T23:23:56.113+0800][46.460s] GC(10) Pause Young (Normal) (G1 Evacuation Pause)
[2021-04-02T23:23:56.113+0800][46.460s] GC(10) Using 8 workers of 8 for evacuation
[2021-04-02T23:23:56.141+0800][46.488s] GC(10)   Pre Evacuate Collection Set: 0.0ms
[2021-04-02T23:23:56.141+0800][46.488s] GC(10)   Evacuate Collection Set: 27.2ms
[2021-04-02T23:23:56.141+0800][46.488s] GC(10)   Post Evacuate Collection Set: 0.6ms
[2021-04-02T23:23:56.141+0800][46.488s] GC(10)   Other: 0.2ms
[2021-04-02T23:23:56.141+0800][46.488s] GC(10) Eden regions: 279->0(284)
[2021-04-02T23:23:56.141+0800][46.488s] GC(10) Survivor regions: 28->23(39)
[2021-04-02T23:23:56.141+0800][46.488s] GC(10) Old regions: 20->30
[2021-04-02T23:23:56.141+0800][46.488s] GC(10) Humongous regions: 7->7
[2021-04-02T23:23:56.141+0800][46.488s] GC(10) Metaspace: 60952K->60952K(1103872K)
[2021-04-02T23:23:56.141+0800][46.488s] GC(10) Pause Young (Normal) (G1 Evacuation Pause) 332M->57M(512M) 28.129ms
[2021-04-02T23:23:56.141+0800][46.488s] GC(10) User=0.16s Sys=0.02s Real=0.03s
[2021-04-02T23:23:56.670+0800][47.017s] GC(11) Pause Young (Concurrent Start) (G1 Humongous Allocation)
[2021-04-02T23:23:56.670+0800][47.017s] GC(11) Using 8 workers of 8 for evacuation
[2021-04-02T23:23:56.686+0800][47.034s] GC(11)   Pre Evacuate Collection Set: 0.2ms
[2021-04-02T23:23:56.686+0800][47.034s] GC(11)   Evacuate Collection Set: 15.2ms
[2021-04-02T23:23:56.686+0800][47.034s] GC(11)   Post Evacuate Collection Set: 0.7ms
[2021-04-02T23:23:56.686+0800][47.034s] GC(11)   Other: 0.2ms
[2021-04-02T23:23:56.686+0800][47.034s] GC(11) Eden regions: 104->0(286)
[2021-04-02T23:23:56.686+0800][47.034s] GC(11) Survivor regions: 23->21(39)
[2021-04-02T23:23:56.686+0800][47.034s] GC(11) Old regions: 30->34
[2021-04-02T23:23:56.686+0800][47.034s] GC(11) Humongous regions: 201->9
[2021-04-02T23:23:56.686+0800][47.034s] GC(11) Metaspace: 61306K->61306K(1105920K)
[2021-04-02T23:23:56.686+0800][47.034s] GC(11) Pause Young (Concurrent Start) (G1 Humongous Allocation) 355M->61M(512M) 16.353ms
[2021-04-02T23:23:56.686+0800][47.034s] GC(11) User=0.08s Sys=0.01s Real=0.01s
[2021-04-02T23:23:56.686+0800][47.034s] GC(12) Concurrent Cycle
[2021-04-02T23:23:56.686+0800][47.034s] GC(12) Concurrent Clear Claimed Marks
[2021-04-02T23:23:56.686+0800][47.034s] GC(12) Concurrent Clear Claimed Marks 0.254ms
[2021-04-02T23:23:56.686+0800][47.034s] GC(12) Concurrent Scan Root Regions
[2021-04-02T23:23:56.694+0800][47.042s] GC(12) Concurrent Scan Root Regions 7.747ms
[2021-04-02T23:23:56.694+0800][47.042s] GC(12) Concurrent Mark (47.042s)
[2021-04-02T23:23:56.694+0800][47.042s] GC(12) Concurrent Mark From Roots
[2021-04-02T23:23:56.694+0800][47.042s] GC(12) Using 2 workers of 2 for marking
[2021-04-02T23:23:56.763+0800][47.110s] GC(12) Concurrent Mark From Roots 68.379ms
[2021-04-02T23:23:56.763+0800][47.110s] GC(12) Concurrent Preclean
[2021-04-02T23:23:56.763+0800][47.111s] GC(12) Concurrent Preclean 0.318ms
[2021-04-02T23:23:56.763+0800][47.111s] GC(12) Concurrent Mark (47.042s, 47.111s) 68.783ms
[2021-04-02T23:23:56.767+0800][47.115s] GC(12) Pause Remark
[2021-04-02T23:23:56.778+0800][47.126s] GC(12) Cleaned string and symbol table, strings: 27154 processed, 21 removed, symbols: 155670 processed, 0 removed
[2021-04-02T23:23:56.778+0800][47.126s] GC(12) Pause Remark 126M->126M(512M) 11.227ms
[2021-04-02T23:23:56.778+0800][47.126s] GC(12) User=0.06s Sys=0.00s Real=0.01s
[2021-04-02T23:23:56.778+0800][47.126s] GC(12) Concurrent Rebuild Remembered Sets
[2021-04-02T23:23:56.803+0800][47.151s] GC(12) Concurrent Rebuild Remembered Sets 24.914ms
[2021-04-02T23:23:56.804+0800][47.151s] GC(12) Pause Cleanup
[2021-04-02T23:23:56.804+0800][47.152s] GC(12) Pause Cleanup 149M->149M(512M) 0.163ms
[2021-04-02T23:23:56.804+0800][47.152s] GC(12) User=0.01s Sys=0.00s Real=0.00s
[2021-04-02T23:23:56.804+0800][47.152s] GC(12) Concurrent Cleanup for Next Mark
[2021-04-02T23:23:56.805+0800][47.153s] GC(12) Concurrent Cleanup for Next Mark 0.862ms
[2021-04-02T23:23:56.805+0800][47.153s] GC(12) Concurrent Cycle 118.744ms
[2021-04-02T23:23:58.477+0800][48.825s] GC(13) Pause Young (Normal) (G1 Evacuation Pause)
[2021-04-02T23:23:58.477+0800][48.825s] GC(13) Using 8 workers of 8 for evacuation
[2021-04-02T23:23:58.533+0800][48.881s] GC(13) To-space exhausted
[2021-04-02T23:23:58.533+0800][48.881s] GC(13)   Pre Evacuate Collection Set: 0.0ms
[2021-04-02T23:23:58.533+0800][48.881s] GC(13)   Evacuate Collection Set: 17.7ms
[2021-04-02T23:23:58.533+0800][48.881s] GC(13)   Post Evacuate Collection Set: 38.1ms
[2021-04-02T23:23:58.533+0800][48.881s] GC(13)   Other: 0.2ms
[2021-04-02T23:23:58.533+0800][48.881s] GC(13) Eden regions: 286->0(84)
[2021-04-02T23:23:58.533+0800][48.881s] GC(13) Survivor regions: 21->12(39)
[2021-04-02T23:23:58.533+0800][48.881s] GC(13) Old regions: 34->341
[2021-04-02T23:23:58.533+0800][48.881s] GC(13) Humongous regions: 159->7
[2021-04-02T23:23:58.533+0800][48.881s] GC(13) Metaspace: 61306K->61306K(1105920K)
[2021-04-02T23:23:58.533+0800][48.881s] GC(13) Pause Young (Normal) (G1 Evacuation Pause) 497M->358M(512M) 56.154ms
[2021-04-02T23:23:58.533+0800][48.881s] GC(13) User=0.29s Sys=0.01s Real=0.05s
[2021-04-02T23:23:58.727+0800][49.074s] GC(14) Pause Young (Concurrent Start) (G1 Humongous Allocation)
[2021-04-02T23:23:58.727+0800][49.074s] GC(14) Using 8 workers of 8 for evacuation
[2021-04-02T23:23:58.747+0800][49.095s] GC(14)   Pre Evacuate Collection Set: 0.2ms
[2021-04-02T23:23:58.747+0800][49.095s] GC(14)   Evacuate Collection Set: 19.9ms
[2021-04-02T23:23:58.747+0800][49.095s] GC(14)   Post Evacuate Collection Set: 0.6ms
[2021-04-02T23:23:58.747+0800][49.095s] GC(14)   Other: 0.2ms
[2021-04-02T23:23:58.747+0800][49.095s] GC(14) Eden regions: 39->0(63)
[2021-04-02T23:23:58.747+0800][49.095s] GC(14) Survivor regions: 12->11(12)
[2021-04-02T23:23:58.747+0800][49.095s] GC(14) Old regions: 341->348
[2021-04-02T23:23:58.747+0800][49.095s] GC(14) Humongous regions: 7->7
[2021-04-02T23:23:58.747+0800][49.095s] GC(14) Metaspace: 61306K->61306K(1105920K)
[2021-04-02T23:23:58.748+0800][49.095s] GC(14) Pause Young (Concurrent Start) (G1 Humongous Allocation) 396M->363M(512M) 20.932ms
[2021-04-02T23:23:58.748+0800][49.095s] GC(14) User=0.08s Sys=0.00s Real=0.03s
[2021-04-02T23:23:58.748+0800][49.095s] GC(15) Concurrent Cycle
[2021-04-02T23:23:58.748+0800][49.095s] GC(15) Concurrent Clear Claimed Marks
[2021-04-02T23:23:58.748+0800][49.096s] GC(15) Concurrent Clear Claimed Marks 0.219ms
[2021-04-02T23:23:58.748+0800][49.096s] GC(15) Concurrent Scan Root Regions
[2021-04-02T23:23:58.749+0800][49.097s] GC(15) Concurrent Scan Root Regions 1.668ms
[2021-04-02T23:23:58.750+0800][49.097s] GC(15) Concurrent Mark (49.097s)
[2021-04-02T23:23:58.750+0800][49.097s] GC(15) Concurrent Mark From Roots
[2021-04-02T23:23:58.750+0800][49.097s] GC(15) Using 2 workers of 2 for marking
[2021-04-02T23:23:58.818+0800][49.166s] GC(15) Concurrent Mark From Roots 68.563ms
[2021-04-02T23:23:58.818+0800][49.166s] GC(15) Concurrent Preclean
[2021-04-02T23:23:58.818+0800][49.166s] GC(15) Concurrent Preclean 0.224ms
[2021-04-02T23:23:58.818+0800][49.166s] GC(15) Concurrent Mark (49.097s, 49.166s) 68.848ms
[2021-04-02T23:23:58.820+0800][49.168s] GC(15) Pause Remark
[2021-04-02T23:23:58.832+0800][49.180s] GC(15) Cleaned string and symbol table, strings: 27230 processed, 3 removed, symbols: 155670 processed, 30 removed
[2021-04-02T23:23:58.832+0800][49.180s] GC(15) Pause Remark 373M->373M(512M) 12.021ms
[2021-04-02T23:23:58.832+0800][49.180s] GC(15) User=0.06s Sys=0.00s Real=0.01s
[2021-04-02T23:23:58.832+0800][49.180s] GC(15) Concurrent Rebuild Remembered Sets
[2021-04-02T23:23:58.873+0800][49.221s] GC(15) Concurrent Rebuild Remembered Sets 41.002ms
[2021-04-02T23:23:58.874+0800][49.221s] GC(15) Pause Cleanup
[2021-04-02T23:23:58.874+0800][49.222s] GC(15) Pause Cleanup 379M->379M(512M) 0.248ms
[2021-04-02T23:23:58.874+0800][49.222s] GC(15) User=0.00s Sys=0.00s Real=0.00s
[2021-04-02T23:23:58.874+0800][49.222s] GC(15) Concurrent Cleanup for Next Mark
[2021-04-02T23:23:58.875+0800][49.223s] GC(15) Concurrent Cleanup for Next Mark 0.818ms
[2021-04-02T23:23:58.875+0800][49.223s] GC(15) Concurrent Cycle 127.370ms
[2021-04-02T23:23:59.140+0800][49.487s] GC(16) Pause Young (Prepare Mixed) (G1 Evacuation Pause)
[2021-04-02T23:23:59.140+0800][49.487s] GC(16) Using 8 workers of 8 for evacuation
[2021-04-02T23:23:59.148+0800][49.496s] GC(16)   Pre Evacuate Collection Set: 0.0ms
[2021-04-02T23:23:59.148+0800][49.496s] GC(16)   Evacuate Collection Set: 8.0ms
[2021-04-02T23:23:59.148+0800][49.496s] GC(16)   Post Evacuate Collection Set: 0.5ms
[2021-04-02T23:23:59.148+0800][49.496s] GC(16)   Other: 0.2ms
[2021-04-02T23:23:59.148+0800][49.496s] GC(16) Eden regions: 63->0(18)
[2021-04-02T23:23:59.148+0800][49.496s] GC(16) Survivor regions: 11->7(10)
[2021-04-02T23:23:59.148+0800][49.496s] GC(16) Old regions: 348->353
[2021-04-02T23:23:59.148+0800][49.496s] GC(16) Humongous regions: 9->9
[2021-04-02T23:23:59.148+0800][49.496s] GC(16) Metaspace: 61264K->61264K(1105920K)
[2021-04-02T23:23:59.148+0800][49.496s] GC(16) Pause Young (Prepare Mixed) (G1 Evacuation Pause) 428M->366M(512M) 8.782ms
[2021-04-02T23:23:59.148+0800][49.496s] GC(16) User=0.05s Sys=0.01s Real=0.01s
[2021-04-02T23:23:59.262+0800][49.610s] GC(17) Pause Young (Mixed) (G1 Evacuation Pause)
[2021-04-02T23:23:59.262+0800][49.610s] GC(17) Using 8 workers of 8 for evacuation
[2021-04-02T23:23:59.267+0800][49.615s] GC(17)   Pre Evacuate Collection Set: 0.0ms
[2021-04-02T23:23:59.267+0800][49.615s] GC(17)   Evacuate Collection Set: 3.9ms
[2021-04-02T23:23:59.267+0800][49.615s] GC(17)   Post Evacuate Collection Set: 0.4ms
[2021-04-02T23:23:59.267+0800][49.615s] GC(17)   Other: 0.2ms
[2021-04-02T23:23:59.267+0800][49.615s] GC(17) Eden regions: 18->0(22)
[2021-04-02T23:23:59.267+0800][49.615s] GC(17) Survivor regions: 7->3(4)
[2021-04-02T23:23:59.267+0800][49.615s] GC(17) Old regions: 353->306
[2021-04-02T23:23:59.267+0800][49.615s] GC(17) Humongous regions: 9->9
[2021-04-02T23:23:59.267+0800][49.615s] GC(17) Metaspace: 61264K->61264K(1105920K)
[2021-04-02T23:23:59.267+0800][49.615s] GC(17) Pause Young (Mixed) (G1 Evacuation Pause) 384M->315M(512M) 4.563ms
[2021-04-02T23:23:59.267+0800][49.615s] GC(17) User=0.03s Sys=0.00s Real=0.01s
[2021-04-02T23:23:59.401+0800][49.749s] GC(18) Pause Young (Mixed) (G1 Evacuation Pause)
[2021-04-02T23:23:59.401+0800][49.749s] GC(18) Using 8 workers of 8 for evacuation
[2021-04-02T23:23:59.405+0800][49.753s] GC(18)   Pre Evacuate Collection Set: 0.0ms
[2021-04-02T23:23:59.405+0800][49.753s] GC(18)   Evacuate Collection Set: 3.6ms
[2021-04-02T23:23:59.405+0800][49.753s] GC(18)   Post Evacuate Collection Set: 0.3ms
[2021-04-02T23:23:59.405+0800][49.753s] GC(18)   Other: 0.1ms
[2021-04-02T23:23:59.405+0800][49.753s] GC(18) Eden regions: 22->0(23)
[2021-04-02T23:23:59.405+0800][49.753s] GC(18) Survivor regions: 3->2(4)
[2021-04-02T23:23:59.405+0800][49.753s] GC(18) Old regions: 306->256
[2021-04-02T23:23:59.405+0800][49.753s] GC(18) Humongous regions: 9->9
[2021-04-02T23:23:59.405+0800][49.753s] GC(18) Metaspace: 61264K->61264K(1105920K)
[2021-04-02T23:23:59.405+0800][49.753s] GC(18) Pause Young (Mixed) (G1 Evacuation Pause) 337M->264M(512M) 4.225ms
[2021-04-02T23:23:59.405+0800][49.753s] GC(18) User=0.01s Sys=0.01s Real=0.00s
[2021-04-02T23:23:59.624+0800][49.972s] GC(19) Pause Young (Mixed) (G1 Evacuation Pause)
[2021-04-02T23:23:59.624+0800][49.972s] GC(19) Using 8 workers of 8 for evacuation
[2021-04-02T23:23:59.627+0800][49.975s] GC(19)   Pre Evacuate Collection Set: 0.0ms
[2021-04-02T23:23:59.627+0800][49.975s] GC(19)   Evacuate Collection Set: 2.4ms
[2021-04-02T23:23:59.627+0800][49.975s] GC(19)   Post Evacuate Collection Set: 0.4ms
[2021-04-02T23:23:59.628+0800][49.975s] GC(19)   Other: 0.1ms
[2021-04-02T23:23:59.628+0800][49.975s] GC(19) Eden regions: 23->0(22)
[2021-04-02T23:23:59.628+0800][49.975s] GC(19) Survivor regions: 2->3(4)
[2021-04-02T23:23:59.628+0800][49.975s] GC(19) Old regions: 256->205
[2021-04-02T23:23:59.628+0800][49.975s] GC(19) Humongous regions: 9->9
[2021-04-02T23:23:59.628+0800][49.975s] GC(19) Metaspace: 61323K->61323K(1105920K)
[2021-04-02T23:23:59.628+0800][49.975s] GC(19) Pause Young (Mixed) (G1 Evacuation Pause) 287M->213M(512M) 3.076ms
[2021-04-02T23:23:59.628+0800][49.975s] GC(19) User=0.02s Sys=0.00s Real=0.01s
[2021-04-02T23:23:59.682+0800][50.030s] GC(20) Pause Young (Mixed) (G1 Evacuation Pause)
[2021-04-02T23:23:59.682+0800][50.030s] GC(20) Using 8 workers of 8 for evacuation
[2021-04-02T23:23:59.686+0800][50.033s] GC(20)   Pre Evacuate Collection Set: 0.1ms
[2021-04-02T23:23:59.686+0800][50.033s] GC(20)   Evacuate Collection Set: 3.1ms
[2021-04-02T23:23:59.686+0800][50.033s] GC(20)   Post Evacuate Collection Set: 0.3ms
[2021-04-02T23:23:59.686+0800][50.033s] GC(20)   Other: 0.1ms
[2021-04-02T23:23:59.686+0800][50.033s] GC(20) Eden regions: 22->0(23)
[2021-04-02T23:23:59.686+0800][50.033s] GC(20) Survivor regions: 3->2(4)
[2021-04-02T23:23:59.686+0800][50.033s] GC(20) Old regions: 205->154
[2021-04-02T23:23:59.686+0800][50.033s] GC(20) Humongous regions: 9->9
[2021-04-02T23:23:59.686+0800][50.033s] GC(20) Metaspace: 61328K->61328K(1105920K)
[2021-04-02T23:23:59.686+0800][50.033s] GC(20) Pause Young (Mixed) (G1 Evacuation Pause) 235M->161M(512M) 3.711ms
[2021-04-02T23:23:59.686+0800][50.033s] GC(20) User=0.01s Sys=0.00s Real=0.00s
[2021-04-02T23:24:00.029+0800][50.377s] GC(21) Pause Young (Mixed) (G1 Evacuation Pause)
[2021-04-02T23:24:00.029+0800][50.377s] GC(21) Using 8 workers of 8 for evacuation
[2021-04-02T23:24:00.033+0800][50.381s] GC(21)   Pre Evacuate Collection Set: 0.1ms
[2021-04-02T23:24:00.033+0800][50.381s] GC(21)   Evacuate Collection Set: 3.6ms
[2021-04-02T23:24:00.033+0800][50.381s] GC(21)   Post Evacuate Collection Set: 0.4ms
[2021-04-02T23:24:00.034+0800][50.381s] GC(21)   Other: 0.2ms
[2021-04-02T23:24:00.034+0800][50.381s] GC(21) Eden regions: 23->0(23)
[2021-04-02T23:24:00.034+0800][50.381s] GC(21) Survivor regions: 2->2(4)
[2021-04-02T23:24:00.034+0800][50.381s] GC(21) Old regions: 154->103
[2021-04-02T23:24:00.034+0800][50.381s] GC(21) Humongous regions: 9->9
[2021-04-02T23:24:00.034+0800][50.381s] GC(21) Metaspace: 61505K->61505K(1105920K)
[2021-04-02T23:24:00.034+0800][50.381s] GC(21) Pause Young (Mixed) (G1 Evacuation Pause) 184M->111M(512M) 4.403ms
[2021-04-02T23:24:00.034+0800][50.381s] GC(21) User=0.02s Sys=0.00s Real=0.00s
[2021-04-02T23:24:00.095+0800][50.443s] GC(22) Pause Young (Mixed) (G1 Evacuation Pause)
[2021-04-02T23:24:00.095+0800][50.443s] GC(22) Using 8 workers of 8 for evacuation
[2021-04-02T23:24:00.098+0800][50.445s] GC(22)   Pre Evacuate Collection Set: 0.0ms
[2021-04-02T23:24:00.098+0800][50.445s] GC(22)   Evacuate Collection Set: 2.3ms
[2021-04-02T23:24:00.098+0800][50.445s] GC(22)   Post Evacuate Collection Set: 0.4ms
[2021-04-02T23:24:00.098+0800][50.446s] GC(22)   Other: 0.2ms
[2021-04-02T23:24:00.098+0800][50.446s] GC(22) Eden regions: 23->0(221)
[2021-04-02T23:24:00.098+0800][50.446s] GC(22) Survivor regions: 2->2(4)
[2021-04-02T23:24:00.098+0800][50.446s] GC(22) Old regions: 103->94
[2021-04-02T23:24:00.098+0800][50.446s] GC(22) Humongous regions: 9->9
[2021-04-02T23:24:00.098+0800][50.446s] GC(22) Metaspace: 61510K->61510K(1105920K)
[2021-04-02T23:24:00.098+0800][50.446s] GC(22) Pause Young (Mixed) (G1 Evacuation Pause) 134M->102M(512M) 3.054ms
[2021-04-02T23:24:00.098+0800][50.446s] GC(22) User=0.00s Sys=0.00s Real=0.00s
[2021-04-02T23:25:16.533+0800][126.880s] GC(23) Pause Young (Normal) (G1 Evacuation Pause)
[2021-04-02T23:25:16.533+0800][126.881s] GC(23) Using 8 workers of 8 for evacuation
[2021-04-02T23:25:16.541+0800][126.889s] GC(23)   Pre Evacuate Collection Set: 0.0ms
[2021-04-02T23:25:16.541+0800][126.889s] GC(23)   Evacuate Collection Set: 6.7ms
[2021-04-02T23:25:16.541+0800][126.889s] GC(23)   Post Evacuate Collection Set: 1.2ms
[2021-04-02T23:25:16.541+0800][126.889s] GC(23)   Other: 0.2ms
[2021-04-02T23:25:16.541+0800][126.889s] GC(23) Eden regions: 221->0(229)
[2021-04-02T23:25:16.541+0800][126.889s] GC(23) Survivor regions: 2->12(28)
[2021-04-02T23:25:16.541+0800][126.889s] GC(23) Old regions: 94->94
[2021-04-02T23:25:16.541+0800][126.889s] GC(23) Humongous regions: 9->9
[2021-04-02T23:25:16.541+0800][126.889s] GC(23) Metaspace: 63082K->63082K(1105920K)
[2021-04-02T23:25:16.541+0800][126.889s] GC(23) Pause Young (Normal) (G1 Evacuation Pause) 323M->112M(512M) 8.165ms
[2021-04-02T23:25:16.541+0800][126.889s] GC(23) User=0.06s Sys=0.00s Real=0.01s
[2021-04-02T23:25:17.897+0800][128.245s] GC(24) Pause Young (Normal) (G1 Evacuation Pause)
[2021-04-02T23:25:17.897+0800][128.245s] GC(24) Using 8 workers of 8 for evacuation
[2021-04-02T23:25:17.914+0800][128.262s] GC(24)   Pre Evacuate Collection Set: 0.0ms
[2021-04-02T23:25:17.914+0800][128.262s] GC(24)   Evacuate Collection Set: 16.0ms
[2021-04-02T23:25:17.914+0800][128.262s] GC(24)   Post Evacuate Collection Set: 1.2ms
[2021-04-02T23:25:17.914+0800][128.262s] GC(24)   Other: 0.3ms
[2021-04-02T23:25:17.914+0800][128.262s] GC(24) Eden regions: 229->0(235)
[2021-04-02T23:25:17.914+0800][128.262s] GC(24) Survivor regions: 12->22(31)
[2021-04-02T23:25:17.914+0800][128.262s] GC(24) Old regions: 94->94
[2021-04-02T23:25:17.914+0800][128.262s] GC(24) Humongous regions: 9->9
[2021-04-02T23:25:17.914+0800][128.262s] GC(24) Metaspace: 63137K->63137K(1105920K)
[2021-04-02T23:25:17.915+0800][128.262s] GC(24) Pause Young (Normal) (G1 Evacuation Pause) 341M->122M(512M) 17.554ms
[2021-04-02T23:25:17.915+0800][128.262s] GC(24) User=0.09s Sys=0.00s Real=0.01s
[2021-04-02T23:25:19.494+0800][129.842s] GC(25) Pause Young (Normal) (G1 Evacuation Pause)
[2021-04-02T23:25:19.495+0800][129.842s] GC(25) Using 8 workers of 8 for evacuation
[2021-04-02T23:25:19.507+0800][129.855s] GC(25)   Pre Evacuate Collection Set: 0.0ms
[2021-04-02T23:25:19.507+0800][129.855s] GC(25)   Evacuate Collection Set: 12.2ms
[2021-04-02T23:25:19.507+0800][129.855s] GC(25)   Post Evacuate Collection Set: 0.5ms
[2021-04-02T23:25:19.507+0800][129.855s] GC(25)   Other: 0.2ms
[2021-04-02T23:25:19.507+0800][129.855s] GC(25) Eden regions: 235->0(241)
[2021-04-02T23:25:19.507+0800][129.855s] GC(25) Survivor regions: 22->18(33)
[2021-04-02T23:25:19.507+0800][129.855s] GC(25) Old regions: 94->105
[2021-04-02T23:25:19.507+0800][129.855s] GC(25) Humongous regions: 9->9
[2021-04-02T23:25:19.507+0800][129.855s] GC(25) Metaspace: 63139K->63139K(1105920K)
[2021-04-02T23:25:19.507+0800][129.855s] GC(25) Pause Young (Normal) (G1 Evacuation Pause) 357M->129M(512M) 12.953ms
[2021-04-02T23:25:19.507+0800][129.855s] GC(25) User=0.07s Sys=0.01s Real=0.02s
