[2021-03-30T16:14:58.038+0800][0.009s] Heap region size: 1M
[2021-03-30T16:14:58.053+0800][0.025s] Using G1
[2021-03-30T16:14:58.053+0800][0.025s] Heap address: 0x00000000e0000000, size: 512 MB, Compressed Oops mode: 32-bit
[2021-03-30T16:14:58.054+0800][0.025s] Mark closed archive regions in map: [0x00000000fff00000, 0x00000000fff6aff8]
[2021-03-30T16:14:58.054+0800][0.025s] Mark open archive regions in map: [0x00000000ffe00000, 0x00000000ffe46ff8]
[2021-03-30T16:14:58.713+0800][0.685s] GC(0) Pause Young (Normal) (G1 Evacuation Pause)
[2021-03-30T16:14:58.714+0800][0.685s] GC(0) Using 8 workers of 8 for evacuation
[2021-03-30T16:14:58.725+0800][0.696s] GC(0)   Pre Evacuate Collection Set: 0.0ms
[2021-03-30T16:14:58.725+0800][0.696s] GC(0)   Evacuate Collection Set: 9.9ms
[2021-03-30T16:14:58.725+0800][0.696s] GC(0)   Post Evacuate Collection Set: 1.1ms
[2021-03-30T16:14:58.725+0800][0.696s] GC(0)   Other: 0.8ms
[2021-03-30T16:14:58.725+0800][0.696s] GC(0) Eden regions: 30->0(304)
[2021-03-30T16:14:58.725+0800][0.696s] GC(0) Survivor regions: 0->3(4)
[2021-03-30T16:14:58.725+0800][0.696s] GC(0) Old regions: 2->2
[2021-03-30T16:14:58.725+0800][0.696s] GC(0) Humongous regions: 0->0
[2021-03-30T16:14:58.725+0800][0.696s] GC(0) Metaspace: 6309K->6309K(1056768K)
[2021-03-30T16:14:58.725+0800][0.697s] GC(0) Pause Young (Normal) (G1 Evacuation Pause) 30M->3M(512M) 11.938ms
[2021-03-30T16:14:58.725+0800][0.697s] GC(0) User=0.06s Sys=0.00s Real=0.02s
[2021-03-30T16:15:00.388+0800][2.359s] GC(1) Pause Young (Concurrent Start) (Metadata GC Threshold)
[2021-03-30T16:15:00.388+0800][2.359s] GC(1) Using 8 workers of 8 for evacuation
[2021-03-30T16:15:00.409+0800][2.380s] GC(1)   Pre Evacuate Collection Set: 0.1ms
[2021-03-30T16:15:00.409+0800][2.380s] GC(1)   Evacuate Collection Set: 18.4ms
[2021-03-30T16:15:00.409+0800][2.380s] GC(1)   Post Evacuate Collection Set: 2.1ms
[2021-03-30T16:15:00.409+0800][2.380s] GC(1)   Other: 0.3ms
[2021-03-30T16:15:00.409+0800][2.380s] GC(1) Eden regions: 106->0(83)
[2021-03-30T16:15:00.409+0800][2.380s] GC(1) Survivor regions: 3->19(39)
[2021-03-30T16:15:00.409+0800][2.380s] GC(1) Old regions: 2->2
[2021-03-30T16:15:00.409+0800][2.380s] GC(1) Humongous regions: 4->4
[2021-03-30T16:15:00.409+0800][2.380s] GC(1) Metaspace: 20477K->20477K(1069056K)
[2021-03-30T16:15:00.409+0800][2.380s] GC(1) Pause Young (Concurrent Start) (Metadata GC Threshold) 113M->23M(512M) 20.882ms
[2021-03-30T16:15:00.409+0800][2.380s] GC(1) User=0.09s Sys=0.00s Real=0.02s
[2021-03-30T16:15:00.409+0800][2.380s] GC(2) Concurrent Cycle
[2021-03-30T16:15:00.409+0800][2.380s] GC(2) Concurrent Clear Claimed Marks
[2021-03-30T16:15:00.409+0800][2.380s] GC(2) Concurrent Clear Claimed Marks 0.078ms
[2021-03-30T16:15:00.409+0800][2.380s] GC(2) Concurrent Scan Root Regions
[2021-03-30T16:15:00.416+0800][2.387s] GC(2) Concurrent Scan Root Regions 6.561ms
[2021-03-30T16:15:00.416+0800][2.387s] GC(2) Concurrent Mark (2.387s)
[2021-03-30T16:15:00.416+0800][2.387s] GC(2) Concurrent Mark From Roots
[2021-03-30T16:15:00.416+0800][2.387s] GC(2) Using 2 workers of 2 for marking
[2021-03-30T16:15:00.422+0800][2.393s] GC(2) Concurrent Mark From Roots 5.828ms
[2021-03-30T16:15:00.422+0800][2.393s] GC(2) Concurrent Preclean
[2021-03-30T16:15:00.422+0800][2.393s] GC(2) Concurrent Preclean 0.104ms
[2021-03-30T16:15:00.422+0800][2.393s] GC(2) Concurrent Mark (2.387s, 2.393s) 5.984ms
[2021-03-30T16:15:00.422+0800][2.393s] GC(2) Pause Remark
[2021-03-30T16:15:00.430+0800][2.401s] GC(2) Cleaned string and symbol table, strings: 8683 processed, 0 removed, symbols: 61816 processed, 26 removed
[2021-03-30T16:15:00.430+0800][2.401s] GC(2) Pause Remark 24M->24M(512M) 8.060ms
[2021-03-30T16:15:00.430+0800][2.401s] GC(2) User=0.04s Sys=0.00s Real=0.01s
[2021-03-30T16:15:00.430+0800][2.401s] GC(2) Concurrent Rebuild Remembered Sets
[2021-03-30T16:15:00.433+0800][2.404s] GC(2) Concurrent Rebuild Remembered Sets 2.998ms
[2021-03-30T16:15:00.433+0800][2.404s] GC(2) Pause Cleanup
[2021-03-30T16:15:00.433+0800][2.404s] GC(2) Pause Cleanup 24M->24M(512M) 0.129ms
[2021-03-30T16:15:00.433+0800][2.404s] GC(2) User=0.00s Sys=0.00s Real=0.00s
[2021-03-30T16:15:00.433+0800][2.405s] GC(2) Concurrent Cleanup for Next Mark
[2021-03-30T16:15:00.434+0800][2.405s] GC(2) Concurrent Cleanup for Next Mark 0.403ms
[2021-03-30T16:15:00.434+0800][2.405s] GC(2) Concurrent Cycle 24.663ms
[2021-03-30T16:15:01.477+0800][3.448s] GC(3) Pause Young (Normal) (G1 Evacuation Pause)
[2021-03-30T16:15:01.477+0800][3.448s] GC(3) Using 8 workers of 8 for evacuation
[2021-03-30T16:15:01.508+0800][3.479s] GC(3)   Pre Evacuate Collection Set: 0.0ms
[2021-03-30T16:15:01.508+0800][3.479s] GC(3)   Evacuate Collection Set: 26.4ms
[2021-03-30T16:15:01.508+0800][3.479s] GC(3)   Post Evacuate Collection Set: 4.2ms
[2021-03-30T16:15:01.508+0800][3.479s] GC(3)   Other: 0.2ms
[2021-03-30T16:15:01.508+0800][3.479s] GC(3) Eden regions: 72->0(129)
[2021-03-30T16:15:01.508+0800][3.479s] GC(3) Survivor regions: 19->5(12)
[2021-03-30T16:15:01.508+0800][3.479s] GC(3) Old regions: 2->20
[2021-03-30T16:15:01.508+0800][3.479s] GC(3) Humongous regions: 4->4
[2021-03-30T16:15:01.508+0800][3.479s] GC(3) Metaspace: 29255K->29255K(1075200K)
[2021-03-30T16:15:01.508+0800][3.479s] GC(3) Pause Young (Normal) (G1 Evacuation Pause) 95M->27M(512M) 31.134ms
[2021-03-30T16:15:01.508+0800][3.479s] GC(3) User=0.10s Sys=0.02s Real=0.03s
[2021-03-30T16:15:33.094+0800][35.066s] GC(4) Pause Young (Concurrent Start) (Metadata GC Threshold)
[2021-03-30T16:15:33.094+0800][35.066s] GC(4) Using 8 workers of 8 for evacuation
[2021-03-30T16:15:33.112+0800][35.083s] GC(4)   Pre Evacuate Collection Set: 0.1ms
[2021-03-30T16:15:33.112+0800][35.083s] GC(4)   Evacuate Collection Set: 16.7ms
[2021-03-30T16:15:33.112+0800][35.083s] GC(4)   Post Evacuate Collection Set: 0.6ms
[2021-03-30T16:15:33.112+0800][35.083s] GC(4)   Other: 0.3ms
[2021-03-30T16:15:33.112+0800][35.083s] GC(4) Eden regions: 67->0(150)
[2021-03-30T16:15:33.112+0800][35.083s] GC(4) Survivor regions: 5->7(17)
[2021-03-30T16:15:33.112+0800][35.083s] GC(4) Old regions: 20->20
[2021-03-30T16:15:33.112+0800][35.083s] GC(4) Humongous regions: 4->4
[2021-03-30T16:15:33.112+0800][35.083s] GC(4) Metaspace: 34782K->34782K(1081344K)
[2021-03-30T16:15:33.112+0800][35.083s] GC(4) Pause Young (Concurrent Start) (Metadata GC Threshold) 93M->29M(512M) 17.685ms
[2021-03-30T16:15:33.112+0800][35.083s] GC(4) User=0.05s Sys=0.00s Real=0.02s
[2021-03-30T16:15:33.112+0800][35.083s] GC(5) Concurrent Cycle
[2021-03-30T16:15:33.112+0800][35.083s] GC(5) Concurrent Clear Claimed Marks
[2021-03-30T16:15:33.112+0800][35.084s] GC(5) Concurrent Clear Claimed Marks 0.095ms
[2021-03-30T16:15:33.112+0800][35.084s] GC(5) Concurrent Scan Root Regions
[2021-03-30T16:15:33.115+0800][35.086s] GC(5) Concurrent Scan Root Regions 2.469ms
[2021-03-30T16:15:33.115+0800][35.086s] GC(5) Concurrent Mark (35.086s)
[2021-03-30T16:15:33.115+0800][35.086s] GC(5) Concurrent Mark From Roots
[2021-03-30T16:15:33.115+0800][35.086s] GC(5) Using 2 workers of 2 for marking
[2021-03-30T16:15:33.143+0800][35.114s] GC(5) Concurrent Mark From Roots 28.092ms
[2021-03-30T16:15:33.143+0800][35.114s] GC(5) Concurrent Preclean
[2021-03-30T16:15:33.143+0800][35.114s] GC(5) Concurrent Preclean 0.165ms
[2021-03-30T16:15:33.143+0800][35.114s] GC(5) Concurrent Mark (35.086s, 35.114s) 28.324ms
[2021-03-30T16:15:33.143+0800][35.115s] GC(5) Pause Remark
[2021-03-30T16:15:33.156+0800][35.127s] GC(5) Cleaned string and symbol table, strings: 14492 processed, 27 removed, symbols: 101652 processed, 148 removed
[2021-03-30T16:15:33.156+0800][35.127s] GC(5) Pause Remark 31M->31M(512M) 12.738ms
[2021-03-30T16:15:33.156+0800][35.127s] GC(5) User=0.05s Sys=0.00s Real=0.02s
[2021-03-30T16:15:33.156+0800][35.127s] GC(5) Concurrent Rebuild Remembered Sets
[2021-03-30T16:15:33.170+0800][35.142s] GC(5) Concurrent Rebuild Remembered Sets 14.317ms
[2021-03-30T16:15:33.171+0800][35.142s] GC(5) Pause Cleanup
[2021-03-30T16:15:33.171+0800][35.142s] GC(5) Pause Cleanup 31M->31M(512M) 0.171ms
[2021-03-30T16:15:33.171+0800][35.142s] GC(5) User=0.00s Sys=0.00s Real=0.00s
[2021-03-30T16:15:33.171+0800][35.142s] GC(5) Concurrent Cleanup for Next Mark
[2021-03-30T16:15:33.173+0800][35.144s] GC(5) Concurrent Cleanup for Next Mark 1.797ms
[2021-03-30T16:15:33.173+0800][35.144s] GC(5) Concurrent Cycle 60.721ms
[2021-03-30T16:15:34.328+0800][36.299s] GC(6) Pause Young (Normal) (G1 Evacuation Pause)
[2021-03-30T16:15:34.328+0800][36.299s] GC(6) Using 8 workers of 8 for evacuation
[2021-03-30T16:15:34.343+0800][36.314s] GC(6)   Pre Evacuate Collection Set: 0.0ms
[2021-03-30T16:15:34.343+0800][36.314s] GC(6)   Evacuate Collection Set: 10.6ms
[2021-03-30T16:15:34.343+0800][36.314s] GC(6)   Post Evacuate Collection Set: 3.8ms
[2021-03-30T16:15:34.343+0800][36.314s] GC(6)   Other: 0.2ms
[2021-03-30T16:15:34.343+0800][36.314s] GC(6) Eden regions: 150->0(189)
[2021-03-30T16:15:34.343+0800][36.314s] GC(6) Survivor regions: 7->12(20)
[2021-03-30T16:15:34.343+0800][36.314s] GC(6) Old regions: 20->20
[2021-03-30T16:15:34.343+0800][36.314s] GC(6) Humongous regions: 5->4
[2021-03-30T16:15:34.343+0800][36.314s] GC(6) Metaspace: 42337K->42337K(1087488K)
[2021-03-30T16:15:34.343+0800][36.314s] GC(6) Pause Young (Normal) (G1 Evacuation Pause) 180M->34M(512M) 14.805ms
[2021-03-30T16:15:34.343+0800][36.314s] GC(6) User=0.06s Sys=0.01s Real=0.01s
[2021-03-30T16:15:35.366+0800][37.338s] GC(7) Pause Young (Normal) (G1 Evacuation Pause)
[2021-03-30T16:15:35.367+0800][37.338s] GC(7) Using 8 workers of 8 for evacuation
[2021-03-30T16:15:35.382+0800][37.353s] GC(7)   Pre Evacuate Collection Set: 0.0ms
[2021-03-30T16:15:35.382+0800][37.353s] GC(7)   Evacuate Collection Set: 13.4ms
[2021-03-30T16:15:35.382+0800][37.353s] GC(7)   Post Evacuate Collection Set: 1.5ms
[2021-03-30T16:15:35.382+0800][37.353s] GC(7)   Other: 0.4ms
[2021-03-30T16:15:35.382+0800][37.353s] GC(7) Eden regions: 189->0(254)
[2021-03-30T16:15:35.382+0800][37.353s] GC(7) Survivor regions: 12->15(26)
[2021-03-30T16:15:35.382+0800][37.353s] GC(7) Old regions: 20->20
[2021-03-30T16:15:35.382+0800][37.353s] GC(7) Humongous regions: 4->4
[2021-03-30T16:15:35.382+0800][37.353s] GC(7) Metaspace: 46320K->46320K(1091584K)
[2021-03-30T16:15:35.382+0800][37.353s] GC(7) Pause Young (Normal) (G1 Evacuation Pause) 223M->37M(512M) 15.513ms
[2021-03-30T16:15:35.382+0800][37.353s] GC(7) User=0.08s Sys=0.01s Real=0.01s
[2021-03-30T16:16:33.293+0800][95.264s] GC(8) Pause Young (Concurrent Start) (Metadata GC Threshold)
[2021-03-30T16:16:33.293+0800][95.264s] GC(8) Using 8 workers of 8 for evacuation
[2021-03-30T16:16:33.337+0800][95.308s] GC(8)   Pre Evacuate Collection Set: 0.2ms
[2021-03-30T16:16:33.337+0800][95.308s] GC(8)   Evacuate Collection Set: 31.8ms
[2021-03-30T16:16:33.337+0800][95.308s] GC(8)   Post Evacuate Collection Set: 11.4ms
[2021-03-30T16:16:33.337+0800][95.308s] GC(8)   Other: 0.4ms
[2021-03-30T16:16:33.337+0800][95.308s] GC(8) Eden regions: 188->0(251)
[2021-03-30T16:16:33.337+0800][95.308s] GC(8) Survivor regions: 15->25(34)
[2021-03-30T16:16:33.337+0800][95.308s] GC(8) Old regions: 20->20
[2021-03-30T16:16:33.337+0800][95.308s] GC(8) Humongous regions: 4->4
[2021-03-30T16:16:33.337+0800][95.308s] GC(8) Metaspace: 58332K->58332K(1101824K)
[2021-03-30T16:16:33.337+0800][95.308s] GC(8) Pause Young (Concurrent Start) (Metadata GC Threshold) 224M->46M(512M) 43.999ms
[2021-03-30T16:16:33.337+0800][95.308s] GC(8) User=0.11s Sys=0.01s Real=0.05s
[2021-03-30T16:16:33.337+0800][95.309s] GC(9) Concurrent Cycle
[2021-03-30T16:16:33.337+0800][95.309s] GC(9) Concurrent Clear Claimed Marks
[2021-03-30T16:16:33.337+0800][95.309s] GC(9) Concurrent Clear Claimed Marks 0.239ms
[2021-03-30T16:16:33.337+0800][95.309s] GC(9) Concurrent Scan Root Regions
[2021-03-30T16:16:33.348+0800][95.320s] GC(9) Concurrent Scan Root Regions 10.998ms
[2021-03-30T16:16:33.348+0800][95.320s] GC(9) Concurrent Mark (95.320s)
[2021-03-30T16:16:33.349+0800][95.320s] GC(9) Concurrent Mark From Roots
[2021-03-30T16:16:33.349+0800][95.320s] GC(9) Using 2 workers of 2 for marking
[2021-03-30T16:16:33.368+0800][95.339s] GC(9) Concurrent Mark From Roots 18.996ms
[2021-03-30T16:16:33.368+0800][95.339s] GC(9) Concurrent Preclean
[2021-03-30T16:16:33.368+0800][95.339s] GC(9) Concurrent Preclean 0.183ms
[2021-03-30T16:16:33.368+0800][95.339s] GC(9) Concurrent Mark (95.320s, 95.339s) 19.268ms
[2021-03-30T16:16:33.368+0800][95.339s] GC(9) Pause Remark
[2021-03-30T16:16:33.378+0800][95.349s] GC(9) Cleaned string and symbol table, strings: 26693 processed, 0 removed, symbols: 155198 processed, 562 removed
[2021-03-30T16:16:33.378+0800][95.350s] GC(9) Pause Remark 47M->47M(512M) 10.387ms
[2021-03-30T16:16:33.378+0800][95.350s] GC(9) User=0.05s Sys=0.00s Real=0.01s
[2021-03-30T16:16:33.378+0800][95.350s] GC(9) Concurrent Rebuild Remembered Sets
[2021-03-30T16:16:33.389+0800][95.360s] GC(9) Concurrent Rebuild Remembered Sets 10.346ms
[2021-03-30T16:16:33.389+0800][95.360s] GC(9) Pause Cleanup
[2021-03-30T16:16:33.389+0800][95.361s] GC(9) Pause Cleanup 47M->47M(512M) 0.164ms
[2021-03-30T16:16:33.389+0800][95.361s] GC(9) User=0.00s Sys=0.00s Real=0.00s
[2021-03-30T16:16:33.389+0800][95.361s] GC(9) Concurrent Cleanup for Next Mark
[2021-03-30T16:16:33.390+0800][95.361s] GC(9) Concurrent Cleanup for Next Mark 0.467ms
[2021-03-30T16:16:33.390+0800][95.361s] GC(9) Concurrent Cycle 52.628ms
[2021-03-30T18:28:57.103+0800][7094.936s] Heap
[2021-03-30T18:28:57.103+0800][7094.937s]  garbage-first heap   total 524288K, used 269268K [0x00000000e0000000, 0x0000000100000000)
[2021-03-30T18:28:57.103+0800][7094.937s]   region size 1024K, 239 young (244736K), 25 survivors (25600K)
[2021-03-30T18:28:57.103+0800][7094.937s]  Metaspace       used 62326K, capacity 63979K, committed 64080K, reserved 1105920K
[2021-03-30T18:28:57.103+0800][7094.937s]   class space    used 7208K, capacity 7896K, committed 7936K, reserved 1048576K
