[2021-03-28T16:57:36.353+0800][0.008s] Heap region size: 1M
[2021-03-28T16:57:36.366+0800][0.022s] Using G1
[2021-03-28T16:57:36.366+0800][0.022s] Heap address: 0x00000000e0000000, size: 512 MB, Compressed Oops mode: 32-bit
[2021-03-28T16:57:36.367+0800][0.022s] Mark closed archive regions in map: [0x00000000fff00000, 0x00000000fff6aff8]
[2021-03-28T16:57:36.367+0800][0.022s] Mark open archive regions in map: [0x00000000ffe00000, 0x00000000ffe46ff8]
[2021-03-28T16:57:36.722+0800][0.377s] GC(0) Pause Young (Normal) (G1 Evacuation Pause)
[2021-03-28T16:57:36.722+0800][0.377s] GC(0) Using 8 workers of 8 for evacuation
[2021-03-28T16:57:36.732+0800][0.387s] GC(0)   Pre Evacuate Collection Set: 0.0ms
[2021-03-28T16:57:36.732+0800][0.387s] GC(0)   Evacuate Collection Set: 8.4ms
[2021-03-28T16:57:36.732+0800][0.387s] GC(0)   Post Evacuate Collection Set: 1.0ms
[2021-03-28T16:57:36.732+0800][0.387s] GC(0)   Other: 0.8ms
[2021-03-28T16:57:36.732+0800][0.387s] GC(0) Eden regions: 30->0(304)
[2021-03-28T16:57:36.732+0800][0.387s] GC(0) Survivor regions: 0->3(4)
[2021-03-28T16:57:36.732+0800][0.387s] GC(0) Old regions: 2->2
[2021-03-28T16:57:36.732+0800][0.387s] GC(0) Humongous regions: 0->0
[2021-03-28T16:57:36.732+0800][0.387s] GC(0) Metaspace: 6304K->6304K(1056768K)
[2021-03-28T16:57:36.732+0800][0.387s] GC(0) Pause Young (Normal) (G1 Evacuation Pause) 30M->3M(512M) 10.233ms
[2021-03-28T16:57:36.732+0800][0.387s] GC(0) User=0.07s Sys=0.00s Real=0.01s
[2021-03-28T16:57:37.798+0800][1.453s] GC(1) Pause Young (Concurrent Start) (Metadata GC Threshold)
[2021-03-28T16:57:37.798+0800][1.453s] GC(1) Using 8 workers of 8 for evacuation
[2021-03-28T16:57:37.815+0800][1.470s] GC(1)   Pre Evacuate Collection Set: 0.1ms
[2021-03-28T16:57:37.815+0800][1.470s] GC(1)   Evacuate Collection Set: 15.2ms
[2021-03-28T16:57:37.815+0800][1.470s] GC(1)   Post Evacuate Collection Set: 1.4ms
[2021-03-28T16:57:37.815+0800][1.470s] GC(1)   Other: 0.3ms
[2021-03-28T16:57:37.815+0800][1.470s] GC(1) Eden regions: 110->0(87)
[2021-03-28T16:57:37.815+0800][1.470s] GC(1) Survivor regions: 3->19(39)
[2021-03-28T16:57:37.815+0800][1.470s] GC(1) Old regions: 2->2
[2021-03-28T16:57:37.815+0800][1.470s] GC(1) Humongous regions: 4->4
[2021-03-28T16:57:37.815+0800][1.470s] GC(1) Metaspace: 20491K->20491K(1067008K)
[2021-03-28T16:57:37.815+0800][1.470s] GC(1) Pause Young (Concurrent Start) (Metadata GC Threshold) 116M->23M(512M) 17.021ms
[2021-03-28T16:57:37.815+0800][1.470s] GC(1) User=0.09s Sys=0.01s Real=0.02s
[2021-03-28T16:57:37.815+0800][1.470s] GC(2) Concurrent Cycle
[2021-03-28T16:57:37.815+0800][1.470s] GC(2) Concurrent Clear Claimed Marks
[2021-03-28T16:57:37.815+0800][1.470s] GC(2) Concurrent Clear Claimed Marks 0.075ms
[2021-03-28T16:57:37.815+0800][1.470s] GC(2) Concurrent Scan Root Regions
[2021-03-28T16:57:37.820+0800][1.475s] GC(2) Concurrent Scan Root Regions 4.938ms
[2021-03-28T16:57:37.820+0800][1.475s] GC(2) Concurrent Mark (1.475s)
[2021-03-28T16:57:37.820+0800][1.475s] GC(2) Concurrent Mark From Roots
[2021-03-28T16:57:37.820+0800][1.475s] GC(2) Using 2 workers of 2 for marking
[2021-03-28T16:57:37.824+0800][1.479s] GC(2) Concurrent Mark From Roots 4.132ms
[2021-03-28T16:57:37.824+0800][1.479s] GC(2) Concurrent Preclean
[2021-03-28T16:57:37.824+0800][1.479s] GC(2) Concurrent Preclean 0.096ms
[2021-03-28T16:57:37.824+0800][1.479s] GC(2) Concurrent Mark (1.475s, 1.479s) 4.274ms
[2021-03-28T16:57:37.824+0800][1.479s] GC(2) Pause Remark
[2021-03-28T16:57:37.827+0800][1.482s] GC(2) Cleaned string and symbol table, strings: 8898 processed, 0 removed, symbols: 59188 processed, 29 removed
[2021-03-28T16:57:37.827+0800][1.482s] GC(2) Pause Remark 24M->24M(512M) 2.541ms
[2021-03-28T16:57:37.827+0800][1.482s] GC(2) User=0.01s Sys=0.00s Real=0.01s
[2021-03-28T16:57:37.827+0800][1.482s] GC(2) Concurrent Rebuild Remembered Sets
[2021-03-28T16:57:37.829+0800][1.484s] GC(2) Concurrent Rebuild Remembered Sets 2.100ms
[2021-03-28T16:57:37.829+0800][1.484s] GC(2) Pause Cleanup
[2021-03-28T16:57:37.829+0800][1.484s] GC(2) Pause Cleanup 24M->24M(512M) 0.120ms
[2021-03-28T16:57:37.829+0800][1.484s] GC(2) User=0.00s Sys=0.00s Real=0.00s
[2021-03-28T16:57:37.829+0800][1.484s] GC(2) Concurrent Cleanup for Next Mark
[2021-03-28T16:57:37.830+0800][1.485s] GC(2) Concurrent Cleanup for Next Mark 0.400ms
[2021-03-28T16:57:37.830+0800][1.485s] GC(2) Concurrent Cycle 14.844ms
[2021-03-28T16:57:38.666+0800][2.321s] GC(3) Pause Young (Normal) (G1 Evacuation Pause)
[2021-03-28T16:57:38.666+0800][2.321s] GC(3) Using 8 workers of 8 for evacuation
[2021-03-28T16:57:38.682+0800][2.337s] GC(3)   Pre Evacuate Collection Set: 0.0ms
[2021-03-28T16:57:38.682+0800][2.337s] GC(3)   Evacuate Collection Set: 14.2ms
[2021-03-28T16:57:38.682+0800][2.337s] GC(3)   Post Evacuate Collection Set: 1.3ms
[2021-03-28T16:57:38.682+0800][2.337s] GC(3)   Other: 0.1ms
[2021-03-28T16:57:38.682+0800][2.337s] GC(3) Eden regions: 77->0(127)
[2021-03-28T16:57:38.682+0800][2.337s] GC(3) Survivor regions: 19->5(12)
[2021-03-28T16:57:38.682+0800][2.337s] GC(3) Old regions: 2->21
[2021-03-28T16:57:38.682+0800][2.337s] GC(3) Humongous regions: 4->4
[2021-03-28T16:57:38.682+0800][2.337s] GC(3) Metaspace: 29254K->29254K(1075200K)
[2021-03-28T16:57:38.682+0800][2.337s] GC(3) Pause Young (Normal) (G1 Evacuation Pause) 100M->27M(512M) 15.716ms
[2021-03-28T16:57:38.682+0800][2.337s] GC(3) User=0.09s Sys=0.01s Real=0.02s
[2021-03-28T16:57:39.142+0800][2.797s] GC(4) Pause Young (Concurrent Start) (Metadata GC Threshold)
[2021-03-28T16:57:39.142+0800][2.797s] GC(4) Using 8 workers of 8 for evacuation
[2021-03-28T16:57:39.148+0800][2.803s] GC(4)   Pre Evacuate Collection Set: 0.1ms
[2021-03-28T16:57:39.148+0800][2.803s] GC(4)   Evacuate Collection Set: 5.1ms
[2021-03-28T16:57:39.148+0800][2.803s] GC(4)   Post Evacuate Collection Set: 1.1ms
[2021-03-28T16:57:39.148+0800][2.803s] GC(4)   Other: 0.2ms
[2021-03-28T16:57:39.148+0800][2.803s] GC(4) Eden regions: 76->0(169)
[2021-03-28T16:57:39.148+0800][2.803s] GC(4) Survivor regions: 5->6(17)
[2021-03-28T16:57:39.148+0800][2.803s] GC(4) Old regions: 21->21
[2021-03-28T16:57:39.148+0800][2.803s] GC(4) Humongous regions: 4->4
[2021-03-28T16:57:39.148+0800][2.803s] GC(4) Metaspace: 34793K->34793K(1081344K)
[2021-03-28T16:57:39.148+0800][2.803s] GC(4) Pause Young (Concurrent Start) (Metadata GC Threshold) 103M->29M(512M) 6.534ms
[2021-03-28T16:57:39.148+0800][2.803s] GC(4) User=0.04s Sys=0.00s Real=0.01s
[2021-03-28T16:57:39.148+0800][2.804s] GC(5) Concurrent Cycle
[2021-03-28T16:57:39.148+0800][2.804s] GC(5) Concurrent Clear Claimed Marks
[2021-03-28T16:57:39.149+0800][2.804s] GC(5) Concurrent Clear Claimed Marks 0.031ms
[2021-03-28T16:57:39.149+0800][2.804s] GC(5) Concurrent Scan Root Regions
[2021-03-28T16:57:39.151+0800][2.806s] GC(5) Concurrent Scan Root Regions 2.628ms
[2021-03-28T16:57:39.151+0800][2.806s] GC(5) Concurrent Mark (2.806s)
[2021-03-28T16:57:39.151+0800][2.806s] GC(5) Concurrent Mark From Roots
[2021-03-28T16:57:39.151+0800][2.806s] GC(5) Using 2 workers of 2 for marking
[2021-03-28T16:57:39.178+0800][2.833s] GC(5) Concurrent Mark From Roots 27.177ms
[2021-03-28T16:57:39.178+0800][2.833s] GC(5) Concurrent Preclean
[2021-03-28T16:57:39.179+0800][2.834s] GC(5) Concurrent Preclean 0.171ms
[2021-03-28T16:57:39.179+0800][2.834s] GC(5) Concurrent Mark (2.806s, 2.834s) 27.399ms
[2021-03-28T16:57:39.179+0800][2.834s] GC(5) Pause Remark
[2021-03-28T16:57:39.182+0800][2.837s] GC(5) Cleaned string and symbol table, strings: 14913 processed, 24 removed, symbols: 103433 processed, 79 removed
[2021-03-28T16:57:39.182+0800][2.837s] GC(5) Pause Remark 38M->38M(512M) 3.447ms
[2021-03-28T16:57:39.182+0800][2.837s] GC(5) User=0.02s Sys=0.00s Real=0.00s
[2021-03-28T16:57:39.182+0800][2.837s] GC(5) Concurrent Rebuild Remembered Sets
[2021-03-28T16:57:39.195+0800][2.851s] GC(5) Concurrent Rebuild Remembered Sets 13.242ms
[2021-03-28T16:57:39.196+0800][2.851s] GC(5) Pause Cleanup
[2021-03-28T16:57:39.196+0800][2.851s] GC(5) Pause Cleanup 44M->44M(512M) 0.115ms
[2021-03-28T16:57:39.196+0800][2.851s] GC(5) User=0.01s Sys=0.00s Real=0.00s
[2021-03-28T16:57:39.196+0800][2.851s] GC(5) Concurrent Cleanup for Next Mark
[2021-03-28T16:57:39.197+0800][2.852s] GC(5) Concurrent Cleanup for Next Mark 0.826ms
[2021-03-28T16:57:39.197+0800][2.852s] GC(5) Concurrent Cycle 48.196ms
[2021-03-28T16:57:39.787+0800][3.442s] GC(6) Pause Young (Concurrent Start) (G1 Evacuation Pause)
[2021-03-28T16:57:39.787+0800][3.442s] GC(6) Using 8 workers of 8 for evacuation
[2021-03-28T16:57:39.794+0800][3.449s] GC(6)   Pre Evacuate Collection Set: 0.1ms
[2021-03-28T16:57:39.794+0800][3.449s] GC(6)   Evacuate Collection Set: 5.8ms
[2021-03-28T16:57:39.794+0800][3.449s] GC(6)   Post Evacuate Collection Set: 1.1ms
[2021-03-28T16:57:39.794+0800][3.449s] GC(6)   Other: 0.2ms
[2021-03-28T16:57:39.794+0800][3.449s] GC(6) Eden regions: 169->0(219)
[2021-03-28T16:57:39.794+0800][3.449s] GC(6) Survivor regions: 6->9(22)
[2021-03-28T16:57:39.794+0800][3.449s] GC(6) Old regions: 21->21
[2021-03-28T16:57:39.794+0800][3.449s] GC(6) Humongous regions: 5->4
[2021-03-28T16:57:39.794+0800][3.449s] GC(6) Metaspace: 40221K->40221K(1085440K)
[2021-03-28T16:57:39.794+0800][3.449s] GC(6) Pause Young (Concurrent Start) (G1 Evacuation Pause) 199M->31M(512M) 7.282ms
[2021-03-28T16:57:39.794+0800][3.449s] GC(6) User=0.04s Sys=0.00s Real=0.00s
[2021-03-28T16:57:39.794+0800][3.449s] GC(7) Concurrent Cycle
[2021-03-28T16:57:39.794+0800][3.449s] GC(7) Concurrent Clear Claimed Marks
[2021-03-28T16:57:39.794+0800][3.449s] GC(7) Concurrent Clear Claimed Marks 0.092ms
[2021-03-28T16:57:39.794+0800][3.449s] GC(7) Concurrent Scan Root Regions
[2021-03-28T16:57:39.798+0800][3.453s] GC(7) Concurrent Scan Root Regions 3.460ms
[2021-03-28T16:57:39.798+0800][3.453s] GC(7) Concurrent Mark (3.453s)
[2021-03-28T16:57:39.798+0800][3.453s] GC(7) Concurrent Mark From Roots
[2021-03-28T16:57:39.798+0800][3.453s] GC(7) Using 2 workers of 2 for marking
[2021-03-28T16:57:39.818+0800][3.473s] GC(7) Concurrent Mark From Roots 20.762ms
[2021-03-28T16:57:39.818+0800][3.473s] GC(7) Concurrent Preclean
[2021-03-28T16:57:39.819+0800][3.474s] GC(7) Concurrent Preclean 0.215ms
[2021-03-28T16:57:39.819+0800][3.474s] GC(7) Concurrent Mark (3.453s, 3.474s) 21.035ms
[2021-03-28T16:57:39.819+0800][3.474s] GC(7) Pause Remark
[2021-03-28T16:57:39.827+0800][3.482s] GC(7) Cleaned string and symbol table, strings: 18836 processed, 1 removed, symbols: 117120 processed, 68 removed
[2021-03-28T16:57:39.827+0800][3.482s] GC(7) Pause Remark 46M->46M(512M) 8.232ms
[2021-03-28T16:57:39.827+0800][3.482s] GC(7) User=0.05s Sys=0.00s Real=0.01s
[2021-03-28T16:57:39.827+0800][3.482s] GC(7) Concurrent Rebuild Remembered Sets
[2021-03-28T16:57:39.841+0800][3.496s] GC(7) Concurrent Rebuild Remembered Sets 13.545ms
[2021-03-28T16:57:39.841+0800][3.496s] GC(7) Pause Cleanup
[2021-03-28T16:57:39.841+0800][3.496s] GC(7) Pause Cleanup 48M->48M(512M) 0.126ms
[2021-03-28T16:57:39.841+0800][3.496s] GC(7) User=0.00s Sys=0.00s Real=0.00s
[2021-03-28T16:57:39.841+0800][3.496s] GC(7) Concurrent Cleanup for Next Mark
[2021-03-28T16:57:39.842+0800][3.497s] GC(7) Concurrent Cleanup for Next Mark 0.679ms
[2021-03-28T16:57:39.842+0800][3.497s] GC(7) Concurrent Cycle 47.790ms
[2021-03-28T16:57:40.776+0800][4.431s] GC(8) Pause Young (Normal) (G1 Evacuation Pause)
[2021-03-28T16:57:40.776+0800][4.431s] GC(8) Using 8 workers of 8 for evacuation
[2021-03-28T16:57:40.794+0800][4.449s] GC(8)   Pre Evacuate Collection Set: 0.0ms
[2021-03-28T16:57:40.794+0800][4.449s] GC(8)   Evacuate Collection Set: 17.4ms
[2021-03-28T16:57:40.794+0800][4.449s] GC(8)   Post Evacuate Collection Set: 1.2ms
[2021-03-28T16:57:40.794+0800][4.449s] GC(8)   Other: 0.1ms
[2021-03-28T16:57:40.794+0800][4.449s] GC(8) Eden regions: 219->0(288)
[2021-03-28T16:57:40.794+0800][4.449s] GC(8) Survivor regions: 9->19(29)
[2021-03-28T16:57:40.794+0800][4.449s] GC(8) Old regions: 21->21
[2021-03-28T16:57:40.794+0800][4.449s] GC(8) Humongous regions: 4->4
[2021-03-28T16:57:40.794+0800][4.449s] GC(8) Metaspace: 49045K->49045K(1093632K)
[2021-03-28T16:57:40.794+0800][4.449s] GC(8) Pause Young (Normal) (G1 Evacuation Pause) 250M->41M(512M) 18.770ms
[2021-03-28T16:57:40.794+0800][4.449s] GC(8) User=0.13s Sys=0.00s Real=0.02s
