[2021-03-28T02:26:40.202+0800][0.008s] Heap region size: 1M
[2021-03-28T02:26:40.216+0800][0.021s] Using G1
[2021-03-28T02:26:40.216+0800][0.022s] Heap address: 0x00000000e0000000, size: 512 MB, Compressed Oops mode: 32-bit
[2021-03-28T02:26:40.216+0800][0.022s] Mark closed archive regions in map: [0x00000000fff00000, 0x00000000fff6aff8]
[2021-03-28T02:26:40.217+0800][0.022s] Mark open archive regions in map: [0x00000000ffe00000, 0x00000000ffe46ff8]
[2021-03-28T02:26:40.620+0800][0.426s] GC(0) Pause Young (Normal) (G1 Evacuation Pause)
[2021-03-28T02:26:40.621+0800][0.427s] GC(0) Using 8 workers of 8 for evacuation
[2021-03-28T02:26:40.630+0800][0.435s] GC(0)   Pre Evacuate Collection Set: 0.0ms
[2021-03-28T02:26:40.630+0800][0.435s] GC(0)   Evacuate Collection Set: 8.2ms
[2021-03-28T02:26:40.630+0800][0.435s] GC(0)   Post Evacuate Collection Set: 0.4ms
[2021-03-28T02:26:40.630+0800][0.435s] GC(0)   Other: 1.0ms
[2021-03-28T02:26:40.630+0800][0.435s] GC(0) Eden regions: 30->0(304)
[2021-03-28T02:26:40.630+0800][0.435s] GC(0) Survivor regions: 0->3(4)
[2021-03-28T02:26:40.630+0800][0.435s] GC(0) Old regions: 2->2
[2021-03-28T02:26:40.630+0800][0.435s] GC(0) Humongous regions: 0->0
[2021-03-28T02:26:40.630+0800][0.435s] GC(0) Metaspace: 6314K->6314K(1056768K)
[2021-03-28T02:26:40.630+0800][0.435s] GC(0) Pause Young (Normal) (G1 Evacuation Pause) 30M->3M(512M) 9.691ms
[2021-03-28T02:26:40.630+0800][0.435s] GC(0) User=0.05s Sys=0.00s Real=0.02s
[2021-03-28T02:26:41.672+0800][1.478s] GC(1) Pause Young (Concurrent Start) (Metadata GC Threshold)
[2021-03-28T02:26:41.672+0800][1.478s] GC(1) Using 8 workers of 8 for evacuation
[2021-03-28T02:26:41.692+0800][1.497s] GC(1)   Pre Evacuate Collection Set: 0.0ms
[2021-03-28T02:26:41.692+0800][1.497s] GC(1)   Evacuate Collection Set: 18.7ms
[2021-03-28T02:26:41.692+0800][1.497s] GC(1)   Post Evacuate Collection Set: 0.7ms
[2021-03-28T02:26:41.692+0800][1.497s] GC(1)   Other: 0.2ms
[2021-03-28T02:26:41.692+0800][1.497s] GC(1) Eden regions: 107->0(88)
[2021-03-28T02:26:41.692+0800][1.497s] GC(1) Survivor regions: 3->20(39)
[2021-03-28T02:26:41.692+0800][1.497s] GC(1) Old regions: 2->2
[2021-03-28T02:26:41.692+0800][1.497s] GC(1) Humongous regions: 4->4
[2021-03-28T02:26:41.692+0800][1.497s] GC(1) Metaspace: 20459K->20459K(1067008K)
[2021-03-28T02:26:41.692+0800][1.497s] GC(1) Pause Young (Concurrent Start) (Metadata GC Threshold) 114M->24M(512M) 19.724ms
[2021-03-28T02:26:41.692+0800][1.497s] GC(1) User=0.10s Sys=0.00s Real=0.02s
[2021-03-28T02:26:41.692+0800][1.497s] GC(2) Concurrent Cycle
[2021-03-28T02:26:41.692+0800][1.497s] GC(2) Concurrent Clear Claimed Marks
[2021-03-28T02:26:41.692+0800][1.497s] GC(2) Concurrent Clear Claimed Marks 0.052ms
[2021-03-28T02:26:41.692+0800][1.498s] GC(2) Concurrent Scan Root Regions
[2021-03-28T02:26:41.697+0800][1.503s] GC(2) Concurrent Scan Root Regions 5.187ms
[2021-03-28T02:26:41.697+0800][1.503s] GC(2) Concurrent Mark (1.503s)
[2021-03-28T02:26:41.697+0800][1.503s] GC(2) Concurrent Mark From Roots
[2021-03-28T02:26:41.697+0800][1.503s] GC(2) Using 2 workers of 2 for marking
[2021-03-28T02:26:41.701+0800][1.507s] GC(2) Concurrent Mark From Roots 3.782ms
[2021-03-28T02:26:41.701+0800][1.507s] GC(2) Concurrent Preclean
[2021-03-28T02:26:41.701+0800][1.507s] GC(2) Concurrent Preclean 0.090ms
[2021-03-28T02:26:41.701+0800][1.507s] GC(2) Concurrent Mark (1.503s, 1.507s) 3.916ms
[2021-03-28T02:26:41.701+0800][1.507s] GC(2) Pause Remark
[2021-03-28T02:26:41.704+0800][1.509s] GC(2) Cleaned string and symbol table, strings: 8880 processed, 0 removed, symbols: 58894 processed, 28 removed
[2021-03-28T02:26:41.704+0800][1.509s] GC(2) Pause Remark 24M->24M(512M) 2.298ms
[2021-03-28T02:26:41.704+0800][1.509s] GC(2) User=0.02s Sys=0.00s Real=0.01s
[2021-03-28T02:26:41.704+0800][1.509s] GC(2) Concurrent Rebuild Remembered Sets
[2021-03-28T02:26:41.707+0800][1.513s] GC(2) Concurrent Rebuild Remembered Sets 3.480ms
[2021-03-28T02:26:41.707+0800][1.513s] GC(2) Pause Cleanup
[2021-03-28T02:26:41.708+0800][1.513s] GC(2) Pause Cleanup 25M->25M(512M) 0.179ms
[2021-03-28T02:26:41.708+0800][1.513s] GC(2) User=0.00s Sys=0.00s Real=0.00s
[2021-03-28T02:26:41.708+0800][1.513s] GC(2) Concurrent Cleanup for Next Mark
[2021-03-28T02:26:41.708+0800][1.514s] GC(2) Concurrent Cleanup for Next Mark 0.648ms
[2021-03-28T02:26:41.708+0800][1.514s] GC(2) Concurrent Cycle 16.223ms
[2021-03-28T02:26:42.540+0800][2.346s] GC(3) Pause Young (Normal) (G1 Evacuation Pause)
[2021-03-28T02:26:42.540+0800][2.346s] GC(3) Using 8 workers of 8 for evacuation
[2021-03-28T02:26:42.558+0800][2.363s] GC(3)   Pre Evacuate Collection Set: 0.0ms
[2021-03-28T02:26:42.558+0800][2.363s] GC(3)   Evacuate Collection Set: 16.2ms
[2021-03-28T02:26:42.558+0800][2.363s] GC(3)   Post Evacuate Collection Set: 1.3ms
[2021-03-28T02:26:42.558+0800][2.363s] GC(3)   Other: 0.1ms
[2021-03-28T02:26:42.558+0800][2.363s] GC(3) Eden regions: 75->0(137)
[2021-03-28T02:26:42.558+0800][2.363s] GC(3) Survivor regions: 20->5(12)
[2021-03-28T02:26:42.558+0800][2.363s] GC(3) Old regions: 2->21
[2021-03-28T02:26:42.558+0800][2.363s] GC(3) Humongous regions: 4->4
[2021-03-28T02:26:42.558+0800][2.363s] GC(3) Metaspace: 30751K->30751K(1077248K)
[2021-03-28T02:26:42.558+0800][2.363s] GC(3) Pause Young (Normal) (G1 Evacuation Pause) 99M->27M(512M) 17.658ms
[2021-03-28T02:26:42.558+0800][2.363s] GC(3) User=0.11s Sys=0.01s Real=0.02s
[2021-03-28T02:26:42.897+0800][2.703s] GC(4) Pause Young (Concurrent Start) (Metadata GC Threshold)
[2021-03-28T02:26:42.897+0800][2.703s] GC(4) Using 8 workers of 8 for evacuation
[2021-03-28T02:26:42.905+0800][2.710s] GC(4)   Pre Evacuate Collection Set: 0.1ms
[2021-03-28T02:26:42.905+0800][2.710s] GC(4)   Evacuate Collection Set: 6.2ms
[2021-03-28T02:26:42.905+0800][2.710s] GC(4)   Post Evacuate Collection Set: 1.0ms
[2021-03-28T02:26:42.905+0800][2.710s] GC(4)   Other: 0.2ms
[2021-03-28T02:26:42.905+0800][2.710s] GC(4) Eden regions: 51->0(192)
[2021-03-28T02:26:42.905+0800][2.710s] GC(4) Survivor regions: 5->6(18)
[2021-03-28T02:26:42.905+0800][2.710s] GC(4) Old regions: 21->21
[2021-03-28T02:26:42.905+0800][2.710s] GC(4) Humongous regions: 4->4
[2021-03-28T02:26:42.905+0800][2.710s] GC(4) Metaspace: 34768K->34768K(1081344K)
[2021-03-28T02:26:42.905+0800][2.710s] GC(4) Pause Young (Concurrent Start) (Metadata GC Threshold) 78M->28M(512M) 7.498ms
[2021-03-28T02:26:42.905+0800][2.710s] GC(4) User=0.03s Sys=0.00s Real=0.01s
[2021-03-28T02:26:42.905+0800][2.710s] GC(5) Concurrent Cycle
[2021-03-28T02:26:42.905+0800][2.710s] GC(5) Concurrent Clear Claimed Marks
[2021-03-28T02:26:42.905+0800][2.710s] GC(5) Concurrent Clear Claimed Marks 0.026ms
[2021-03-28T02:26:42.905+0800][2.710s] GC(5) Concurrent Scan Root Regions
[2021-03-28T02:26:42.907+0800][2.713s] GC(5) Concurrent Scan Root Regions 2.514ms
[2021-03-28T02:26:42.907+0800][2.713s] GC(5) Concurrent Mark (2.713s)
[2021-03-28T02:26:42.907+0800][2.713s] GC(5) Concurrent Mark From Roots
[2021-03-28T02:26:42.907+0800][2.713s] GC(5) Using 2 workers of 2 for marking
[2021-03-28T02:26:42.937+0800][2.742s] GC(5) Concurrent Mark From Roots 29.171ms
[2021-03-28T02:26:42.937+0800][2.742s] GC(5) Concurrent Preclean
[2021-03-28T02:26:42.937+0800][2.742s] GC(5) Concurrent Preclean 0.194ms
[2021-03-28T02:26:42.937+0800][2.742s] GC(5) Concurrent Mark (2.713s, 2.742s) 29.433ms
[2021-03-28T02:26:42.937+0800][2.742s] GC(5) Pause Remark
[2021-03-28T02:26:42.943+0800][2.748s] GC(5) Cleaned string and symbol table, strings: 14841 processed, 24 removed, symbols: 102198 processed, 79 removed
[2021-03-28T02:26:42.943+0800][2.748s] GC(5) Pause Remark 42M->42M(512M) 5.812ms
[2021-03-28T02:26:42.943+0800][2.748s] GC(5) User=0.03s Sys=0.00s Real=0.01s
[2021-03-28T02:26:42.943+0800][2.748s] GC(5) Concurrent Rebuild Remembered Sets
[2021-03-28T02:26:42.956+0800][2.762s] GC(5) Concurrent Rebuild Remembered Sets 13.454ms
[2021-03-28T02:26:42.956+0800][2.762s] GC(5) Pause Cleanup
[2021-03-28T02:26:42.957+0800][2.762s] GC(5) Pause Cleanup 47M->47M(512M) 0.137ms
[2021-03-28T02:26:42.957+0800][2.762s] GC(5) User=0.00s Sys=0.00s Real=0.00s
[2021-03-28T02:26:42.957+0800][2.762s] GC(5) Concurrent Cleanup for Next Mark
[2021-03-28T02:26:42.958+0800][2.763s] GC(5) Concurrent Cleanup for Next Mark 0.871ms
[2021-03-28T02:26:42.958+0800][2.763s] GC(5) Concurrent Cycle 52.840ms
[2021-03-28T02:26:43.589+0800][3.394s] GC(6) Pause Young (Normal) (G1 Evacuation Pause)
[2021-03-28T02:26:43.589+0800][3.394s] GC(6) Using 8 workers of 8 for evacuation
[2021-03-28T02:26:43.598+0800][3.403s] GC(6)   Pre Evacuate Collection Set: 0.0ms
[2021-03-28T02:26:43.598+0800][3.403s] GC(6)   Evacuate Collection Set: 6.8ms
[2021-03-28T02:26:43.598+0800][3.403s] GC(6)   Post Evacuate Collection Set: 1.8ms
[2021-03-28T02:26:43.598+0800][3.403s] GC(6)   Other: 0.2ms
[2021-03-28T02:26:43.598+0800][3.403s] GC(6) Eden regions: 192->0(240)
[2021-03-28T02:26:43.598+0800][3.403s] GC(6) Survivor regions: 6->9(25)
[2021-03-28T02:26:43.598+0800][3.403s] GC(6) Old regions: 21->21
[2021-03-28T02:26:43.598+0800][3.403s] GC(6) Humongous regions: 5->4
[2021-03-28T02:26:43.598+0800][3.403s] GC(6) Metaspace: 40279K->40279K(1085440K)
[2021-03-28T02:26:43.598+0800][3.403s] GC(6) Pause Young (Normal) (G1 Evacuation Pause) 221M->31M(512M) 8.866ms
[2021-03-28T02:26:43.598+0800][3.403s] GC(6) User=0.05s Sys=0.00s Real=0.01s
[2021-03-28T02:38:15.287+0800][695.092s] GC(7) Pause Young (Normal) (G1 Evacuation Pause)
[2021-03-28T02:38:15.287+0800][695.092s] GC(7) Using 8 workers of 8 for evacuation
[2021-03-28T02:38:15.300+0800][695.105s] GC(7)   Pre Evacuate Collection Set: 0.0ms
[2021-03-28T02:38:15.300+0800][695.105s] GC(7)   Evacuate Collection Set: 12.1ms
[2021-03-28T02:38:15.300+0800][695.105s] GC(7)   Post Evacuate Collection Set: 0.7ms
[2021-03-28T02:38:15.300+0800][695.105s] GC(7)   Other: 0.4ms
[2021-03-28T02:38:15.300+0800][695.105s] GC(7) Eden regions: 239->0(287)
[2021-03-28T02:38:15.300+0800][695.105s] GC(7) Survivor regions: 9->20(31)
[2021-03-28T02:38:15.300+0800][695.105s] GC(7) Old regions: 21->21
[2021-03-28T02:38:15.300+0800][695.105s] GC(7) Humongous regions: 7->7
[2021-03-28T02:38:15.300+0800][695.105s] GC(7) Metaspace: 53853K->53853K(1097728K)
[2021-03-28T02:38:15.300+0800][695.105s] GC(7) Pause Young (Normal) (G1 Evacuation Pause) 273M->45M(512M) 13.293ms
[2021-03-28T02:38:15.300+0800][695.105s] GC(7) User=0.09s Sys=0.00s Real=0.01s
