[2021-03-22T19:02:56.543+0800][0.006s] Heap region size: 1M
[2021-03-22T19:02:56.556+0800][0.020s] Using G1
[2021-03-22T19:02:56.556+0800][0.020s] Heap address: 0x00000000e0000000, size: 512 MB, Compressed Oops mode: 32-bit
[2021-03-22T19:02:56.557+0800][0.020s] Mark closed archive regions in map: [0x00000000fff00000, 0x00000000fff6aff8]
[2021-03-22T19:02:56.557+0800][0.020s] Mark open archive regions in map: [0x00000000ffe00000, 0x00000000ffe46ff8]
[2021-03-22T19:02:56.932+0800][0.396s] GC(0) Pause Young (Normal) (G1 Evacuation Pause)
[2021-03-22T19:02:56.933+0800][0.396s] GC(0) Using 8 workers of 8 for evacuation
[2021-03-22T19:02:56.943+0800][0.407s] GC(0)   Pre Evacuate Collection Set: 0.0ms
[2021-03-22T19:02:56.943+0800][0.407s] GC(0)   Evacuate Collection Set: 9.4ms
[2021-03-22T19:02:56.943+0800][0.407s] GC(0)   Post Evacuate Collection Set: 1.1ms
[2021-03-22T19:02:56.943+0800][0.407s] GC(0)   Other: 0.8ms
[2021-03-22T19:02:56.943+0800][0.407s] GC(0) Eden regions: 30->0(304)
[2021-03-22T19:02:56.943+0800][0.407s] GC(0) Survivor regions: 0->3(4)
[2021-03-22T19:02:56.943+0800][0.407s] GC(0) Old regions: 2->2
[2021-03-22T19:02:56.943+0800][0.407s] GC(0) Humongous regions: 0->0
[2021-03-22T19:02:56.943+0800][0.407s] GC(0) Metaspace: 6308K->6308K(1056768K)
[2021-03-22T19:02:56.943+0800][0.407s] GC(0) Pause Young (Normal) (G1 Evacuation Pause) 30M->3M(512M) 11.402ms
[2021-03-22T19:02:56.943+0800][0.407s] GC(0) User=0.08s Sys=0.00s Real=0.01s
[2021-03-22T19:02:58.006+0800][1.470s] GC(1) Pause Young (Concurrent Start) (Metadata GC Threshold)
[2021-03-22T19:02:58.006+0800][1.470s] GC(1) Using 8 workers of 8 for evacuation
[2021-03-22T19:02:58.023+0800][1.487s] GC(1)   Pre Evacuate Collection Set: 0.0ms
[2021-03-22T19:02:58.023+0800][1.487s] GC(1)   Evacuate Collection Set: 15.6ms
[2021-03-22T19:02:58.023+0800][1.487s] GC(1)   Post Evacuate Collection Set: 1.2ms
[2021-03-22T19:02:58.023+0800][1.487s] GC(1)   Other: 0.2ms
[2021-03-22T19:02:58.023+0800][1.487s] GC(1) Eden regions: 109->0(87)
[2021-03-22T19:02:58.023+0800][1.487s] GC(1) Survivor regions: 3->19(39)
[2021-03-22T19:02:58.023+0800][1.487s] GC(1) Old regions: 2->2
[2021-03-22T19:02:58.023+0800][1.487s] GC(1) Humongous regions: 4->4
[2021-03-22T19:02:58.023+0800][1.487s] GC(1) Metaspace: 20452K->20452K(1067008K)
[2021-03-22T19:02:58.023+0800][1.487s] GC(1) Pause Young (Concurrent Start) (Metadata GC Threshold) 116M->23M(512M) 17.214ms
[2021-03-22T19:02:58.023+0800][1.487s] GC(1) User=0.10s Sys=0.00s Real=0.02s
[2021-03-22T19:02:58.023+0800][1.487s] GC(2) Concurrent Cycle
[2021-03-22T19:02:58.023+0800][1.487s] GC(2) Concurrent Clear Claimed Marks
[2021-03-22T19:02:58.024+0800][1.487s] GC(2) Concurrent Clear Claimed Marks 0.050ms
[2021-03-22T19:02:58.024+0800][1.487s] GC(2) Concurrent Scan Root Regions
[2021-03-22T19:02:58.029+0800][1.492s] GC(2) Concurrent Scan Root Regions 4.989ms
[2021-03-22T19:02:58.029+0800][1.492s] GC(2) Concurrent Mark (1.492s)
[2021-03-22T19:02:58.029+0800][1.492s] GC(2) Concurrent Mark From Roots
[2021-03-22T19:02:58.029+0800][1.492s] GC(2) Using 2 workers of 2 for marking
[2021-03-22T19:02:58.032+0800][1.495s] GC(2) Concurrent Mark From Roots 3.046ms
[2021-03-22T19:02:58.032+0800][1.495s] GC(2) Concurrent Preclean
[2021-03-22T19:02:58.032+0800][1.495s] GC(2) Concurrent Preclean 0.097ms
[2021-03-22T19:02:58.032+0800][1.495s] GC(2) Concurrent Mark (1.492s, 1.495s) 3.187ms
[2021-03-22T19:02:58.032+0800][1.496s] GC(2) Pause Remark
[2021-03-22T19:02:58.037+0800][1.500s] GC(2) Cleaned string and symbol table, strings: 8888 processed, 0 removed, symbols: 58894 processed, 28 removed
[2021-03-22T19:02:58.037+0800][1.501s] GC(2) Pause Remark 24M->24M(512M) 4.984ms
[2021-03-22T19:02:58.037+0800][1.501s] GC(2) User=0.03s Sys=0.00s Real=0.00s
[2021-03-22T19:02:58.037+0800][1.501s] GC(2) Concurrent Rebuild Remembered Sets
[2021-03-22T19:02:58.041+0800][1.504s] GC(2) Concurrent Rebuild Remembered Sets 3.858ms
[2021-03-22T19:02:58.041+0800][1.505s] GC(2) Pause Cleanup
[2021-03-22T19:02:58.041+0800][1.505s] GC(2) Pause Cleanup 24M->24M(512M) 0.156ms
[2021-03-22T19:02:58.041+0800][1.505s] GC(2) User=0.00s Sys=0.00s Real=0.00s
[2021-03-22T19:02:58.041+0800][1.505s] GC(2) Concurrent Cleanup for Next Mark
[2021-03-22T19:02:58.042+0800][1.505s] GC(2) Concurrent Cleanup for Next Mark 0.686ms
[2021-03-22T19:02:58.042+0800][1.506s] GC(2) Concurrent Cycle 18.356ms
[2021-03-22T19:02:58.960+0800][2.424s] GC(3) Pause Young (Normal) (G1 Evacuation Pause)
[2021-03-22T19:02:58.960+0800][2.424s] GC(3) Using 8 workers of 8 for evacuation
[2021-03-22T19:02:58.982+0800][2.445s] GC(3)   Pre Evacuate Collection Set: 0.0ms
[2021-03-22T19:02:58.982+0800][2.445s] GC(3)   Evacuate Collection Set: 19.9ms
[2021-03-22T19:02:58.982+0800][2.445s] GC(3)   Post Evacuate Collection Set: 1.4ms
[2021-03-22T19:02:58.982+0800][2.446s] GC(3)   Other: 0.1ms
[2021-03-22T19:02:58.982+0800][2.446s] GC(3) Eden regions: 76->0(126)
[2021-03-22T19:02:58.982+0800][2.446s] GC(3) Survivor regions: 19->5(12)
[2021-03-22T19:02:58.982+0800][2.446s] GC(3) Old regions: 2->21
[2021-03-22T19:02:58.982+0800][2.446s] GC(3) Humongous regions: 4->4
[2021-03-22T19:02:58.982+0800][2.446s] GC(3) Metaspace: 30579K->30579K(1077248K)
[2021-03-22T19:02:58.982+0800][2.446s] GC(3) Pause Young (Normal) (G1 Evacuation Pause) 99M->27M(512M) 21.629ms
[2021-03-22T19:02:58.982+0800][2.446s] GC(3) User=0.13s Sys=0.01s Real=0.02s
[2021-03-22T19:02:59.371+0800][2.835s] GC(4) Pause Young (Concurrent Start) (Metadata GC Threshold)
[2021-03-22T19:02:59.371+0800][2.835s] GC(4) Using 8 workers of 8 for evacuation
[2021-03-22T19:02:59.379+0800][2.843s] GC(4)   Pre Evacuate Collection Set: 0.1ms
[2021-03-22T19:02:59.379+0800][2.843s] GC(4)   Evacuate Collection Set: 6.4ms
[2021-03-22T19:02:59.379+0800][2.843s] GC(4)   Post Evacuate Collection Set: 1.1ms
[2021-03-22T19:02:59.379+0800][2.843s] GC(4)   Other: 0.2ms
[2021-03-22T19:02:59.379+0800][2.843s] GC(4) Eden regions: 62->0(149)
[2021-03-22T19:02:59.379+0800][2.843s] GC(4) Survivor regions: 5->6(17)
[2021-03-22T19:02:59.379+0800][2.843s] GC(4) Old regions: 21->21
[2021-03-22T19:02:59.379+0800][2.843s] GC(4) Humongous regions: 4->4
[2021-03-22T19:02:59.379+0800][2.843s] GC(4) Metaspace: 34822K->34822K(1081344K)
[2021-03-22T19:02:59.379+0800][2.843s] GC(4) Pause Young (Concurrent Start) (Metadata GC Threshold) 89M->28M(512M) 7.826ms
[2021-03-22T19:02:59.379+0800][2.843s] GC(4) User=0.04s Sys=0.00s Real=0.00s
[2021-03-22T19:02:59.379+0800][2.843s] GC(5) Concurrent Cycle
[2021-03-22T19:02:59.379+0800][2.843s] GC(5) Concurrent Clear Claimed Marks
[2021-03-22T19:02:59.379+0800][2.843s] GC(5) Concurrent Clear Claimed Marks 0.034ms
[2021-03-22T19:02:59.379+0800][2.843s] GC(5) Concurrent Scan Root Regions
[2021-03-22T19:02:59.382+0800][2.846s] GC(5) Concurrent Scan Root Regions 2.700ms
[2021-03-22T19:02:59.382+0800][2.846s] GC(5) Concurrent Mark (2.846s)
[2021-03-22T19:02:59.382+0800][2.846s] GC(5) Concurrent Mark From Roots
[2021-03-22T19:02:59.382+0800][2.846s] GC(5) Using 2 workers of 2 for marking
[2021-03-22T19:02:59.405+0800][2.869s] GC(5) Concurrent Mark From Roots 23.080ms
[2021-03-22T19:02:59.405+0800][2.869s] GC(5) Concurrent Preclean
[2021-03-22T19:02:59.405+0800][2.869s] GC(5) Concurrent Preclean 0.219ms
[2021-03-22T19:02:59.405+0800][2.869s] GC(5) Concurrent Mark (2.846s, 2.869s) 23.373ms
[2021-03-22T19:02:59.406+0800][2.869s] GC(5) Pause Remark
[2021-03-22T19:02:59.409+0800][2.873s] GC(5) Cleaned string and symbol table, strings: 14933 processed, 24 removed, symbols: 103000 processed, 77 removed
[2021-03-22T19:02:59.410+0800][2.873s] GC(5) Pause Remark 41M->41M(512M) 4.030ms
[2021-03-22T19:02:59.410+0800][2.873s] GC(5) User=0.03s Sys=0.00s Real=0.00s
[2021-03-22T19:02:59.410+0800][2.873s] GC(5) Concurrent Rebuild Remembered Sets
[2021-03-22T19:02:59.420+0800][2.884s] GC(5) Concurrent Rebuild Remembered Sets 10.525ms
[2021-03-22T19:02:59.420+0800][2.884s] GC(5) Pause Cleanup
[2021-03-22T19:02:59.420+0800][2.884s] GC(5) Pause Cleanup 42M->42M(512M) 0.120ms
[2021-03-22T19:02:59.420+0800][2.884s] GC(5) User=0.00s Sys=0.00s Real=0.00s
[2021-03-22T19:02:59.421+0800][2.884s] GC(5) Concurrent Cleanup for Next Mark
[2021-03-22T19:02:59.421+0800][2.885s] GC(5) Concurrent Cleanup for Next Mark 0.584ms
[2021-03-22T19:02:59.421+0800][2.885s] GC(5) Concurrent Cycle 41.952ms
[2021-03-22T19:03:00.012+0800][3.476s] GC(6) Pause Young (Normal) (G1 Evacuation Pause)
[2021-03-22T19:03:00.012+0800][3.476s] GC(6) Using 8 workers of 8 for evacuation
[2021-03-22T19:03:00.020+0800][3.484s] GC(6)   Pre Evacuate Collection Set: 0.0ms
[2021-03-22T19:03:00.020+0800][3.484s] GC(6)   Evacuate Collection Set: 6.3ms
[2021-03-22T19:03:00.020+0800][3.484s] GC(6)   Post Evacuate Collection Set: 1.2ms
[2021-03-22T19:03:00.020+0800][3.484s] GC(6)   Other: 0.2ms
[2021-03-22T19:03:00.020+0800][3.484s] GC(6) Eden regions: 149->0(198)
[2021-03-22T19:03:00.020+0800][3.484s] GC(6) Survivor regions: 6->9(20)
[2021-03-22T19:03:00.020+0800][3.484s] GC(6) Old regions: 21->21
[2021-03-22T19:03:00.020+0800][3.484s] GC(6) Humongous regions: 5->4
[2021-03-22T19:03:00.020+0800][3.484s] GC(6) Metaspace: 40267K->40267K(1085440K)
[2021-03-22T19:03:00.020+0800][3.484s] GC(6) Pause Young (Normal) (G1 Evacuation Pause) 178M->31M(512M) 7.895ms
[2021-03-22T19:03:00.020+0800][3.484s] GC(6) User=0.06s Sys=0.00s Real=0.00s
[2021-03-22T19:03:00.699+0800][4.163s] GC(7) Pause Young (Normal) (G1 Evacuation Pause)
[2021-03-22T19:03:00.699+0800][4.163s] GC(7) Using 8 workers of 8 for evacuation
[2021-03-22T19:03:00.712+0800][4.176s] GC(7)   Pre Evacuate Collection Set: 0.0ms
[2021-03-22T19:03:00.712+0800][4.176s] GC(7)   Evacuate Collection Set: 11.9ms
[2021-03-22T19:03:00.712+0800][4.176s] GC(7)   Post Evacuate Collection Set: 1.2ms
[2021-03-22T19:03:00.712+0800][4.176s] GC(7)   Other: 0.1ms
[2021-03-22T19:03:00.713+0800][4.176s] GC(7) Eden regions: 198->0(293)
[2021-03-22T19:03:00.713+0800][4.176s] GC(7) Survivor regions: 9->14(26)
[2021-03-22T19:03:00.713+0800][4.176s] GC(7) Old regions: 21->21
[2021-03-22T19:03:00.713+0800][4.176s] GC(7) Humongous regions: 4->4
[2021-03-22T19:03:00.713+0800][4.176s] GC(7) Metaspace: 45569K->45569K(1089536K)
[2021-03-22T19:03:00.713+0800][4.176s] GC(7) Pause Young (Normal) (G1 Evacuation Pause) 229M->36M(512M) 13.359ms
[2021-03-22T19:03:00.713+0800][4.176s] GC(7) User=0.08s Sys=0.01s Real=0.02s
