[2021-03-28T19:28:39.952+0800][0.008s] Heap region size: 1M
[2021-03-28T19:28:39.966+0800][0.022s] Using G1
[2021-03-28T19:28:39.966+0800][0.022s] Heap address: 0x00000000e0000000, size: 512 MB, Compressed Oops mode: 32-bit
[2021-03-28T19:28:39.967+0800][0.022s] Mark closed archive regions in map: [0x00000000fff00000, 0x00000000fff6aff8]
[2021-03-28T19:28:39.967+0800][0.022s] Mark open archive regions in map: [0x00000000ffe00000, 0x00000000ffe46ff8]
[2021-03-28T19:28:40.328+0800][0.383s] GC(0) Pause Young (Normal) (G1 Evacuation Pause)
[2021-03-28T19:28:40.328+0800][0.384s] GC(0) Using 8 workers of 8 for evacuation
[2021-03-28T19:28:40.336+0800][0.392s] GC(0)   Pre Evacuate Collection Set: 0.0ms
[2021-03-28T19:28:40.336+0800][0.392s] GC(0)   Evacuate Collection Set: 7.4ms
[2021-03-28T19:28:40.336+0800][0.392s] GC(0)   Post Evacuate Collection Set: 0.3ms
[2021-03-28T19:28:40.336+0800][0.392s] GC(0)   Other: 0.9ms
[2021-03-28T19:28:40.336+0800][0.392s] GC(0) Eden regions: 30->0(304)
[2021-03-28T19:28:40.336+0800][0.392s] GC(0) Survivor regions: 0->3(4)
[2021-03-28T19:28:40.336+0800][0.392s] GC(0) Old regions: 2->2
[2021-03-28T19:28:40.336+0800][0.392s] GC(0) Humongous regions: 0->0
[2021-03-28T19:28:40.336+0800][0.392s] GC(0) Metaspace: 6303K->6303K(1056768K)
[2021-03-28T19:28:40.336+0800][0.392s] GC(0) Pause Young (Normal) (G1 Evacuation Pause) 30M->3M(512M) 8.714ms
[2021-03-28T19:28:40.336+0800][0.392s] GC(0) User=0.06s Sys=0.00s Real=0.01s
[2021-03-28T19:28:41.498+0800][1.553s] GC(1) Pause Young (Concurrent Start) (Metadata GC Threshold)
[2021-03-28T19:28:41.498+0800][1.553s] GC(1) Using 8 workers of 8 for evacuation
[2021-03-28T19:28:41.518+0800][1.574s] GC(1)   Pre Evacuate Collection Set: 0.0ms
[2021-03-28T19:28:41.518+0800][1.574s] GC(1)   Evacuate Collection Set: 17.7ms
[2021-03-28T19:28:41.518+0800][1.574s] GC(1)   Post Evacuate Collection Set: 2.3ms
[2021-03-28T19:28:41.518+0800][1.574s] GC(1)   Other: 0.2ms
[2021-03-28T19:28:41.518+0800][1.574s] GC(1) Eden regions: 107->0(83)
[2021-03-28T19:28:41.518+0800][1.574s] GC(1) Survivor regions: 3->19(39)
[2021-03-28T19:28:41.518+0800][1.574s] GC(1) Old regions: 2->2
[2021-03-28T19:28:41.518+0800][1.574s] GC(1) Humongous regions: 4->4
[2021-03-28T19:28:41.518+0800][1.574s] GC(1) Metaspace: 20455K->20455K(1067008K)
[2021-03-28T19:28:41.518+0800][1.574s] GC(1) Pause Young (Concurrent Start) (Metadata GC Threshold) 114M->23M(512M) 20.583ms
[2021-03-28T19:28:41.518+0800][1.574s] GC(1) User=0.10s Sys=0.00s Real=0.02s
[2021-03-28T19:28:41.518+0800][1.574s] GC(2) Concurrent Cycle
[2021-03-28T19:28:41.519+0800][1.574s] GC(2) Concurrent Clear Claimed Marks
[2021-03-28T19:28:41.519+0800][1.574s] GC(2) Concurrent Clear Claimed Marks 0.054ms
[2021-03-28T19:28:41.519+0800][1.574s] GC(2) Concurrent Scan Root Regions
[2021-03-28T19:28:41.525+0800][1.580s] GC(2) Concurrent Scan Root Regions 6.039ms
[2021-03-28T19:28:41.525+0800][1.580s] GC(2) Concurrent Mark (1.580s)
[2021-03-28T19:28:41.525+0800][1.580s] GC(2) Concurrent Mark From Roots
[2021-03-28T19:28:41.525+0800][1.580s] GC(2) Using 2 workers of 2 for marking
[2021-03-28T19:28:41.529+0800][1.585s] GC(2) Concurrent Mark From Roots 4.636ms
[2021-03-28T19:28:41.529+0800][1.585s] GC(2) Concurrent Preclean
[2021-03-28T19:28:41.529+0800][1.585s] GC(2) Concurrent Preclean 0.124ms
[2021-03-28T19:28:41.529+0800][1.585s] GC(2) Concurrent Mark (1.580s, 1.585s) 4.832ms
[2021-03-28T19:28:41.530+0800][1.585s] GC(2) Pause Remark
[2021-03-28T19:28:41.539+0800][1.594s] GC(2) Cleaned string and symbol table, strings: 8889 processed, 0 removed, symbols: 58973 processed, 28 removed
[2021-03-28T19:28:41.539+0800][1.594s] GC(2) Pause Remark 24M->24M(512M) 9.028ms
[2021-03-28T19:28:41.539+0800][1.594s] GC(2) User=0.03s Sys=0.00s Real=0.00s
[2021-03-28T19:28:41.539+0800][1.595s] GC(2) Concurrent Rebuild Remembered Sets
[2021-03-28T19:28:41.544+0800][1.600s] GC(2) Concurrent Rebuild Remembered Sets 5.088ms
[2021-03-28T19:28:41.544+0800][1.600s] GC(2) Pause Cleanup
[2021-03-28T19:28:41.545+0800][1.600s] GC(2) Pause Cleanup 25M->25M(512M) 0.177ms
[2021-03-28T19:28:41.545+0800][1.600s] GC(2) User=0.00s Sys=0.00s Real=0.00s
[2021-03-28T19:28:41.545+0800][1.600s] GC(2) Concurrent Cleanup for Next Mark
[2021-03-28T19:28:41.546+0800][1.602s] GC(2) Concurrent Cleanup for Next Mark 1.605ms
[2021-03-28T19:28:41.546+0800][1.602s] GC(2) Concurrent Cycle 27.934ms
[2021-03-28T19:28:42.540+0800][2.596s] GC(3) Pause Young (Normal) (G1 Evacuation Pause)
[2021-03-28T19:28:42.541+0800][2.596s] GC(3) Using 8 workers of 8 for evacuation
[2021-03-28T19:28:42.563+0800][2.618s] GC(3)   Pre Evacuate Collection Set: 0.0ms
[2021-03-28T19:28:42.563+0800][2.618s] GC(3)   Evacuate Collection Set: 20.9ms
[2021-03-28T19:28:42.563+0800][2.618s] GC(3)   Post Evacuate Collection Set: 1.3ms
[2021-03-28T19:28:42.563+0800][2.618s] GC(3)   Other: 0.1ms
[2021-03-28T19:28:42.563+0800][2.618s] GC(3) Eden regions: 73->0(126)
[2021-03-28T19:28:42.563+0800][2.618s] GC(3) Survivor regions: 19->5(12)
[2021-03-28T19:28:42.563+0800][2.618s] GC(3) Old regions: 2->21
[2021-03-28T19:28:42.563+0800][2.618s] GC(3) Humongous regions: 4->4
[2021-03-28T19:28:42.563+0800][2.618s] GC(3) Metaspace: 30532K->30532K(1077248K)
[2021-03-28T19:28:42.563+0800][2.618s] GC(3) Pause Young (Normal) (G1 Evacuation Pause) 96M->27M(512M) 22.441ms
[2021-03-28T19:28:42.563+0800][2.618s] GC(3) User=0.16s Sys=0.01s Real=0.03s
[2021-03-28T19:28:42.973+0800][3.028s] GC(4) Pause Young (Concurrent Start) (Metadata GC Threshold)
[2021-03-28T19:28:42.973+0800][3.028s] GC(4) Using 8 workers of 8 for evacuation
[2021-03-28T19:28:42.979+0800][3.034s] GC(4)   Pre Evacuate Collection Set: 0.1ms
[2021-03-28T19:28:42.979+0800][3.034s] GC(4)   Evacuate Collection Set: 5.2ms
[2021-03-28T19:28:42.979+0800][3.034s] GC(4)   Post Evacuate Collection Set: 1.0ms
[2021-03-28T19:28:42.979+0800][3.034s] GC(4)   Other: 0.2ms
[2021-03-28T19:28:42.979+0800][3.034s] GC(4) Eden regions: 64->0(146)
[2021-03-28T19:28:42.979+0800][3.034s] GC(4) Survivor regions: 5->6(17)
[2021-03-28T19:28:42.979+0800][3.034s] GC(4) Old regions: 21->21
[2021-03-28T19:28:42.979+0800][3.034s] GC(4) Humongous regions: 4->4
[2021-03-28T19:28:42.979+0800][3.034s] GC(4) Metaspace: 34763K->34763K(1081344K)
[2021-03-28T19:28:42.979+0800][3.034s] GC(4) Pause Young (Concurrent Start) (Metadata GC Threshold) 91M->28M(512M) 6.524ms
[2021-03-28T19:28:42.979+0800][3.034s] GC(4) User=0.03s Sys=0.01s Real=0.00s
[2021-03-28T19:28:42.979+0800][3.035s] GC(5) Concurrent Cycle
[2021-03-28T19:28:42.979+0800][3.035s] GC(5) Concurrent Clear Claimed Marks
[2021-03-28T19:28:42.979+0800][3.035s] GC(5) Concurrent Clear Claimed Marks 0.022ms
[2021-03-28T19:28:42.979+0800][3.035s] GC(5) Concurrent Scan Root Regions
[2021-03-28T19:28:42.982+0800][3.037s] GC(5) Concurrent Scan Root Regions 2.809ms
[2021-03-28T19:28:42.982+0800][3.037s] GC(5) Concurrent Mark (3.037s)
[2021-03-28T19:28:42.982+0800][3.037s] GC(5) Concurrent Mark From Roots
[2021-03-28T19:28:42.982+0800][3.037s] GC(5) Using 2 workers of 2 for marking
[2021-03-28T19:28:43.002+0800][3.057s] GC(5) Concurrent Mark From Roots 19.743ms
[2021-03-28T19:28:43.002+0800][3.057s] GC(5) Concurrent Preclean
[2021-03-28T19:28:43.002+0800][3.057s] GC(5) Concurrent Preclean 0.197ms
[2021-03-28T19:28:43.002+0800][3.057s] GC(5) Concurrent Mark (3.037s, 3.057s) 20.004ms
[2021-03-28T19:28:43.002+0800][3.058s] GC(5) Pause Remark
[2021-03-28T19:28:43.006+0800][3.061s] GC(5) Cleaned string and symbol table, strings: 14847 processed, 24 removed, symbols: 102771 processed, 80 removed
[2021-03-28T19:28:43.006+0800][3.062s] GC(5) Pause Remark 37M->37M(512M) 3.913ms
[2021-03-28T19:28:43.006+0800][3.062s] GC(5) User=0.02s Sys=0.00s Real=0.00s
[2021-03-28T19:28:43.006+0800][3.062s] GC(5) Concurrent Rebuild Remembered Sets
[2021-03-28T19:28:43.017+0800][3.072s] GC(5) Concurrent Rebuild Remembered Sets 10.909ms
[2021-03-28T19:28:43.017+0800][3.073s] GC(5) Pause Cleanup
[2021-03-28T19:28:43.017+0800][3.073s] GC(5) Pause Cleanup 39M->39M(512M) 0.122ms
[2021-03-28T19:28:43.017+0800][3.073s] GC(5) User=0.00s Sys=0.00s Real=0.00s
[2021-03-28T19:28:43.017+0800][3.073s] GC(5) Concurrent Cleanup for Next Mark
[2021-03-28T19:28:43.018+0800][3.073s] GC(5) Concurrent Cleanup for Next Mark 0.602ms
[2021-03-28T19:28:43.018+0800][3.073s] GC(5) Concurrent Cycle 38.918ms
[2021-03-28T19:28:43.721+0800][3.776s] GC(6) Pause Young (Concurrent Start) (G1 Evacuation Pause)
[2021-03-28T19:28:43.721+0800][3.777s] GC(6) Using 8 workers of 8 for evacuation
[2021-03-28T19:28:43.736+0800][3.792s] GC(6)   Pre Evacuate Collection Set: 0.2ms
[2021-03-28T19:28:43.737+0800][3.792s] GC(6)   Evacuate Collection Set: 13.6ms
[2021-03-28T19:28:43.737+0800][3.792s] GC(6)   Post Evacuate Collection Set: 1.4ms
[2021-03-28T19:28:43.737+0800][3.792s] GC(6)   Other: 0.3ms
[2021-03-28T19:28:43.737+0800][3.792s] GC(6) Eden regions: 146->0(188)
[2021-03-28T19:28:43.737+0800][3.792s] GC(6) Survivor regions: 6->9(19)
[2021-03-28T19:28:43.737+0800][3.792s] GC(6) Old regions: 21->21
[2021-03-28T19:28:43.737+0800][3.792s] GC(6) Humongous regions: 5->4
[2021-03-28T19:28:43.737+0800][3.792s] GC(6) Metaspace: 40213K->40213K(1085440K)
[2021-03-28T19:28:43.737+0800][3.792s] GC(6) Pause Young (Concurrent Start) (G1 Evacuation Pause) 175M->31M(512M) 15.564ms
[2021-03-28T19:28:43.737+0800][3.792s] GC(6) User=0.07s Sys=0.01s Real=0.01s
[2021-03-28T19:28:43.737+0800][3.792s] GC(7) Concurrent Cycle
[2021-03-28T19:28:43.737+0800][3.792s] GC(7) Concurrent Clear Claimed Marks
[2021-03-28T19:28:43.737+0800][3.792s] GC(7) Concurrent Clear Claimed Marks 0.123ms
[2021-03-28T19:28:43.737+0800][3.792s] GC(7) Concurrent Scan Root Regions
[2021-03-28T19:28:43.741+0800][3.796s] GC(7) Concurrent Scan Root Regions 4.163ms
[2021-03-28T19:28:43.741+0800][3.796s] GC(7) Concurrent Mark (3.796s)
[2021-03-28T19:28:43.741+0800][3.797s] GC(7) Concurrent Mark From Roots
[2021-03-28T19:28:43.741+0800][3.797s] GC(7) Using 2 workers of 2 for marking
[2021-03-28T19:28:43.765+0800][3.821s] GC(7) Concurrent Mark From Roots 24.323ms
[2021-03-28T19:28:43.765+0800][3.821s] GC(7) Concurrent Preclean
[2021-03-28T19:28:43.766+0800][3.821s] GC(7) Concurrent Preclean 0.251ms
[2021-03-28T19:28:43.766+0800][3.821s] GC(7) Concurrent Mark (3.796s, 3.821s) 24.653ms
[2021-03-28T19:28:43.766+0800][3.821s] GC(7) Pause Remark
[2021-03-28T19:28:43.772+0800][3.827s] GC(7) Cleaned string and symbol table, strings: 18730 processed, 1 removed, symbols: 116551 processed, 68 removed
[2021-03-28T19:28:43.772+0800][3.828s] GC(7) Pause Remark 56M->56M(512M) 6.229ms
[2021-03-28T19:28:43.772+0800][3.828s] GC(7) User=0.03s Sys=0.01s Real=0.01s
[2021-03-28T19:28:43.772+0800][3.828s] GC(7) Concurrent Rebuild Remembered Sets
[2021-03-28T19:28:43.784+0800][3.839s] GC(7) Concurrent Rebuild Remembered Sets 11.781ms
[2021-03-28T19:28:43.784+0800][3.840s] GC(7) Pause Cleanup
[2021-03-28T19:28:43.784+0800][3.840s] GC(7) Pause Cleanup 63M->63M(512M) 0.272ms
[2021-03-28T19:28:43.784+0800][3.840s] GC(7) User=0.00s Sys=0.00s Real=0.00s
[2021-03-28T19:28:43.784+0800][3.840s] GC(7) Concurrent Cleanup for Next Mark
[2021-03-28T19:28:43.785+0800][3.841s] GC(7) Concurrent Cleanup for Next Mark 0.880ms
[2021-03-28T19:28:43.785+0800][3.841s] GC(7) Concurrent Cycle 48.699ms
[2021-03-28T19:28:44.515+0800][4.570s] GC(8) Pause Young (Normal) (G1 Evacuation Pause)
[2021-03-28T19:28:44.515+0800][4.570s] GC(8) Using 8 workers of 8 for evacuation
[2021-03-28T19:28:44.529+0800][4.585s] GC(8)   Pre Evacuate Collection Set: 0.0ms
[2021-03-28T19:28:44.529+0800][4.585s] GC(8)   Evacuate Collection Set: 13.3ms
[2021-03-28T19:28:44.529+0800][4.585s] GC(8)   Post Evacuate Collection Set: 1.4ms
[2021-03-28T19:28:44.529+0800][4.585s] GC(8)   Other: 0.2ms
[2021-03-28T19:28:44.529+0800][4.585s] GC(8) Eden regions: 188->0(293)
[2021-03-28T19:28:44.529+0800][4.585s] GC(8) Survivor regions: 9->14(25)
[2021-03-28T19:28:44.529+0800][4.585s] GC(8) Old regions: 21->21
[2021-03-28T19:28:44.529+0800][4.585s] GC(8) Humongous regions: 4->4
[2021-03-28T19:28:44.529+0800][4.585s] GC(8) Metaspace: 45571K->45571K(1089536K)
[2021-03-28T19:28:44.530+0800][4.585s] GC(8) Pause Young (Normal) (G1 Evacuation Pause) 219M->36M(512M) 14.996ms
[2021-03-28T19:28:44.530+0800][4.585s] GC(8) User=0.08s Sys=0.01s Real=0.02s
