[2021-03-23T03:21:09.858+0800][0.007s] Heap region size: 1M
[2021-03-23T03:21:09.871+0800][0.020s] Using G1
[2021-03-23T03:21:09.871+0800][0.020s] Heap address: 0x00000000e0000000, size: 512 MB, Compressed Oops mode: 32-bit
[2021-03-23T03:21:09.871+0800][0.020s] Mark closed archive regions in map: [0x00000000fff00000, 0x00000000fff6aff8]
[2021-03-23T03:21:09.871+0800][0.020s] Mark open archive regions in map: [0x00000000ffe00000, 0x00000000ffe46ff8]
[2021-03-23T03:21:10.291+0800][0.439s] GC(0) Pause Young (Normal) (G1 Evacuation Pause)
[2021-03-23T03:21:10.291+0800][0.440s] GC(0) Using 8 workers of 8 for evacuation
[2021-03-23T03:21:10.301+0800][0.450s] GC(0)   Pre Evacuate Collection Set: 0.0ms
[2021-03-23T03:21:10.301+0800][0.450s] GC(0)   Evacuate Collection Set: 8.7ms
[2021-03-23T03:21:10.301+0800][0.450s] GC(0)   Post Evacuate Collection Set: 1.1ms
[2021-03-23T03:21:10.301+0800][0.450s] GC(0)   Other: 0.8ms
[2021-03-23T03:21:10.301+0800][0.450s] GC(0) Eden regions: 30->0(304)
[2021-03-23T03:21:10.301+0800][0.450s] GC(0) Survivor regions: 0->3(4)
[2021-03-23T03:21:10.301+0800][0.450s] GC(0) Old regions: 2->2
[2021-03-23T03:21:10.301+0800][0.450s] GC(0) Humongous regions: 0->0
[2021-03-23T03:21:10.301+0800][0.450s] GC(0) Metaspace: 6308K->6308K(1056768K)
[2021-03-23T03:21:10.301+0800][0.450s] GC(0) Pause Young (Normal) (G1 Evacuation Pause) 30M->3M(512M) 10.762ms
[2021-03-23T03:21:10.301+0800][0.450s] GC(0) User=0.06s Sys=0.00s Real=0.01s
[2021-03-23T03:21:11.352+0800][1.501s] GC(1) Pause Young (Concurrent Start) (Metadata GC Threshold)
[2021-03-23T03:21:11.352+0800][1.501s] GC(1) Using 8 workers of 8 for evacuation
[2021-03-23T03:21:11.371+0800][1.519s] GC(1)   Pre Evacuate Collection Set: 0.0ms
[2021-03-23T03:21:11.371+0800][1.519s] GC(1)   Evacuate Collection Set: 15.8ms
[2021-03-23T03:21:11.371+0800][1.519s] GC(1)   Post Evacuate Collection Set: 2.1ms
[2021-03-23T03:21:11.371+0800][1.519s] GC(1)   Other: 0.2ms
[2021-03-23T03:21:11.371+0800][1.519s] GC(1) Eden regions: 109->0(87)
[2021-03-23T03:21:11.371+0800][1.519s] GC(1) Survivor regions: 3->20(39)
[2021-03-23T03:21:11.371+0800][1.519s] GC(1) Old regions: 2->2
[2021-03-23T03:21:11.371+0800][1.519s] GC(1) Humongous regions: 4->4
[2021-03-23T03:21:11.371+0800][1.519s] GC(1) Metaspace: 20451K->20451K(1067008K)
[2021-03-23T03:21:11.371+0800][1.519s] GC(1) Pause Young (Concurrent Start) (Metadata GC Threshold) 116M->24M(512M) 18.244ms
[2021-03-23T03:21:11.371+0800][1.519s] GC(1) User=0.09s Sys=0.00s Real=0.02s
[2021-03-23T03:21:11.371+0800][1.519s] GC(2) Concurrent Cycle
[2021-03-23T03:21:11.371+0800][1.520s] GC(2) Concurrent Clear Claimed Marks
[2021-03-23T03:21:11.371+0800][1.520s] GC(2) Concurrent Clear Claimed Marks 0.040ms
[2021-03-23T03:21:11.371+0800][1.520s] GC(2) Concurrent Scan Root Regions
[2021-03-23T03:21:11.376+0800][1.525s] GC(2) Concurrent Scan Root Regions 5.145ms
[2021-03-23T03:21:11.376+0800][1.525s] GC(2) Concurrent Mark (1.525s)
[2021-03-23T03:21:11.376+0800][1.525s] GC(2) Concurrent Mark From Roots
[2021-03-23T03:21:11.376+0800][1.525s] GC(2) Using 2 workers of 2 for marking
[2021-03-23T03:21:11.381+0800][1.530s] GC(2) Concurrent Mark From Roots 4.982ms
[2021-03-23T03:21:11.381+0800][1.530s] GC(2) Concurrent Preclean
[2021-03-23T03:21:11.381+0800][1.530s] GC(2) Concurrent Preclean 0.113ms
[2021-03-23T03:21:11.381+0800][1.530s] GC(2) Concurrent Mark (1.525s, 1.530s) 5.145ms
[2021-03-23T03:21:11.381+0800][1.530s] GC(2) Pause Remark
[2021-03-23T03:21:11.384+0800][1.533s] GC(2) Cleaned string and symbol table, strings: 8877 processed, 0 removed, symbols: 58894 processed, 28 removed
[2021-03-23T03:21:11.384+0800][1.533s] GC(2) Pause Remark 24M->24M(512M) 2.729ms
[2021-03-23T03:21:11.384+0800][1.533s] GC(2) User=0.01s Sys=0.00s Real=0.00s
[2021-03-23T03:21:11.384+0800][1.533s] GC(2) Concurrent Rebuild Remembered Sets
[2021-03-23T03:21:11.388+0800][1.537s] GC(2) Concurrent Rebuild Remembered Sets 3.992ms
[2021-03-23T03:21:11.388+0800][1.537s] GC(2) Pause Cleanup
[2021-03-23T03:21:11.388+0800][1.537s] GC(2) Pause Cleanup 25M->25M(512M) 0.151ms
[2021-03-23T03:21:11.388+0800][1.537s] GC(2) User=0.00s Sys=0.00s Real=0.00s
[2021-03-23T03:21:11.388+0800][1.537s] GC(2) Concurrent Cleanup for Next Mark
[2021-03-23T03:21:11.389+0800][1.538s] GC(2) Concurrent Cleanup for Next Mark 0.671ms
[2021-03-23T03:21:11.389+0800][1.538s] GC(2) Concurrent Cycle 18.405ms
[2021-03-23T03:21:12.282+0800][2.431s] GC(3) Pause Young (Normal) (G1 Evacuation Pause)
[2021-03-23T03:21:12.282+0800][2.431s] GC(3) Using 8 workers of 8 for evacuation
[2021-03-23T03:21:12.304+0800][2.452s] GC(3)   Pre Evacuate Collection Set: 0.0ms
[2021-03-23T03:21:12.304+0800][2.452s] GC(3)   Evacuate Collection Set: 20.0ms
[2021-03-23T03:21:12.304+0800][2.452s] GC(3)   Post Evacuate Collection Set: 1.3ms
[2021-03-23T03:21:12.304+0800][2.452s] GC(3)   Other: 0.1ms
[2021-03-23T03:21:12.304+0800][2.452s] GC(3) Eden regions: 77->0(138)
[2021-03-23T03:21:12.304+0800][2.452s] GC(3) Survivor regions: 20->5(13)
[2021-03-23T03:21:12.304+0800][2.452s] GC(3) Old regions: 2->21
[2021-03-23T03:21:12.304+0800][2.452s] GC(3) Humongous regions: 4->4
[2021-03-23T03:21:12.304+0800][2.452s] GC(3) Metaspace: 30721K->30721K(1077248K)
[2021-03-23T03:21:12.304+0800][2.453s] GC(3) Pause Young (Normal) (G1 Evacuation Pause) 101M->27M(512M) 21.563ms
[2021-03-23T03:21:12.304+0800][2.453s] GC(3) User=0.13s Sys=0.01s Real=0.02s
[2021-03-23T03:21:12.668+0800][2.816s] GC(4) Pause Young (Concurrent Start) (Metadata GC Threshold)
[2021-03-23T03:21:12.668+0800][2.816s] GC(4) Using 8 workers of 8 for evacuation
[2021-03-23T03:21:12.675+0800][2.823s] GC(4)   Pre Evacuate Collection Set: 0.1ms
[2021-03-23T03:21:12.675+0800][2.823s] GC(4)   Evacuate Collection Set: 5.6ms
[2021-03-23T03:21:12.675+0800][2.823s] GC(4)   Post Evacuate Collection Set: 1.1ms
[2021-03-23T03:21:12.675+0800][2.823s] GC(4)   Other: 0.1ms
[2021-03-23T03:21:12.675+0800][2.823s] GC(4) Eden regions: 62->0(186)
[2021-03-23T03:21:12.675+0800][2.823s] GC(4) Survivor regions: 5->6(18)
[2021-03-23T03:21:12.675+0800][2.823s] GC(4) Old regions: 21->21
[2021-03-23T03:21:12.675+0800][2.823s] GC(4) Humongous regions: 4->4
[2021-03-23T03:21:12.675+0800][2.823s] GC(4) Metaspace: 34804K->34804K(1081344K)
[2021-03-23T03:21:12.675+0800][2.823s] GC(4) Pause Young (Concurrent Start) (Metadata GC Threshold) 89M->28M(512M) 6.969ms
[2021-03-23T03:21:12.675+0800][2.823s] GC(4) User=0.03s Sys=0.00s Real=0.01s
[2021-03-23T03:21:12.675+0800][2.824s] GC(5) Concurrent Cycle
[2021-03-23T03:21:12.675+0800][2.824s] GC(5) Concurrent Clear Claimed Marks
[2021-03-23T03:21:12.675+0800][2.824s] GC(5) Concurrent Clear Claimed Marks 0.028ms
[2021-03-23T03:21:12.675+0800][2.824s] GC(5) Concurrent Scan Root Regions
[2021-03-23T03:21:12.677+0800][2.826s] GC(5) Concurrent Scan Root Regions 2.597ms
[2021-03-23T03:21:12.677+0800][2.826s] GC(5) Concurrent Mark (2.826s)
[2021-03-23T03:21:12.677+0800][2.826s] GC(5) Concurrent Mark From Roots
[2021-03-23T03:21:12.677+0800][2.826s] GC(5) Using 2 workers of 2 for marking
[2021-03-23T03:21:12.698+0800][2.846s] GC(5) Concurrent Mark From Roots 20.164ms
[2021-03-23T03:21:12.698+0800][2.846s] GC(5) Concurrent Preclean
[2021-03-23T03:21:12.698+0800][2.847s] GC(5) Concurrent Preclean 0.210ms
[2021-03-23T03:21:12.698+0800][2.847s] GC(5) Concurrent Mark (2.826s, 2.847s) 20.464ms
[2021-03-23T03:21:12.698+0800][2.847s] GC(5) Pause Remark
[2021-03-23T03:21:12.701+0800][2.850s] GC(5) Cleaned string and symbol table, strings: 14895 processed, 24 removed, symbols: 102326 processed, 78 removed
[2021-03-23T03:21:12.702+0800][2.850s] GC(5) Pause Remark 39M->39M(512M) 3.481ms
[2021-03-23T03:21:12.702+0800][2.850s] GC(5) User=0.02s Sys=0.01s Real=0.00s
[2021-03-23T03:21:12.702+0800][2.850s] GC(5) Concurrent Rebuild Remembered Sets
[2021-03-23T03:21:12.715+0800][2.864s] GC(5) Concurrent Rebuild Remembered Sets 13.595ms
[2021-03-23T03:21:12.715+0800][2.864s] GC(5) Pause Cleanup
[2021-03-23T03:21:12.716+0800][2.864s] GC(5) Pause Cleanup 41M->41M(512M) 0.183ms
[2021-03-23T03:21:12.716+0800][2.864s] GC(5) User=0.00s Sys=0.00s Real=0.00s
[2021-03-23T03:21:12.716+0800][2.864s] GC(5) Concurrent Cleanup for Next Mark
[2021-03-23T03:21:12.716+0800][2.865s] GC(5) Concurrent Cleanup for Next Mark 0.898ms
[2021-03-23T03:21:12.717+0800][2.865s] GC(5) Concurrent Cycle 41.801ms
[2021-03-23T03:21:13.394+0800][3.542s] GC(6) Pause Young (Normal) (G1 Evacuation Pause)
[2021-03-23T03:21:13.394+0800][3.542s] GC(6) Using 8 workers of 8 for evacuation
[2021-03-23T03:21:13.405+0800][3.553s] GC(6)   Pre Evacuate Collection Set: 0.0ms
[2021-03-23T03:21:13.405+0800][3.554s] GC(6)   Evacuate Collection Set: 9.7ms
[2021-03-23T03:21:13.405+0800][3.554s] GC(6)   Post Evacuate Collection Set: 1.2ms
[2021-03-23T03:21:13.405+0800][3.554s] GC(6)   Other: 0.1ms
[2021-03-23T03:21:13.405+0800][3.554s] GC(6) Eden regions: 186->0(237)
[2021-03-23T03:21:13.405+0800][3.554s] GC(6) Survivor regions: 6->9(24)
[2021-03-23T03:21:13.405+0800][3.554s] GC(6) Old regions: 21->21
[2021-03-23T03:21:13.405+0800][3.554s] GC(6) Humongous regions: 5->4
[2021-03-23T03:21:13.405+0800][3.554s] GC(6) Metaspace: 40364K->40364K(1085440K)
[2021-03-23T03:21:13.405+0800][3.554s] GC(6) Pause Young (Normal) (G1 Evacuation Pause) 215M->30M(512M) 11.186ms
[2021-03-23T03:21:13.405+0800][3.554s] GC(6) User=0.07s Sys=0.00s Real=0.01s
[2021-03-23T03:21:19.784+0800][9.932s] GC(7) Pause Young (Normal) (G1 Evacuation Pause)
[2021-03-23T03:21:19.784+0800][9.932s] GC(7) Using 8 workers of 8 for evacuation
[2021-03-23T03:21:19.814+0800][9.963s] GC(7)   Pre Evacuate Collection Set: 0.0ms
[2021-03-23T03:21:19.814+0800][9.963s] GC(7)   Evacuate Collection Set: 28.2ms
[2021-03-23T03:21:19.814+0800][9.963s] GC(7)   Post Evacuate Collection Set: 2.3ms
[2021-03-23T03:21:19.814+0800][9.963s] GC(7)   Other: 0.2ms
[2021-03-23T03:21:19.814+0800][9.963s] GC(7) Eden regions: 237->0(287)
[2021-03-23T03:21:19.814+0800][9.963s] GC(7) Survivor regions: 9->20(31)
[2021-03-23T03:21:19.814+0800][9.963s] GC(7) Old regions: 21->21
[2021-03-23T03:21:19.814+0800][9.963s] GC(7) Humongous regions: 7->7
[2021-03-23T03:21:19.814+0800][9.963s] GC(7) Metaspace: 52920K->52920K(1097728K)
[2021-03-23T03:21:19.814+0800][9.963s] GC(7) Pause Young (Normal) (G1 Evacuation Pause) 270M->45M(512M) 30.732ms
[2021-03-23T03:21:19.814+0800][9.963s] GC(7) User=0.18s Sys=0.01s Real=0.03s
