[2021-02-15T21:46:58.824+0800][0.009s] Heap region size: 1M
[2021-02-15T21:46:58.842+0800][0.027s] Using G1
[2021-02-15T21:46:58.842+0800][0.027s] Heap address: 0x00000000e0000000, size: 512 MB, Compressed Oops mode: 32-bit
[2021-02-15T21:46:58.842+0800][0.027s] Mark closed archive regions in map: [0x00000000fff00000, 0x00000000fff6aff8]
[2021-02-15T21:46:58.842+0800][0.027s] Mark open archive regions in map: [0x00000000ffe00000, 0x00000000ffe46ff8]
[2021-02-15T21:46:59.208+0800][0.393s] GC(0) Pause Young (Normal) (G1 Evacuation Pause)
[2021-02-15T21:46:59.209+0800][0.393s] GC(0) Using 8 workers of 8 for evacuation
[2021-02-15T21:46:59.217+0800][0.402s] GC(0)   Pre Evacuate Collection Set: 0.0ms
[2021-02-15T21:46:59.217+0800][0.402s] GC(0)   Evacuate Collection Set: 7.9ms
[2021-02-15T21:46:59.217+0800][0.402s] GC(0)   Post Evacuate Collection Set: 0.5ms
[2021-02-15T21:46:59.217+0800][0.402s] GC(0)   Other: 0.7ms
[2021-02-15T21:46:59.217+0800][0.402s] GC(0) Eden regions: 30->0(304)
[2021-02-15T21:46:59.217+0800][0.402s] GC(0) Survivor regions: 0->3(4)
[2021-02-15T21:46:59.217+0800][0.402s] GC(0) Old regions: 2->2
[2021-02-15T21:46:59.217+0800][0.402s] GC(0) Humongous regions: 0->0
[2021-02-15T21:46:59.217+0800][0.402s] GC(0) Metaspace: 6353K->6353K(1056768K)
[2021-02-15T21:46:59.217+0800][0.402s] GC(0) Pause Young (Normal) (G1 Evacuation Pause) 30M->3M(512M) 9.142ms
[2021-02-15T21:46:59.217+0800][0.402s] GC(0) User=0.06s Sys=0.00s Real=0.00s
[2021-02-15T21:47:00.406+0800][1.590s] GC(1) Pause Young (Concurrent Start) (Metadata GC Threshold)
[2021-02-15T21:47:00.406+0800][1.590s] GC(1) Using 8 workers of 8 for evacuation
[2021-02-15T21:47:00.423+0800][1.607s] GC(1)   Pre Evacuate Collection Set: 0.1ms
[2021-02-15T21:47:00.423+0800][1.607s] GC(1)   Evacuate Collection Set: 14.3ms
[2021-02-15T21:47:00.423+0800][1.607s] GC(1)   Post Evacuate Collection Set: 2.3ms
[2021-02-15T21:47:00.423+0800][1.607s] GC(1)   Other: 0.3ms
[2021-02-15T21:47:00.423+0800][1.607s] GC(1) Eden regions: 108->0(89)
[2021-02-15T21:47:00.423+0800][1.607s] GC(1) Survivor regions: 3->19(39)
[2021-02-15T21:47:00.423+0800][1.607s] GC(1) Old regions: 2->2
[2021-02-15T21:47:00.423+0800][1.607s] GC(1) Humongous regions: 4->4
[2021-02-15T21:47:00.423+0800][1.607s] GC(1) Metaspace: 20433K->20433K(1067008K)
[2021-02-15T21:47:00.423+0800][1.607s] GC(1) Pause Young (Concurrent Start) (Metadata GC Threshold) 115M->23M(512M) 17.069ms
[2021-02-15T21:47:00.423+0800][1.607s] GC(1) User=0.08s Sys=0.01s Real=0.02s
[2021-02-15T21:47:00.423+0800][1.608s] GC(2) Concurrent Cycle
[2021-02-15T21:47:00.423+0800][1.608s] GC(2) Concurrent Clear Claimed Marks
[2021-02-15T21:47:00.423+0800][1.608s] GC(2) Concurrent Clear Claimed Marks 0.062ms
[2021-02-15T21:47:00.423+0800][1.608s] GC(2) Concurrent Scan Root Regions
[2021-02-15T21:47:00.428+0800][1.613s] GC(2) Concurrent Scan Root Regions 4.970ms
[2021-02-15T21:47:00.428+0800][1.613s] GC(2) Concurrent Mark (1.613s)
[2021-02-15T21:47:00.428+0800][1.613s] GC(2) Concurrent Mark From Roots
[2021-02-15T21:47:00.428+0800][1.613s] GC(2) Using 2 workers of 2 for marking
[2021-02-15T21:47:00.432+0800][1.616s] GC(2) Concurrent Mark From Roots 3.545ms
[2021-02-15T21:47:00.432+0800][1.616s] GC(2) Concurrent Preclean
[2021-02-15T21:47:00.432+0800][1.616s] GC(2) Concurrent Preclean 0.128ms
[2021-02-15T21:47:00.432+0800][1.616s] GC(2) Concurrent Mark (1.613s, 1.616s) 3.737ms
[2021-02-15T21:47:00.432+0800][1.617s] GC(2) Pause Remark
[2021-02-15T21:47:00.441+0800][1.625s] GC(2) Cleaned string and symbol table, strings: 8883 processed, 0 removed, symbols: 58891 processed, 28 removed
[2021-02-15T21:47:00.441+0800][1.626s] GC(2) Pause Remark 24M->24M(512M) 9.122ms
[2021-02-15T21:47:00.441+0800][1.626s] GC(2) User=0.05s Sys=0.00s Real=0.01s
[2021-02-15T21:47:00.441+0800][1.626s] GC(2) Concurrent Rebuild Remembered Sets
[2021-02-15T21:47:00.444+0800][1.628s] GC(2) Concurrent Rebuild Remembered Sets 2.400ms
[2021-02-15T21:47:00.444+0800][1.628s] GC(2) Pause Cleanup
[2021-02-15T21:47:00.444+0800][1.628s] GC(2) Pause Cleanup 24M->24M(512M) 0.178ms
[2021-02-15T21:47:00.444+0800][1.628s] GC(2) User=0.00s Sys=0.00s Real=0.00s
[2021-02-15T21:47:00.444+0800][1.628s] GC(2) Concurrent Cleanup for Next Mark
[2021-02-15T21:47:00.444+0800][1.629s] GC(2) Concurrent Cleanup for Next Mark 0.424ms
[2021-02-15T21:47:00.444+0800][1.629s] GC(2) Concurrent Cycle 21.343ms
[2021-02-15T21:47:01.183+0800][2.368s] GC(3) Pause Young (Normal) (G1 Evacuation Pause)
[2021-02-15T21:47:01.183+0800][2.368s] GC(3) Using 8 workers of 8 for evacuation
[2021-02-15T21:47:01.197+0800][2.382s] GC(3)   Pre Evacuate Collection Set: 0.0ms
[2021-02-15T21:47:01.197+0800][2.382s] GC(3)   Evacuate Collection Set: 12.5ms
[2021-02-15T21:47:01.197+0800][2.382s] GC(3)   Post Evacuate Collection Set: 1.2ms
[2021-02-15T21:47:01.197+0800][2.382s] GC(3)   Other: 0.1ms
[2021-02-15T21:47:01.197+0800][2.382s] GC(3) Eden regions: 76->0(125)
[2021-02-15T21:47:01.197+0800][2.382s] GC(3) Survivor regions: 19->5(12)
[2021-02-15T21:47:01.197+0800][2.382s] GC(3) Old regions: 2->20
[2021-02-15T21:47:01.197+0800][2.382s] GC(3) Humongous regions: 4->4
[2021-02-15T21:47:01.197+0800][2.382s] GC(3) Metaspace: 30261K->30261K(1077248K)
[2021-02-15T21:47:01.197+0800][2.382s] GC(3) Pause Young (Normal) (G1 Evacuation Pause) 99M->26M(512M) 13.918ms
[2021-02-15T21:47:01.197+0800][2.382s] GC(3) User=0.09s Sys=0.01s Real=0.01s
[2021-02-15T21:47:26.148+0800][27.332s] GC(4) Pause Young (Concurrent Start) (Metadata GC Threshold)
[2021-02-15T21:47:26.148+0800][27.332s] GC(4) Using 8 workers of 8 for evacuation
[2021-02-15T21:47:26.153+0800][27.337s] GC(4)   Pre Evacuate Collection Set: 0.1ms
[2021-02-15T21:47:26.153+0800][27.337s] GC(4)   Evacuate Collection Set: 3.6ms
[2021-02-15T21:47:26.153+0800][27.337s] GC(4)   Post Evacuate Collection Set: 1.1ms
[2021-02-15T21:47:26.153+0800][27.337s] GC(4)   Other: 0.2ms
[2021-02-15T21:47:26.153+0800][27.337s] GC(4) Eden regions: 45->0(149)
[2021-02-15T21:47:26.153+0800][27.337s] GC(4) Survivor regions: 5->6(17)
[2021-02-15T21:47:26.153+0800][27.337s] GC(4) Old regions: 20->20
[2021-02-15T21:47:26.153+0800][27.337s] GC(4) Humongous regions: 4->4
[2021-02-15T21:47:26.153+0800][27.337s] GC(4) Metaspace: 34852K->34852K(1081344K)
[2021-02-15T21:47:26.153+0800][27.337s] GC(4) Pause Young (Concurrent Start) (Metadata GC Threshold) 71M->27M(512M) 5.078ms
[2021-02-15T21:47:26.153+0800][27.337s] GC(4) User=0.03s Sys=0.00s Real=0.00s
[2021-02-15T21:47:26.153+0800][27.337s] GC(5) Concurrent Cycle
[2021-02-15T21:47:26.153+0800][27.337s] GC(5) Concurrent Clear Claimed Marks
[2021-02-15T21:47:26.153+0800][27.337s] GC(5) Concurrent Clear Claimed Marks 0.024ms
[2021-02-15T21:47:26.153+0800][27.337s] GC(5) Concurrent Scan Root Regions
[2021-02-15T21:47:26.156+0800][27.340s] GC(5) Concurrent Scan Root Regions 2.540ms
[2021-02-15T21:47:26.156+0800][27.340s] GC(5) Concurrent Mark (27.340s)
[2021-02-15T21:47:26.156+0800][27.340s] GC(5) Concurrent Mark From Roots
[2021-02-15T21:47:26.156+0800][27.340s] GC(5) Using 2 workers of 2 for marking
[2021-02-15T21:47:26.170+0800][27.354s] GC(5) Concurrent Mark From Roots 14.162ms
[2021-02-15T21:47:26.170+0800][27.354s] GC(5) Concurrent Preclean
[2021-02-15T21:47:26.170+0800][27.354s] GC(5) Concurrent Preclean 0.153ms
[2021-02-15T21:47:26.170+0800][27.354s] GC(5) Concurrent Mark (27.340s, 27.354s) 14.373ms
[2021-02-15T21:47:26.170+0800][27.355s] GC(5) Pause Remark
[2021-02-15T21:47:26.174+0800][27.358s] GC(5) Cleaned string and symbol table, strings: 14856 processed, 25 removed, symbols: 102192 processed, 79 removed
[2021-02-15T21:47:26.174+0800][27.359s] GC(5) Pause Remark 29M->29M(512M) 4.006ms
[2021-02-15T21:47:26.174+0800][27.359s] GC(5) User=0.03s Sys=0.00s Real=0.00s
[2021-02-15T21:47:26.174+0800][27.359s] GC(5) Concurrent Rebuild Remembered Sets
[2021-02-15T21:47:26.184+0800][27.368s] GC(5) Concurrent Rebuild Remembered Sets 9.621ms
[2021-02-15T21:47:26.184+0800][27.368s] GC(5) Pause Cleanup
[2021-02-15T21:47:26.184+0800][27.368s] GC(5) Pause Cleanup 29M->29M(512M) 0.126ms
[2021-02-15T21:47:26.184+0800][27.368s] GC(5) User=0.00s Sys=0.00s Real=0.00s
[2021-02-15T21:47:26.184+0800][27.369s] GC(5) Concurrent Cleanup for Next Mark
[2021-02-15T21:47:26.185+0800][27.369s] GC(5) Concurrent Cleanup for Next Mark 0.714ms
[2021-02-15T21:47:26.185+0800][27.369s] GC(5) Concurrent Cycle 31.887ms
[2021-02-15T21:47:28.891+0800][30.076s] GC(6) Pause Young (Normal) (G1 Evacuation Pause)
[2021-02-15T21:47:28.892+0800][30.076s] GC(6) Using 8 workers of 8 for evacuation
[2021-02-15T21:47:28.924+0800][30.109s] GC(6)   Pre Evacuate Collection Set: 0.0ms
[2021-02-15T21:47:28.924+0800][30.109s] GC(6)   Evacuate Collection Set: 26.8ms
[2021-02-15T21:47:28.924+0800][30.109s] GC(6)   Post Evacuate Collection Set: 5.8ms
[2021-02-15T21:47:28.924+0800][30.109s] GC(6)   Other: 0.4ms
[2021-02-15T21:47:28.924+0800][30.109s] GC(6) Eden regions: 149->0(296)
[2021-02-15T21:47:28.924+0800][30.109s] GC(6) Survivor regions: 6->11(20)
[2021-02-15T21:47:28.924+0800][30.109s] GC(6) Old regions: 20->20
[2021-02-15T21:47:28.924+0800][30.109s] GC(6) Humongous regions: 5->4
[2021-02-15T21:47:28.925+0800][30.109s] GC(6) Metaspace: 41792K->41792K(1087488K)
[2021-02-15T21:47:28.925+0800][30.109s] GC(6) Pause Young (Normal) (G1 Evacuation Pause) 177M->33M(512M) 33.074ms
[2021-02-15T21:47:28.925+0800][30.109s] GC(6) User=0.13s Sys=0.01s Real=0.03s
[2021-02-15T21:49:28.485+0800][149.669s] GC(7) Pause Young (Normal) (G1 Evacuation Pause)
[2021-02-15T21:49:28.485+0800][149.670s] GC(7) Using 8 workers of 8 for evacuation
[2021-02-15T21:49:28.535+0800][149.719s] GC(7)   Pre Evacuate Collection Set: 0.0ms
[2021-02-15T21:49:28.535+0800][149.720s] GC(7)   Evacuate Collection Set: 44.9ms
[2021-02-15T21:49:28.535+0800][149.720s] GC(7)   Post Evacuate Collection Set: 4.8ms
[2021-02-15T21:49:28.535+0800][149.720s] GC(7)   Other: 0.3ms
[2021-02-15T21:49:28.535+0800][149.720s] GC(7) Eden regions: 296->0(284)
[2021-02-15T21:49:28.535+0800][149.720s] GC(7) Survivor regions: 11->23(39)
[2021-02-15T21:49:28.535+0800][149.720s] GC(7) Old regions: 20->20
[2021-02-15T21:49:28.535+0800][149.720s] GC(7) Humongous regions: 4->4
[2021-02-15T21:49:28.535+0800][149.720s] GC(7) Metaspace: 50796K->50796K(1095680K)
[2021-02-15T21:49:28.535+0800][149.720s] GC(7) Pause Young (Normal) (G1 Evacuation Pause) 329M->45M(512M) 50.196ms
[2021-02-15T21:49:28.535+0800][149.720s] GC(7) User=0.19s Sys=0.00s Real=0.05s
[2021-02-15T21:51:41.352+0800][282.536s] GC(8) Pause Young (Normal) (G1 Evacuation Pause)
[2021-02-15T21:51:41.352+0800][282.536s] GC(8) Using 8 workers of 8 for evacuation
[2021-02-15T21:51:41.375+0800][282.560s] GC(8)   Pre Evacuate Collection Set: 0.0ms
[2021-02-15T21:51:41.375+0800][282.560s] GC(8)   Evacuate Collection Set: 18.5ms
[2021-02-15T21:51:41.375+0800][282.560s] GC(8)   Post Evacuate Collection Set: 4.6ms
[2021-02-15T21:51:41.375+0800][282.560s] GC(8)   Other: 0.2ms
[2021-02-15T21:51:41.375+0800][282.560s] GC(8) Eden regions: 284->0(276)
[2021-02-15T21:51:41.375+0800][282.560s] GC(8) Survivor regions: 23->31(39)
[2021-02-15T21:51:41.375+0800][282.560s] GC(8) Old regions: 20->24
[2021-02-15T21:51:41.375+0800][282.560s] GC(8) Humongous regions: 7->7
[2021-02-15T21:51:41.375+0800][282.560s] GC(8) Metaspace: 56636K->56636K(1099776K)
[2021-02-15T21:51:41.375+0800][282.560s] GC(8) Pause Young (Normal) (G1 Evacuation Pause) 332M->59M(512M) 23.393ms
[2021-02-15T21:51:41.375+0800][282.560s] GC(8) User=0.13s Sys=0.01s Real=0.02s
[2021-02-15T21:58:59.294+0800][720.479s] GC(9) Pause Young (Normal) (G1 Evacuation Pause)
[2021-02-15T21:58:59.294+0800][720.479s] GC(9) Using 8 workers of 8 for evacuation
[2021-02-15T21:58:59.333+0800][720.517s] GC(9)   Pre Evacuate Collection Set: 0.0ms
[2021-02-15T21:58:59.333+0800][720.517s] GC(9)   Evacuate Collection Set: 36.1ms
[2021-02-15T21:58:59.333+0800][720.517s] GC(9)   Post Evacuate Collection Set: 2.5ms
[2021-02-15T21:58:59.333+0800][720.517s] GC(9)   Other: 0.2ms
[2021-02-15T21:58:59.333+0800][720.517s] GC(9) Eden regions: 276->0(272)
[2021-02-15T21:58:59.333+0800][720.517s] GC(9) Survivor regions: 31->35(39)
[2021-02-15T21:58:59.333+0800][720.517s] GC(9) Old regions: 24->36
[2021-02-15T21:58:59.333+0800][720.517s] GC(9) Humongous regions: 7->7
[2021-02-15T21:58:59.333+0800][720.517s] GC(9) Metaspace: 57613K->57613K(1101824K)
[2021-02-15T21:58:59.333+0800][720.517s] GC(9) Pause Young (Normal) (G1 Evacuation Pause) 335M->75M(512M) 38.815ms
[2021-02-15T21:58:59.333+0800][720.517s] GC(9) User=0.14s Sys=0.02s Real=0.04s
[2021-02-15T21:58:59.482+0800][720.667s] GC(10) Pause Young (Concurrent Start) (Metadata GC Threshold)
[2021-02-15T21:58:59.483+0800][720.667s] GC(10) Using 8 workers of 8 for evacuation
[2021-02-15T21:58:59.510+0800][720.695s] GC(10)   Pre Evacuate Collection Set: 0.1ms
[2021-02-15T21:58:59.510+0800][720.695s] GC(10)   Evacuate Collection Set: 26.9ms
[2021-02-15T21:58:59.510+0800][720.695s] GC(10)   Post Evacuate Collection Set: 0.5ms
[2021-02-15T21:58:59.510+0800][720.695s] GC(10)   Other: 0.2ms
[2021-02-15T21:58:59.510+0800][720.695s] GC(10) Eden regions: 33->0(301)
[2021-02-15T21:58:59.510+0800][720.695s] GC(10) Survivor regions: 35->6(39)
[2021-02-15T21:58:59.510+0800][720.695s] GC(10) Old regions: 36->69
[2021-02-15T21:58:59.510+0800][720.695s] GC(10) Humongous regions: 7->7
[2021-02-15T21:58:59.510+0800][720.695s] GC(10) Metaspace: 58517K->58517K(1101824K)
[2021-02-15T21:58:59.510+0800][720.695s] GC(10) Pause Young (Concurrent Start) (Metadata GC Threshold) 107M->80M(512M) 27.802ms
[2021-02-15T21:58:59.510+0800][720.695s] GC(10) User=0.14s Sys=0.01s Real=0.03s
[2021-02-15T21:58:59.510+0800][720.695s] GC(11) Concurrent Cycle
[2021-02-15T21:58:59.510+0800][720.695s] GC(11) Concurrent Clear Claimed Marks
[2021-02-15T21:58:59.510+0800][720.695s] GC(11) Concurrent Clear Claimed Marks 0.083ms
[2021-02-15T21:58:59.510+0800][720.695s] GC(11) Concurrent Scan Root Regions
[2021-02-15T21:58:59.512+0800][720.696s] GC(11) Concurrent Scan Root Regions 1.422ms
[2021-02-15T21:58:59.512+0800][720.696s] GC(11) Concurrent Mark (720.696s)
[2021-02-15T21:58:59.512+0800][720.696s] GC(11) Concurrent Mark From Roots
[2021-02-15T21:58:59.512+0800][720.696s] GC(11) Using 2 workers of 2 for marking
[2021-02-15T21:58:59.579+0800][720.763s] GC(11) Concurrent Mark From Roots 66.745ms
[2021-02-15T21:58:59.579+0800][720.763s] GC(11) Concurrent Preclean
[2021-02-15T21:58:59.579+0800][720.764s] GC(11) Concurrent Preclean 0.728ms
[2021-02-15T21:58:59.579+0800][720.764s] GC(11) Concurrent Mark (720.696s, 720.764s) 67.551ms
[2021-02-15T21:58:59.580+0800][720.764s] GC(11) Pause Remark
[2021-02-15T21:58:59.593+0800][720.777s] GC(11) Cleaned string and symbol table, strings: 27360 processed, 1249 removed, symbols: 151124 processed, 555 removed
[2021-02-15T21:58:59.593+0800][720.778s] GC(11) Pause Remark 91M->91M(512M) 13.507ms
[2021-02-15T21:58:59.593+0800][720.778s] GC(11) User=0.08s Sys=0.01s Real=0.01s
[2021-02-15T21:58:59.593+0800][720.778s] GC(11) Concurrent Rebuild Remembered Sets
[2021-02-15T21:58:59.650+0800][720.835s] GC(11) Concurrent Rebuild Remembered Sets 57.170ms
[2021-02-15T21:58:59.651+0800][720.835s] GC(11) Pause Cleanup
[2021-02-15T21:58:59.651+0800][720.835s] GC(11) Pause Cleanup 97M->97M(512M) 0.136ms
[2021-02-15T21:58:59.651+0800][720.835s] GC(11) User=0.00s Sys=0.00s Real=0.00s
[2021-02-15T21:58:59.651+0800][720.835s] GC(11) Concurrent Cleanup for Next Mark
[2021-02-15T21:58:59.652+0800][720.836s] GC(11) Concurrent Cleanup for Next Mark 0.992ms
[2021-02-15T21:58:59.652+0800][720.836s] GC(11) Concurrent Cycle 141.594ms
[2021-02-15T21:59:02.245+0800][723.430s] GC(12) Pause Young (Concurrent Start) (G1 Evacuation Pause)
[2021-02-15T21:59:02.245+0800][723.430s] GC(12) Using 8 workers of 8 for evacuation
[2021-02-15T21:59:02.293+0800][723.477s] GC(12)   Pre Evacuate Collection Set: 0.2ms
[2021-02-15T21:59:02.293+0800][723.477s] GC(12)   Evacuate Collection Set: 44.7ms
[2021-02-15T21:59:02.293+0800][723.477s] GC(12)   Post Evacuate Collection Set: 2.4ms
[2021-02-15T21:59:02.293+0800][723.477s] GC(12)   Other: 0.2ms
[2021-02-15T21:59:02.293+0800][723.477s] GC(12) Eden regions: 301->0(289)
[2021-02-15T21:59:02.293+0800][723.477s] GC(12) Survivor regions: 6->18(39)
[2021-02-15T21:59:02.293+0800][723.477s] GC(12) Old regions: 69->69
[2021-02-15T21:59:02.293+0800][723.477s] GC(12) Humongous regions: 16->7
[2021-02-15T21:59:02.293+0800][723.477s] GC(12) Metaspace: 59336K->59336K(1103872K)
[2021-02-15T21:59:02.293+0800][723.477s] GC(12) Pause Young (Concurrent Start) (G1 Evacuation Pause) 390M->91M(512M) 47.567ms
[2021-02-15T21:59:02.293+0800][723.477s] GC(12) User=0.12s Sys=0.00s Real=0.05s
[2021-02-15T21:59:02.293+0800][723.477s] GC(13) Concurrent Cycle
[2021-02-15T21:59:02.293+0800][723.477s] GC(13) Concurrent Clear Claimed Marks
[2021-02-15T21:59:02.293+0800][723.477s] GC(13) Concurrent Clear Claimed Marks 0.195ms
[2021-02-15T21:59:02.293+0800][723.477s] GC(13) Concurrent Scan Root Regions
[2021-02-15T21:59:02.296+0800][723.480s] GC(13) Concurrent Scan Root Regions 2.608ms
[2021-02-15T21:59:02.296+0800][723.480s] GC(13) Concurrent Mark (723.480s)
[2021-02-15T21:59:02.296+0800][723.480s] GC(13) Concurrent Mark From Roots
[2021-02-15T21:59:02.296+0800][723.480s] GC(13) Using 2 workers of 2 for marking
[2021-02-15T21:59:02.352+0800][723.537s] GC(13) Concurrent Mark From Roots 56.760ms
[2021-02-15T21:59:02.352+0800][723.537s] GC(13) Concurrent Preclean
[2021-02-15T21:59:02.353+0800][723.537s] GC(13) Concurrent Preclean 0.301ms
[2021-02-15T21:59:02.353+0800][723.537s] GC(13) Concurrent Mark (723.480s, 723.537s) 57.113ms
[2021-02-15T21:59:02.353+0800][723.537s] GC(13) Pause Remark
[2021-02-15T21:59:02.370+0800][723.554s] GC(13) Cleaned string and symbol table, strings: 26333 processed, 109 removed, symbols: 150666 processed, 80 removed
[2021-02-15T21:59:02.370+0800][723.554s] GC(13) Pause Remark 108M->108M(512M) 17.011ms
[2021-02-15T21:59:02.370+0800][723.554s] GC(13) User=0.07s Sys=0.00s Real=0.02s
[2021-02-15T21:59:02.370+0800][723.555s] GC(13) Concurrent Rebuild Remembered Sets
[2021-02-15T21:59:02.423+0800][723.607s] GC(13) Concurrent Rebuild Remembered Sets 52.748ms
[2021-02-15T21:59:02.430+0800][723.614s] GC(13) Pause Cleanup
[2021-02-15T21:59:02.430+0800][723.614s] GC(13) Pause Cleanup 109M->109M(512M) 0.183ms
[2021-02-15T21:59:02.430+0800][723.615s] GC(13) User=0.00s Sys=0.00s Real=0.00s
[2021-02-15T21:59:02.430+0800][723.615s] GC(13) Concurrent Cleanup for Next Mark
[2021-02-15T21:59:02.431+0800][723.615s] GC(13) Concurrent Cleanup for Next Mark 0.606ms
[2021-02-15T21:59:02.431+0800][723.615s] GC(13) Concurrent Cycle 137.951ms
[2021-02-15T22:39:31.800+0800][3152.984s] GC(14) Pause Young (Normal) (G1 Evacuation Pause)
[2021-02-15T22:39:31.800+0800][3152.984s] GC(14) Using 8 workers of 8 for evacuation
[2021-02-15T22:39:31.824+0800][3153.008s] GC(14)   Pre Evacuate Collection Set: 0.0ms
[2021-02-15T22:39:31.824+0800][3153.008s] GC(14)   Evacuate Collection Set: 17.3ms
[2021-02-15T22:39:31.824+0800][3153.008s] GC(14)   Post Evacuate Collection Set: 6.7ms
[2021-02-15T22:39:31.824+0800][3153.008s] GC(14)   Other: 0.3ms
[2021-02-15T22:39:31.824+0800][3153.008s] GC(14) Eden regions: 289->0(289)
[2021-02-15T22:39:31.824+0800][3153.008s] GC(14) Survivor regions: 18->18(39)
[2021-02-15T22:39:31.824+0800][3153.008s] GC(14) Old regions: 69->69
[2021-02-15T22:39:31.824+0800][3153.008s] GC(14) Humongous regions: 7->7
[2021-02-15T22:39:31.824+0800][3153.008s] GC(14) Metaspace: 60840K->60840K(1105920K)
[2021-02-15T22:39:31.824+0800][3153.009s] GC(14) Pause Young (Normal) (G1 Evacuation Pause) 380M->91M(512M) 24.471ms
[2021-02-15T22:39:31.824+0800][3153.009s] GC(14) User=0.12s Sys=0.00s Real=0.02s
