[2021-02-15T21:16:08.184+0800][0.007s] Heap region size: 1M
[2021-02-15T21:16:08.197+0800][0.020s] Using G1
[2021-02-15T21:16:08.198+0800][0.020s] Heap address: 0x00000000e0000000, size: 512 MB, Compressed Oops mode: 32-bit
[2021-02-15T21:16:08.198+0800][0.021s] Mark closed archive regions in map: [0x00000000fff00000, 0x00000000fff6aff8]
[2021-02-15T21:16:08.198+0800][0.021s] Mark open archive regions in map: [0x00000000ffe00000, 0x00000000ffe46ff8]
[2021-02-15T21:16:08.608+0800][0.431s] GC(0) Pause Young (Normal) (G1 Evacuation Pause)
[2021-02-15T21:16:08.609+0800][0.431s] GC(0) Using 8 workers of 8 for evacuation
[2021-02-15T21:16:08.616+0800][0.439s] GC(0)   Pre Evacuate Collection Set: 0.0ms
[2021-02-15T21:16:08.616+0800][0.439s] GC(0)   Evacuate Collection Set: 7.1ms
[2021-02-15T21:16:08.616+0800][0.439s] GC(0)   Post Evacuate Collection Set: 0.6ms
[2021-02-15T21:16:08.616+0800][0.439s] GC(0)   Other: 0.7ms
[2021-02-15T21:16:08.616+0800][0.439s] GC(0) Eden regions: 30->0(304)
[2021-02-15T21:16:08.616+0800][0.439s] GC(0) Survivor regions: 0->3(4)
[2021-02-15T21:16:08.616+0800][0.439s] GC(0) Old regions: 2->2
[2021-02-15T21:16:08.616+0800][0.439s] GC(0) Humongous regions: 0->0
[2021-02-15T21:16:08.616+0800][0.439s] GC(0) Metaspace: 6366K->6366K(1056768K)
[2021-02-15T21:16:08.616+0800][0.439s] GC(0) Pause Young (Normal) (G1 Evacuation Pause) 30M->3M(512M) 8.461ms
[2021-02-15T21:16:08.616+0800][0.439s] GC(0) User=0.05s Sys=0.01s Real=0.00s
[2021-02-15T21:16:09.727+0800][1.550s] GC(1) Pause Young (Concurrent Start) (Metadata GC Threshold)
[2021-02-15T21:16:09.727+0800][1.550s] GC(1) Using 8 workers of 8 for evacuation
[2021-02-15T21:16:09.741+0800][1.564s] GC(1)   Pre Evacuate Collection Set: 0.1ms
[2021-02-15T21:16:09.741+0800][1.564s] GC(1)   Evacuate Collection Set: 13.2ms
[2021-02-15T21:16:09.741+0800][1.564s] GC(1)   Post Evacuate Collection Set: 0.7ms
[2021-02-15T21:16:09.741+0800][1.564s] GC(1)   Other: 0.2ms
[2021-02-15T21:16:09.741+0800][1.564s] GC(1) Eden regions: 107->0(89)
[2021-02-15T21:16:09.741+0800][1.564s] GC(1) Survivor regions: 3->19(39)
[2021-02-15T21:16:09.741+0800][1.564s] GC(1) Old regions: 2->2
[2021-02-15T21:16:09.741+0800][1.564s] GC(1) Humongous regions: 4->4
[2021-02-15T21:16:09.741+0800][1.564s] GC(1) Metaspace: 20429K->20429K(1067008K)
[2021-02-15T21:16:09.741+0800][1.564s] GC(1) Pause Young (Concurrent Start) (Metadata GC Threshold) 114M->23M(512M) 14.260ms
[2021-02-15T21:16:09.741+0800][1.564s] GC(1) User=0.08s Sys=0.01s Real=0.01s
[2021-02-15T21:16:09.741+0800][1.564s] GC(2) Concurrent Cycle
[2021-02-15T21:16:09.741+0800][1.564s] GC(2) Concurrent Clear Claimed Marks
[2021-02-15T21:16:09.742+0800][1.564s] GC(2) Concurrent Clear Claimed Marks 0.079ms
[2021-02-15T21:16:09.742+0800][1.564s] GC(2) Concurrent Scan Root Regions
[2021-02-15T21:16:09.746+0800][1.569s] GC(2) Concurrent Scan Root Regions 4.191ms
[2021-02-15T21:16:09.746+0800][1.569s] GC(2) Concurrent Mark (1.569s)
[2021-02-15T21:16:09.746+0800][1.569s] GC(2) Concurrent Mark From Roots
[2021-02-15T21:16:09.746+0800][1.569s] GC(2) Using 2 workers of 2 for marking
[2021-02-15T21:16:09.749+0800][1.572s] GC(2) Concurrent Mark From Roots 3.206ms
[2021-02-15T21:16:09.749+0800][1.572s] GC(2) Concurrent Preclean
[2021-02-15T21:16:09.749+0800][1.572s] GC(2) Concurrent Preclean 0.119ms
[2021-02-15T21:16:09.749+0800][1.572s] GC(2) Concurrent Mark (1.569s, 1.572s) 3.382ms
[2021-02-15T21:16:09.751+0800][1.573s] GC(2) Pause Remark
[2021-02-15T21:16:09.756+0800][1.579s] GC(2) Cleaned string and symbol table, strings: 8879 processed, 0 removed, symbols: 58763 processed, 28 removed
[2021-02-15T21:16:09.756+0800][1.579s] GC(2) Pause Remark 24M->24M(512M) 5.964ms
[2021-02-15T21:16:09.757+0800][1.579s] GC(2) User=0.03s Sys=0.00s Real=0.00s
[2021-02-15T21:16:09.758+0800][1.581s] GC(2) Concurrent Rebuild Remembered Sets
[2021-02-15T21:16:09.762+0800][1.585s] GC(2) Concurrent Rebuild Remembered Sets 4.256ms
[2021-02-15T21:16:09.762+0800][1.585s] GC(2) Pause Cleanup
[2021-02-15T21:16:09.762+0800][1.585s] GC(2) Pause Cleanup 24M->24M(512M) 0.172ms
[2021-02-15T21:16:09.762+0800][1.585s] GC(2) User=0.00s Sys=0.00s Real=0.00s
[2021-02-15T21:16:09.762+0800][1.585s] GC(2) Concurrent Cleanup for Next Mark
[2021-02-15T21:16:09.763+0800][1.586s] GC(2) Concurrent Cleanup for Next Mark 0.906ms
[2021-02-15T21:16:09.763+0800][1.586s] GC(2) Concurrent Cycle 22.012ms
[2021-02-15T21:16:10.610+0800][2.433s] GC(3) Pause Young (Normal) (G1 Evacuation Pause)
[2021-02-15T21:16:10.610+0800][2.433s] GC(3) Using 8 workers of 8 for evacuation
[2021-02-15T21:16:10.631+0800][2.454s] GC(3)   Pre Evacuate Collection Set: 0.0ms
[2021-02-15T21:16:10.632+0800][2.454s] GC(3)   Evacuate Collection Set: 19.6ms
[2021-02-15T21:16:10.632+0800][2.454s] GC(3)   Post Evacuate Collection Set: 1.4ms
[2021-02-15T21:16:10.632+0800][2.455s] GC(3)   Other: 0.2ms
[2021-02-15T21:16:10.632+0800][2.455s] GC(3) Eden regions: 75->0(123)
[2021-02-15T21:16:10.632+0800][2.455s] GC(3) Survivor regions: 19->5(12)
[2021-02-15T21:16:10.632+0800][2.455s] GC(3) Old regions: 2->21
[2021-02-15T21:16:10.632+0800][2.455s] GC(3) Humongous regions: 4->4
[2021-02-15T21:16:10.632+0800][2.455s] GC(3) Metaspace: 30832K->30832K(1077248K)
[2021-02-15T21:16:10.632+0800][2.455s] GC(3) Pause Young (Normal) (G1 Evacuation Pause) 98M->27M(512M) 21.325ms
[2021-02-15T21:16:10.632+0800][2.455s] GC(3) User=0.14s Sys=0.01s Real=0.02s
[2021-02-15T21:16:11.040+0800][2.863s] GC(4) Pause Young (Concurrent Start) (Metadata GC Threshold)
[2021-02-15T21:16:11.040+0800][2.863s] GC(4) Using 8 workers of 8 for evacuation
[2021-02-15T21:16:11.049+0800][2.872s] GC(4)   Pre Evacuate Collection Set: 0.2ms
[2021-02-15T21:16:11.049+0800][2.872s] GC(4)   Evacuate Collection Set: 7.5ms
[2021-02-15T21:16:11.049+0800][2.872s] GC(4)   Post Evacuate Collection Set: 1.4ms
[2021-02-15T21:16:11.049+0800][2.872s] GC(4)   Other: 0.3ms
[2021-02-15T21:16:11.049+0800][2.872s] GC(4) Eden regions: 67->0(149)
[2021-02-15T21:16:11.049+0800][2.872s] GC(4) Survivor regions: 5->6(16)
[2021-02-15T21:16:11.049+0800][2.872s] GC(4) Old regions: 21->21
[2021-02-15T21:16:11.049+0800][2.872s] GC(4) Humongous regions: 4->4
[2021-02-15T21:16:11.049+0800][2.872s] GC(4) Metaspace: 34838K->34838K(1081344K)
[2021-02-15T21:16:11.049+0800][2.872s] GC(4) Pause Young (Concurrent Start) (Metadata GC Threshold) 94M->28M(512M) 9.341ms
[2021-02-15T21:16:11.049+0800][2.872s] GC(4) User=0.05s Sys=0.00s Real=0.01s
[2021-02-15T21:16:11.049+0800][2.872s] GC(5) Concurrent Cycle
[2021-02-15T21:16:11.049+0800][2.872s] GC(5) Concurrent Clear Claimed Marks
[2021-02-15T21:16:11.049+0800][2.872s] GC(5) Concurrent Clear Claimed Marks 0.045ms
[2021-02-15T21:16:11.049+0800][2.872s] GC(5) Concurrent Scan Root Regions
[2021-02-15T21:16:11.052+0800][2.875s] GC(5) Concurrent Scan Root Regions 2.654ms
[2021-02-15T21:16:11.052+0800][2.875s] GC(5) Concurrent Mark (2.875s)
[2021-02-15T21:16:11.052+0800][2.875s] GC(5) Concurrent Mark From Roots
[2021-02-15T21:16:11.052+0800][2.875s] GC(5) Using 2 workers of 2 for marking
[2021-02-15T21:16:11.078+0800][2.901s] GC(5) Concurrent Mark From Roots 26.472ms
[2021-02-15T21:16:11.078+0800][2.901s] GC(5) Concurrent Preclean
[2021-02-15T21:16:11.079+0800][2.902s] GC(5) Concurrent Preclean 0.320ms
[2021-02-15T21:16:11.079+0800][2.902s] GC(5) Concurrent Mark (2.875s, 2.902s) 26.889ms
[2021-02-15T21:16:11.079+0800][2.902s] GC(5) Pause Remark
[2021-02-15T21:16:11.084+0800][2.907s] GC(5) Cleaned string and symbol table, strings: 14958 processed, 25 removed, symbols: 102998 processed, 80 removed
[2021-02-15T21:16:11.085+0800][2.908s] GC(5) Pause Remark 33M->33M(512M) 5.692ms
[2021-02-15T21:16:11.085+0800][2.908s] GC(5) User=0.03s Sys=0.00s Real=0.00s
[2021-02-15T21:16:11.085+0800][2.908s] GC(5) Concurrent Rebuild Remembered Sets
[2021-02-15T21:16:11.104+0800][2.927s] GC(5) Concurrent Rebuild Remembered Sets 19.723ms
[2021-02-15T21:16:11.105+0800][2.928s] GC(5) Pause Cleanup
[2021-02-15T21:16:11.105+0800][2.928s] GC(5) Pause Cleanup 41M->41M(512M) 0.239ms
[2021-02-15T21:16:11.105+0800][2.928s] GC(5) User=0.00s Sys=0.00s Real=0.00s
[2021-02-15T21:16:11.105+0800][2.928s] GC(5) Concurrent Cleanup for Next Mark
[2021-02-15T21:16:11.106+0800][2.929s] GC(5) Concurrent Cleanup for Next Mark 0.917ms
[2021-02-15T21:16:11.106+0800][2.929s] GC(5) Concurrent Cycle 56.997ms
[2021-02-15T21:16:11.899+0800][3.722s] GC(6) Pause Young (Concurrent Start) (G1 Evacuation Pause)
[2021-02-15T21:16:11.899+0800][3.722s] GC(6) Using 8 workers of 8 for evacuation
[2021-02-15T21:16:11.914+0800][3.737s] GC(6)   Pre Evacuate Collection Set: 0.2ms
[2021-02-15T21:16:11.914+0800][3.737s] GC(6)   Evacuate Collection Set: 13.7ms
[2021-02-15T21:16:11.914+0800][3.737s] GC(6)   Post Evacuate Collection Set: 1.2ms
[2021-02-15T21:16:11.914+0800][3.737s] GC(6)   Other: 0.3ms
[2021-02-15T21:16:11.914+0800][3.737s] GC(6) Eden regions: 149->0(206)
[2021-02-15T21:16:11.914+0800][3.737s] GC(6) Survivor regions: 6->9(20)
[2021-02-15T21:16:11.914+0800][3.737s] GC(6) Old regions: 21->21
[2021-02-15T21:16:11.914+0800][3.737s] GC(6) Humongous regions: 5->4
[2021-02-15T21:16:11.914+0800][3.737s] GC(6) Metaspace: 40166K->40166K(1085440K)
[2021-02-15T21:16:11.914+0800][3.737s] GC(6) Pause Young (Concurrent Start) (G1 Evacuation Pause) 178M->31M(512M) 15.500ms
[2021-02-15T21:16:11.914+0800][3.737s] GC(6) User=0.08s Sys=0.01s Real=0.01s
[2021-02-15T21:16:11.914+0800][3.737s] GC(7) Concurrent Cycle
[2021-02-15T21:16:11.914+0800][3.737s] GC(7) Concurrent Clear Claimed Marks
[2021-02-15T21:16:11.914+0800][3.737s] GC(7) Concurrent Clear Claimed Marks 0.088ms
[2021-02-15T21:16:11.914+0800][3.737s] GC(7) Concurrent Scan Root Regions
[2021-02-15T21:16:11.919+0800][3.742s] GC(7) Concurrent Scan Root Regions 4.335ms
[2021-02-15T21:16:11.919+0800][3.742s] GC(7) Concurrent Mark (3.742s)
[2021-02-15T21:16:11.919+0800][3.742s] GC(7) Concurrent Mark From Roots
[2021-02-15T21:16:11.919+0800][3.742s] GC(7) Using 2 workers of 2 for marking
[2021-02-15T21:16:11.949+0800][3.772s] GC(7) Concurrent Mark From Roots 30.395ms
[2021-02-15T21:16:11.949+0800][3.772s] GC(7) Concurrent Preclean
[2021-02-15T21:16:11.950+0800][3.773s] GC(7) Concurrent Preclean 0.257ms
[2021-02-15T21:16:11.950+0800][3.773s] GC(7) Concurrent Mark (3.742s, 3.773s) 30.739ms
[2021-02-15T21:16:11.950+0800][3.773s] GC(7) Pause Remark
[2021-02-15T21:16:11.955+0800][3.778s] GC(7) Cleaned string and symbol table, strings: 18813 processed, 0 removed, symbols: 116597 processed, 68 removed
[2021-02-15T21:16:11.956+0800][3.779s] GC(7) Pause Remark 56M->56M(512M) 5.975ms
[2021-02-15T21:16:11.956+0800][3.779s] GC(7) User=0.04s Sys=0.00s Real=0.00s
[2021-02-15T21:16:11.956+0800][3.779s] GC(7) Concurrent Rebuild Remembered Sets
[2021-02-15T21:16:11.969+0800][3.792s] GC(7) Concurrent Rebuild Remembered Sets 13.423ms
[2021-02-15T21:16:11.969+0800][3.792s] GC(7) Pause Cleanup
[2021-02-15T21:16:11.970+0800][3.793s] GC(7) Pause Cleanup 57M->57M(512M) 0.140ms
[2021-02-15T21:16:11.970+0800][3.793s] GC(7) User=0.01s Sys=0.00s Real=0.00s
[2021-02-15T21:16:11.970+0800][3.793s] GC(7) Concurrent Cleanup for Next Mark
[2021-02-15T21:16:11.970+0800][3.793s] GC(7) Concurrent Cleanup for Next Mark 0.799ms
[2021-02-15T21:16:11.971+0800][3.793s] GC(7) Concurrent Cycle 56.197ms
[2021-02-15T21:16:13.174+0800][4.997s] GC(8) Pause Young (Normal) (G1 Evacuation Pause)
[2021-02-15T21:16:13.174+0800][4.997s] GC(8) Using 8 workers of 8 for evacuation
[2021-02-15T21:16:13.188+0800][5.011s] GC(8)   Pre Evacuate Collection Set: 0.0ms
[2021-02-15T21:16:13.188+0800][5.011s] GC(8)   Evacuate Collection Set: 11.9ms
[2021-02-15T21:16:13.188+0800][5.011s] GC(8)   Post Evacuate Collection Set: 1.3ms
[2021-02-15T21:16:13.188+0800][5.011s] GC(8)   Other: 0.2ms
[2021-02-15T21:16:13.188+0800][5.011s] GC(8) Eden regions: 206->0(289)
[2021-02-15T21:16:13.188+0800][5.011s] GC(8) Survivor regions: 9->18(27)
[2021-02-15T21:16:13.188+0800][5.011s] GC(8) Old regions: 21->21
[2021-02-15T21:16:13.188+0800][5.011s] GC(8) Humongous regions: 4->4
[2021-02-15T21:16:13.188+0800][5.011s] GC(8) Metaspace: 47788K->47788K(1091584K)
[2021-02-15T21:16:13.188+0800][5.011s] GC(8) Pause Young (Normal) (G1 Evacuation Pause) 237M->40M(512M) 13.537ms
[2021-02-15T21:16:13.188+0800][5.011s] GC(8) User=0.08s Sys=0.02s Real=0.02s
[2021-02-15T21:20:34.319+0800][266.142s] GC(9) Pause Young (Normal) (G1 Evacuation Pause)
[2021-02-15T21:20:34.319+0800][266.142s] GC(9) Using 8 workers of 8 for evacuation
[2021-02-15T21:20:34.347+0800][266.170s] GC(9)   Pre Evacuate Collection Set: 0.0ms
[2021-02-15T21:20:34.347+0800][266.170s] GC(9)   Evacuate Collection Set: 26.2ms
[2021-02-15T21:20:34.347+0800][266.170s] GC(9)   Post Evacuate Collection Set: 1.9ms
[2021-02-15T21:20:34.347+0800][266.170s] GC(9)   Other: 0.3ms
[2021-02-15T21:20:34.347+0800][266.170s] GC(9) Eden regions: 289->0(279)
[2021-02-15T21:20:34.347+0800][266.170s] GC(9) Survivor regions: 18->28(39)
[2021-02-15T21:20:34.347+0800][266.170s] GC(9) Old regions: 21->21
[2021-02-15T21:20:34.347+0800][266.170s] GC(9) Humongous regions: 16->7
[2021-02-15T21:20:34.347+0800][266.170s] GC(9) Metaspace: 55561K->55561K(1099776K)
[2021-02-15T21:20:34.347+0800][266.170s] GC(9) Pause Young (Normal) (G1 Evacuation Pause) 341M->53M(512M) 28.575ms
[2021-02-15T21:20:34.348+0800][266.170s] GC(9) User=0.12s Sys=0.01s Real=0.03s
[2021-02-15T21:44:29.064+0800][1700.887s] GC(10) Pause Young (Normal) (G1 Evacuation Pause)
[2021-02-15T21:44:29.064+0800][1700.887s] GC(10) Using 8 workers of 8 for evacuation
[2021-02-15T21:44:29.128+0800][1700.951s] GC(10)   Pre Evacuate Collection Set: 0.1ms
[2021-02-15T21:44:29.128+0800][1700.951s] GC(10)   Evacuate Collection Set: 44.9ms
[2021-02-15T21:44:29.128+0800][1700.951s] GC(10)   Post Evacuate Collection Set: 18.7ms
[2021-02-15T21:44:29.128+0800][1700.951s] GC(10)   Other: 0.4ms
[2021-02-15T21:44:29.128+0800][1700.951s] GC(10) Eden regions: 279->0(268)
[2021-02-15T21:44:29.128+0800][1700.951s] GC(10) Survivor regions: 28->39(39)
[2021-02-15T21:44:29.128+0800][1700.951s] GC(10) Old regions: 21->31
[2021-02-15T21:44:29.128+0800][1700.951s] GC(10) Humongous regions: 7->7
[2021-02-15T21:44:29.128+0800][1700.951s] GC(10) Metaspace: 59897K->59897K(1103872K)
[2021-02-15T21:44:29.128+0800][1700.951s] GC(10) Pause Young (Normal) (G1 Evacuation Pause) 332M->74M(512M) 64.208ms
[2021-02-15T21:44:29.128+0800][1700.951s] GC(10) User=0.20s Sys=0.01s Real=0.07s
[2021-02-15T21:46:19.166+0800][1810.989s] Heap
[2021-02-15T21:46:19.166+0800][1810.989s]  garbage-first heap   total 524288K, used 222093K [0x00000000e0000000, 0x0000000100000000)
[2021-02-15T21:46:19.166+0800][1810.989s]   region size 1024K, 183 young (187392K), 39 survivors (39936K)
[2021-02-15T21:46:19.166+0800][1810.989s]  Metaspace       used 61612K, capacity 63452K, committed 63744K, reserved 1105920K
[2021-02-15T21:46:19.166+0800][1810.989s]   class space    used 7176K, capacity 7867K, committed 7936K, reserved 1048576K
