[2021-03-30T16:15:44.337+0800][0.016s] Heap region size: 1M
[2021-03-30T16:15:44.410+0800][0.089s] Using G1
[2021-03-30T16:15:44.412+0800][0.090s] Heap address: 0x00000000e0000000, size: 512 MB, Compressed Oops mode: 32-bit
[2021-03-30T16:15:44.412+0800][0.091s] Mark closed archive regions in map: [0x00000000fff00000, 0x00000000fff6aff8]
[2021-03-30T16:15:44.412+0800][0.091s] Mark open archive regions in map: [0x00000000ffe00000, 0x00000000ffe46ff8]
[2021-03-30T16:15:44.969+0800][0.648s] GC(0) Pause Young (Normal) (G1 Evacuation Pause)
[2021-03-30T16:15:44.970+0800][0.648s] GC(0) Using 8 workers of 8 for evacuation
[2021-03-30T16:15:44.988+0800][0.667s] GC(0)   Pre Evacuate Collection Set: 0.0ms
[2021-03-30T16:15:44.988+0800][0.667s] GC(0)   Evacuate Collection Set: 16.2ms
[2021-03-30T16:15:44.988+0800][0.667s] GC(0)   Post Evacuate Collection Set: 2.0ms
[2021-03-30T16:15:44.988+0800][0.667s] GC(0)   Other: 0.9ms
[2021-03-30T16:15:44.988+0800][0.667s] GC(0) Eden regions: 30->0(304)
[2021-03-30T16:15:44.988+0800][0.667s] GC(0) Survivor regions: 0->3(4)
[2021-03-30T16:15:44.988+0800][0.667s] GC(0) Old regions: 2->2
[2021-03-30T16:15:44.988+0800][0.667s] GC(0) Humongous regions: 0->0
[2021-03-30T16:15:44.988+0800][0.667s] GC(0) Metaspace: 6308K->6308K(1056768K)
[2021-03-30T16:15:44.988+0800][0.667s] GC(0) Pause Young (Normal) (G1 Evacuation Pause) 30M->3M(512M) 19.230ms
[2021-03-30T16:15:44.988+0800][0.667s] GC(0) User=0.09s Sys=0.00s Real=0.02s
[2021-03-30T16:15:46.543+0800][2.221s] GC(1) Pause Young (Concurrent Start) (Metadata GC Threshold)
[2021-03-30T16:15:46.543+0800][2.221s] GC(1) Using 8 workers of 8 for evacuation
[2021-03-30T16:15:46.597+0800][2.276s] GC(1)   Pre Evacuate Collection Set: 0.1ms
[2021-03-30T16:15:46.597+0800][2.276s] GC(1)   Evacuate Collection Set: 51.2ms
[2021-03-30T16:15:46.597+0800][2.276s] GC(1)   Post Evacuate Collection Set: 3.2ms
[2021-03-30T16:15:46.597+0800][2.276s] GC(1)   Other: 0.3ms
[2021-03-30T16:15:46.597+0800][2.276s] GC(1) Eden regions: 109->0(84)
[2021-03-30T16:15:46.597+0800][2.276s] GC(1) Survivor regions: 3->19(39)
[2021-03-30T16:15:46.597+0800][2.276s] GC(1) Old regions: 2->2
[2021-03-30T16:15:46.597+0800][2.276s] GC(1) Humongous regions: 4->4
[2021-03-30T16:15:46.597+0800][2.276s] GC(1) Metaspace: 20457K->20457K(1067008K)
[2021-03-30T16:15:46.598+0800][2.276s] GC(1) Pause Young (Concurrent Start) (Metadata GC Threshold) 116M->23M(512M) 54.967ms
[2021-03-30T16:15:46.598+0800][2.276s] GC(1) User=0.15s Sys=0.01s Real=0.06s
[2021-03-30T16:15:46.598+0800][2.276s] GC(2) Concurrent Cycle
[2021-03-30T16:15:46.598+0800][2.276s] GC(2) Concurrent Clear Claimed Marks
[2021-03-30T16:15:46.598+0800][2.276s] GC(2) Concurrent Clear Claimed Marks 0.081ms
[2021-03-30T16:15:46.598+0800][2.276s] GC(2) Concurrent Scan Root Regions
[2021-03-30T16:15:46.604+0800][2.283s] GC(2) Concurrent Scan Root Regions 6.784ms
[2021-03-30T16:15:46.605+0800][2.283s] GC(2) Concurrent Mark (2.283s)
[2021-03-30T16:15:46.605+0800][2.283s] GC(2) Concurrent Mark From Roots
[2021-03-30T16:15:46.605+0800][2.283s] GC(2) Using 2 workers of 2 for marking
[2021-03-30T16:15:46.613+0800][2.292s] GC(2) Concurrent Mark From Roots 8.558ms
[2021-03-30T16:15:46.613+0800][2.292s] GC(2) Concurrent Preclean
[2021-03-30T16:15:46.613+0800][2.292s] GC(2) Concurrent Preclean 0.147ms
[2021-03-30T16:15:46.613+0800][2.292s] GC(2) Concurrent Mark (2.283s, 2.292s) 8.773ms
[2021-03-30T16:15:46.614+0800][2.292s] GC(2) Pause Remark
[2021-03-30T16:15:46.621+0800][2.300s] GC(2) Cleaned string and symbol table, strings: 8870 processed, 0 removed, symbols: 58790 processed, 28 removed
[2021-03-30T16:15:46.621+0800][2.300s] GC(2) Pause Remark 23M->23M(512M) 7.609ms
[2021-03-30T16:15:46.621+0800][2.300s] GC(2) User=0.01s Sys=0.00s Real=0.01s
[2021-03-30T16:15:46.621+0800][2.300s] GC(2) Concurrent Rebuild Remembered Sets
[2021-03-30T16:15:46.625+0800][2.303s] GC(2) Concurrent Rebuild Remembered Sets 3.443ms
[2021-03-30T16:15:46.625+0800][2.304s] GC(2) Pause Cleanup
[2021-03-30T16:15:46.625+0800][2.304s] GC(2) Pause Cleanup 24M->24M(512M) 0.232ms
[2021-03-30T16:15:46.625+0800][2.304s] GC(2) User=0.00s Sys=0.00s Real=0.00s
[2021-03-30T16:15:46.625+0800][2.304s] GC(2) Concurrent Cleanup for Next Mark
[2021-03-30T16:15:46.627+0800][2.306s] GC(2) Concurrent Cleanup for Next Mark 1.475ms
[2021-03-30T16:15:46.627+0800][2.306s] GC(2) Concurrent Cycle 29.282ms
[2021-03-30T16:15:47.523+0800][3.201s] GC(3) Pause Young (Normal) (G1 Evacuation Pause)
[2021-03-30T16:15:47.523+0800][3.201s] GC(3) Using 8 workers of 8 for evacuation
[2021-03-30T16:15:47.550+0800][3.229s] GC(3)   Pre Evacuate Collection Set: 0.0ms
[2021-03-30T16:15:47.550+0800][3.229s] GC(3)   Evacuate Collection Set: 21.1ms
[2021-03-30T16:15:47.550+0800][3.229s] GC(3)   Post Evacuate Collection Set: 6.5ms
[2021-03-30T16:15:47.550+0800][3.229s] GC(3)   Other: 0.1ms
[2021-03-30T16:15:47.550+0800][3.229s] GC(3) Eden regions: 54->0(136)
[2021-03-30T16:15:47.550+0800][3.229s] GC(3) Survivor regions: 19->3(10)
[2021-03-30T16:15:47.550+0800][3.229s] GC(3) Old regions: 2->20
[2021-03-30T16:15:47.550+0800][3.229s] GC(3) Humongous regions: 4->4
[2021-03-30T16:15:47.550+0800][3.229s] GC(3) Metaspace: 28254K->28254K(1075200K)
[2021-03-30T16:15:47.550+0800][3.229s] GC(3) Pause Young (Normal) (G1 Evacuation Pause) 77M->25M(512M) 27.877ms
[2021-03-30T16:15:47.550+0800][3.229s] GC(3) User=0.14s Sys=0.01s Real=0.03s
[2021-03-30T16:15:48.421+0800][4.100s] GC(4) Pause Young (Concurrent Start) (Metadata GC Threshold)
[2021-03-30T16:15:48.421+0800][4.100s] GC(4) Using 8 workers of 8 for evacuation
[2021-03-30T16:15:48.431+0800][4.110s] GC(4)   Pre Evacuate Collection Set: 0.1ms
[2021-03-30T16:15:48.431+0800][4.110s] GC(4)   Evacuate Collection Set: 8.4ms
[2021-03-30T16:15:48.431+0800][4.110s] GC(4)   Post Evacuate Collection Set: 1.5ms
[2021-03-30T16:15:48.431+0800][4.110s] GC(4)   Other: 0.2ms
[2021-03-30T16:15:48.431+0800][4.110s] GC(4) Eden regions: 81->0(164)
[2021-03-30T16:15:48.431+0800][4.110s] GC(4) Survivor regions: 3->6(18)
[2021-03-30T16:15:48.431+0800][4.110s] GC(4) Old regions: 20->20
[2021-03-30T16:15:48.431+0800][4.110s] GC(4) Humongous regions: 4->4
[2021-03-30T16:15:48.431+0800][4.110s] GC(4) Metaspace: 34822K->34822K(1081344K)
[2021-03-30T16:15:48.431+0800][4.110s] GC(4) Pause Young (Concurrent Start) (Metadata GC Threshold) 106M->28M(512M) 10.339ms
[2021-03-30T16:15:48.431+0800][4.110s] GC(4) User=0.04s Sys=0.00s Real=0.01s
[2021-03-30T16:15:48.431+0800][4.110s] GC(5) Concurrent Cycle
[2021-03-30T16:15:48.431+0800][4.110s] GC(5) Concurrent Clear Claimed Marks
[2021-03-30T16:15:48.431+0800][4.110s] GC(5) Concurrent Clear Claimed Marks 0.082ms
[2021-03-30T16:15:48.431+0800][4.110s] GC(5) Concurrent Scan Root Regions
[2021-03-30T16:15:48.435+0800][4.114s] GC(5) Concurrent Scan Root Regions 3.526ms
[2021-03-30T16:15:48.435+0800][4.114s] GC(5) Concurrent Mark (4.114s)
[2021-03-30T16:15:48.435+0800][4.114s] GC(5) Concurrent Mark From Roots
[2021-03-30T16:15:48.435+0800][4.114s] GC(5) Using 2 workers of 2 for marking
[2021-03-30T16:15:48.473+0800][4.152s] GC(5) Concurrent Mark From Roots 38.022ms
[2021-03-30T16:15:48.473+0800][4.152s] GC(5) Concurrent Preclean
[2021-03-30T16:15:48.473+0800][4.152s] GC(5) Concurrent Preclean 0.226ms
[2021-03-30T16:15:48.473+0800][4.152s] GC(5) Concurrent Mark (4.114s, 4.152s) 38.320ms
[2021-03-30T16:15:48.474+0800][4.153s] GC(5) Pause Remark
[2021-03-30T16:15:48.479+0800][4.158s] GC(5) Cleaned string and symbol table, strings: 14905 processed, 24 removed, symbols: 102798 processed, 78 removed
[2021-03-30T16:15:48.480+0800][4.159s] GC(5) Pause Remark 41M->41M(512M) 5.670ms
[2021-03-30T16:15:48.480+0800][4.159s] GC(5) User=0.02s Sys=0.00s Real=0.01s
[2021-03-30T16:15:48.480+0800][4.159s] GC(5) Concurrent Rebuild Remembered Sets
[2021-03-30T16:15:48.495+0800][4.174s] GC(5) Concurrent Rebuild Remembered Sets 15.461ms
[2021-03-30T16:15:48.496+0800][4.174s] GC(5) Pause Cleanup
[2021-03-30T16:15:48.496+0800][4.175s] GC(5) Pause Cleanup 42M->42M(512M) 0.218ms
[2021-03-30T16:15:48.496+0800][4.175s] GC(5) User=0.00s Sys=0.00s Real=0.01s
[2021-03-30T16:15:48.496+0800][4.175s] GC(5) Concurrent Cleanup for Next Mark
[2021-03-30T16:15:48.497+0800][4.176s] GC(5) Concurrent Cleanup for Next Mark 1.495ms
[2021-03-30T16:15:48.498+0800][4.176s] GC(5) Concurrent Cycle 66.198ms
[2021-03-30T16:15:49.452+0800][5.131s] GC(6) Pause Young (Normal) (G1 Evacuation Pause)
[2021-03-30T16:15:49.452+0800][5.131s] GC(6) Using 8 workers of 8 for evacuation
[2021-03-30T16:15:49.475+0800][5.153s] GC(6)   Pre Evacuate Collection Set: 0.0ms
[2021-03-30T16:15:49.475+0800][5.154s] GC(6)   Evacuate Collection Set: 16.9ms
[2021-03-30T16:15:49.475+0800][5.154s] GC(6)   Post Evacuate Collection Set: 5.6ms
[2021-03-30T16:15:49.475+0800][5.154s] GC(6)   Other: 0.2ms
[2021-03-30T16:15:49.475+0800][5.154s] GC(6) Eden regions: 164->0(210)
[2021-03-30T16:15:49.475+0800][5.154s] GC(6) Survivor regions: 6->8(22)
[2021-03-30T16:15:49.475+0800][5.154s] GC(6) Old regions: 20->20
[2021-03-30T16:15:49.475+0800][5.154s] GC(6) Humongous regions: 5->4
[2021-03-30T16:15:49.475+0800][5.154s] GC(6) Metaspace: 40305K->40305K(1085440K)
[2021-03-30T16:15:49.475+0800][5.154s] GC(6) Pause Young (Normal) (G1 Evacuation Pause) 193M->30M(512M) 22.893ms
[2021-03-30T16:15:49.475+0800][5.154s] GC(6) User=0.10s Sys=0.01s Real=0.02s
[2021-03-30T16:15:50.834+0800][6.512s] GC(7) Pause Young (Normal) (G1 Evacuation Pause)
[2021-03-30T16:15:50.834+0800][6.512s] GC(7) Using 8 workers of 8 for evacuation
[2021-03-30T16:15:50.848+0800][6.527s] GC(7)   Pre Evacuate Collection Set: 0.0ms
[2021-03-30T16:15:50.848+0800][6.527s] GC(7)   Evacuate Collection Set: 11.7ms
[2021-03-30T16:15:50.848+0800][6.527s] GC(7)   Post Evacuate Collection Set: 2.6ms
[2021-03-30T16:15:50.848+0800][6.527s] GC(7)   Other: 0.2ms
[2021-03-30T16:15:50.848+0800][6.527s] GC(7) Eden regions: 210->0(262)
[2021-03-30T16:15:50.848+0800][6.527s] GC(7) Survivor regions: 8->18(28)
[2021-03-30T16:15:50.848+0800][6.527s] GC(7) Old regions: 20->20
[2021-03-30T16:15:50.848+0800][6.527s] GC(7) Humongous regions: 4->4
[2021-03-30T16:15:50.848+0800][6.527s] GC(7) Metaspace: 47417K->47417K(1091584K)
[2021-03-30T16:15:50.848+0800][6.527s] GC(7) Pause Young (Normal) (G1 Evacuation Pause) 240M->40M(512M) 14.647ms
[2021-03-30T16:15:50.848+0800][6.527s] GC(7) User=0.08s Sys=0.01s Real=0.02s
[2021-03-30T18:28:57.100+0800][7048.641s] Heap
[2021-03-30T18:28:57.100+0800][7048.641s]  garbage-first heap   total 524288K, used 171254K [0x00000000e0000000, 0x0000000100000000)
[2021-03-30T18:28:57.100+0800][7048.641s]   region size 1024K, 144 young (147456K), 18 survivors (18432K)
[2021-03-30T18:28:57.100+0800][7048.641s]  Metaspace       used 55409K, capacity 56902K, committed 57088K, reserved 1099776K
[2021-03-30T18:28:57.100+0800][7048.641s]   class space    used 6550K, capacity 7141K, committed 7168K, reserved 1048576K
