[2021-04-11T15:07:33.259+0800][0.008s] Heap region size: 1M
[2021-04-11T15:07:33.272+0800][0.022s] Using G1
[2021-04-11T15:07:33.272+0800][0.022s] Heap address: 0x00000000e0000000, size: 512 MB, Compressed Oops mode: 32-bit
[2021-04-11T15:07:33.273+0800][0.022s] Mark closed archive regions in map: [0x00000000fff00000, 0x00000000fff6aff8]
[2021-04-11T15:07:33.273+0800][0.022s] Mark open archive regions in map: [0x00000000ffe00000, 0x00000000ffe46ff8]
[2021-04-11T15:07:33.748+0800][0.497s] GC(0) Pause Young (Normal) (G1 Evacuation Pause)
[2021-04-11T15:07:33.748+0800][0.498s] GC(0) Using 8 workers of 8 for evacuation
[2021-04-11T15:07:33.757+0800][0.507s] GC(0)   Pre Evacuate Collection Set: 0.0ms
[2021-04-11T15:07:33.757+0800][0.507s] GC(0)   Evacuate Collection Set: 7.3ms
[2021-04-11T15:07:33.757+0800][0.507s] GC(0)   Post Evacuate Collection Set: 1.2ms
[2021-04-11T15:07:33.757+0800][0.507s] GC(0)   Other: 1.0ms
[2021-04-11T15:07:33.757+0800][0.507s] GC(0) Eden regions: 30->0(304)
[2021-04-11T15:07:33.757+0800][0.507s] GC(0) Survivor regions: 0->3(4)
[2021-04-11T15:07:33.757+0800][0.507s] GC(0) Old regions: 2->2
[2021-04-11T15:07:33.757+0800][0.507s] GC(0) Humongous regions: 0->0
[2021-04-11T15:07:33.757+0800][0.507s] GC(0) Metaspace: 6349K->6349K(1056768K)
[2021-04-11T15:07:33.757+0800][0.507s] GC(0) Pause Young (Normal) (G1 Evacuation Pause) 30M->3M(512M) 9.568ms
[2021-04-11T15:07:33.757+0800][0.507s] GC(0) User=0.05s Sys=0.01s Real=0.01s
[2021-04-11T15:07:34.904+0800][1.654s] GC(1) Pause Young (Concurrent Start) (Metadata GC Threshold)
[2021-04-11T15:07:34.904+0800][1.654s] GC(1) Using 8 workers of 8 for evacuation
[2021-04-11T15:07:34.922+0800][1.672s] GC(1)   Pre Evacuate Collection Set: 0.1ms
[2021-04-11T15:07:34.922+0800][1.672s] GC(1)   Evacuate Collection Set: 15.8ms
[2021-04-11T15:07:34.922+0800][1.672s] GC(1)   Post Evacuate Collection Set: 1.8ms
[2021-04-11T15:07:34.922+0800][1.672s] GC(1)   Other: 0.2ms
[2021-04-11T15:07:34.922+0800][1.672s] GC(1) Eden regions: 106->0(88)
[2021-04-11T15:07:34.922+0800][1.672s] GC(1) Survivor regions: 3->19(39)
[2021-04-11T15:07:34.922+0800][1.672s] GC(1) Old regions: 2->2
[2021-04-11T15:07:34.922+0800][1.672s] GC(1) Humongous regions: 4->4
[2021-04-11T15:07:34.922+0800][1.672s] GC(1) Metaspace: 20429K->20429K(1069056K)
[2021-04-11T15:07:34.922+0800][1.672s] GC(1) Pause Young (Concurrent Start) (Metadata GC Threshold) 113M->23M(512M) 18.000ms
[2021-04-11T15:07:34.922+0800][1.672s] GC(1) User=0.08s Sys=0.01s Real=0.02s
[2021-04-11T15:07:34.922+0800][1.672s] GC(2) Concurrent Cycle
[2021-04-11T15:07:34.922+0800][1.672s] GC(2) Concurrent Clear Claimed Marks
[2021-04-11T15:07:34.922+0800][1.672s] GC(2) Concurrent Clear Claimed Marks 0.046ms
[2021-04-11T15:07:34.922+0800][1.672s] GC(2) Concurrent Scan Root Regions
[2021-04-11T15:07:34.928+0800][1.678s] GC(2) Concurrent Scan Root Regions 6.281ms
[2021-04-11T15:07:34.928+0800][1.678s] GC(2) Concurrent Mark (1.678s)
[2021-04-11T15:07:34.928+0800][1.678s] GC(2) Concurrent Mark From Roots
[2021-04-11T15:07:34.928+0800][1.678s] GC(2) Using 2 workers of 2 for marking
[2021-04-11T15:07:34.932+0800][1.682s] GC(2) Concurrent Mark From Roots 3.669ms
[2021-04-11T15:07:34.932+0800][1.682s] GC(2) Concurrent Preclean
[2021-04-11T15:07:34.932+0800][1.682s] GC(2) Concurrent Preclean 0.104ms
[2021-04-11T15:07:34.932+0800][1.682s] GC(2) Concurrent Mark (1.678s, 1.682s) 3.817ms
[2021-04-11T15:07:34.932+0800][1.682s] GC(2) Pause Remark
[2021-04-11T15:07:34.936+0800][1.686s] GC(2) Cleaned string and symbol table, strings: 8681 processed, 0 removed, symbols: 61816 processed, 26 removed
[2021-04-11T15:07:34.936+0800][1.686s] GC(2) Pause Remark 24M->24M(512M) 3.940ms
[2021-04-11T15:07:34.936+0800][1.686s] GC(2) User=0.02s Sys=0.00s Real=0.00s
[2021-04-11T15:07:34.936+0800][1.686s] GC(2) Concurrent Rebuild Remembered Sets
[2021-04-11T15:07:34.938+0800][1.688s] GC(2) Concurrent Rebuild Remembered Sets 2.093ms
[2021-04-11T15:07:34.938+0800][1.688s] GC(2) Pause Cleanup
[2021-04-11T15:07:34.938+0800][1.688s] GC(2) Pause Cleanup 24M->24M(512M) 0.131ms
[2021-04-11T15:07:34.939+0800][1.688s] GC(2) User=0.00s Sys=0.00s Real=0.00s
[2021-04-11T15:07:34.939+0800][1.688s] GC(2) Concurrent Cleanup for Next Mark
[2021-04-11T15:07:34.939+0800][1.689s] GC(2) Concurrent Cleanup for Next Mark 0.450ms
[2021-04-11T15:07:34.939+0800][1.689s] GC(2) Concurrent Cycle 17.102ms
[2021-04-11T15:07:35.761+0800][2.510s] GC(3) Pause Young (Normal) (G1 Evacuation Pause)
[2021-04-11T15:07:35.761+0800][2.510s] GC(3) Using 8 workers of 8 for evacuation
[2021-04-11T15:07:35.778+0800][2.527s] GC(3)   Pre Evacuate Collection Set: 0.0ms
[2021-04-11T15:07:35.778+0800][2.527s] GC(3)   Evacuate Collection Set: 13.7ms
[2021-04-11T15:07:35.778+0800][2.527s] GC(3)   Post Evacuate Collection Set: 3.1ms
[2021-04-11T15:07:35.778+0800][2.527s] GC(3)   Other: 0.1ms
[2021-04-11T15:07:35.778+0800][2.527s] GC(3) Eden regions: 73->0(132)
[2021-04-11T15:07:35.778+0800][2.527s] GC(3) Survivor regions: 19->5(12)
[2021-04-11T15:07:35.778+0800][2.527s] GC(3) Old regions: 2->21
[2021-04-11T15:07:35.778+0800][2.527s] GC(3) Humongous regions: 4->4
[2021-04-11T15:07:35.778+0800][2.527s] GC(3) Metaspace: 30105K->30105K(1077248K)
[2021-04-11T15:07:35.778+0800][2.527s] GC(3) Pause Young (Normal) (G1 Evacuation Pause) 96M->27M(512M) 17.057ms
[2021-04-11T15:07:35.778+0800][2.527s] GC(3) User=0.12s Sys=0.00s Real=0.02s
[2021-04-11T15:07:36.200+0800][2.950s] GC(4) Pause Young (Concurrent Start) (Metadata GC Threshold)
[2021-04-11T15:07:36.200+0800][2.950s] GC(4) Using 8 workers of 8 for evacuation
[2021-04-11T15:07:36.208+0800][2.957s] GC(4)   Pre Evacuate Collection Set: 0.1ms
[2021-04-11T15:07:36.208+0800][2.957s] GC(4)   Evacuate Collection Set: 6.3ms
[2021-04-11T15:07:36.208+0800][2.957s] GC(4)   Post Evacuate Collection Set: 1.1ms
[2021-04-11T15:07:36.208+0800][2.957s] GC(4)   Other: 0.2ms
[2021-04-11T15:07:36.208+0800][2.957s] GC(4) Eden regions: 72->0(174)
[2021-04-11T15:07:36.208+0800][2.957s] GC(4) Survivor regions: 5->6(18)
[2021-04-11T15:07:36.208+0800][2.958s] GC(4) Old regions: 21->21
[2021-04-11T15:07:36.208+0800][2.958s] GC(4) Humongous regions: 4->4
[2021-04-11T15:07:36.208+0800][2.958s] GC(4) Metaspace: 34773K->34773K(1081344K)
[2021-04-11T15:07:36.208+0800][2.958s] GC(4) Pause Young (Concurrent Start) (Metadata GC Threshold) 99M->28M(512M) 7.828ms
[2021-04-11T15:07:36.208+0800][2.958s] GC(4) User=0.04s Sys=0.00s Real=0.01s
[2021-04-11T15:07:36.208+0800][2.958s] GC(5) Concurrent Cycle
[2021-04-11T15:07:36.208+0800][2.958s] GC(5) Concurrent Clear Claimed Marks
[2021-04-11T15:07:36.208+0800][2.958s] GC(5) Concurrent Clear Claimed Marks 0.030ms
[2021-04-11T15:07:36.208+0800][2.958s] GC(5) Concurrent Scan Root Regions
[2021-04-11T15:07:36.210+0800][2.960s] GC(5) Concurrent Scan Root Regions 2.322ms
[2021-04-11T15:07:36.210+0800][2.960s] GC(5) Concurrent Mark (2.960s)
[2021-04-11T15:07:36.210+0800][2.960s] GC(5) Concurrent Mark From Roots
[2021-04-11T15:07:36.210+0800][2.960s] GC(5) Using 2 workers of 2 for marking
[2021-04-11T15:07:36.226+0800][2.976s] GC(5) Concurrent Mark From Roots 15.817ms
[2021-04-11T15:07:36.226+0800][2.976s] GC(5) Concurrent Preclean
[2021-04-11T15:07:36.226+0800][2.976s] GC(5) Concurrent Preclean 0.147ms
[2021-04-11T15:07:36.226+0800][2.976s] GC(5) Concurrent Mark (2.960s, 2.976s) 16.016ms
[2021-04-11T15:07:36.226+0800][2.976s] GC(5) Pause Remark
[2021-04-11T15:07:36.230+0800][2.980s] GC(5) Cleaned string and symbol table, strings: 14866 processed, 26 removed, symbols: 104228 processed, 97 removed
[2021-04-11T15:07:36.231+0800][2.980s] GC(5) Pause Remark 30M->30M(512M) 4.198ms
[2021-04-11T15:07:36.231+0800][2.980s] GC(5) User=0.03s Sys=0.00s Real=0.00s
[2021-04-11T15:07:36.231+0800][2.980s] GC(5) Concurrent Rebuild Remembered Sets
[2021-04-11T15:07:36.243+0800][2.993s] GC(5) Concurrent Rebuild Remembered Sets 12.229ms
[2021-04-11T15:07:36.243+0800][2.993s] GC(5) Pause Cleanup
[2021-04-11T15:07:36.243+0800][2.993s] GC(5) Pause Cleanup 32M->32M(512M) 0.171ms
[2021-04-11T15:07:36.243+0800][2.993s] GC(5) User=0.00s Sys=0.00s Real=0.00s
[2021-04-11T15:07:36.243+0800][2.993s] GC(5) Concurrent Cleanup for Next Mark
[2021-04-11T15:07:36.244+0800][2.994s] GC(5) Concurrent Cleanup for Next Mark 0.963ms
[2021-04-11T15:07:36.244+0800][2.994s] GC(5) Concurrent Cycle 36.475ms
[2021-04-11T15:07:37.255+0800][4.004s] GC(6) Pause Young (Normal) (G1 Evacuation Pause)
[2021-04-11T15:07:37.255+0800][4.004s] GC(6) Using 8 workers of 8 for evacuation
[2021-04-11T15:07:37.267+0800][4.017s] GC(6)   Pre Evacuate Collection Set: 0.0ms
[2021-04-11T15:07:37.267+0800][4.017s] GC(6)   Evacuate Collection Set: 9.6ms
[2021-04-11T15:07:37.267+0800][4.017s] GC(6)   Post Evacuate Collection Set: 2.5ms
[2021-04-11T15:07:37.267+0800][4.017s] GC(6)   Other: 0.2ms
[2021-04-11T15:07:37.267+0800][4.017s] GC(6) Eden regions: 174->0(219)
[2021-04-11T15:07:37.267+0800][4.017s] GC(6) Survivor regions: 6->14(23)
[2021-04-11T15:07:37.267+0800][4.017s] GC(6) Old regions: 21->21
[2021-04-11T15:07:37.267+0800][4.017s] GC(6) Humongous regions: 5->4
[2021-04-11T15:07:37.267+0800][4.017s] GC(6) Metaspace: 45815K->45815K(1091584K)
[2021-04-11T15:07:37.267+0800][4.017s] GC(6) Pause Young (Normal) (G1 Evacuation Pause) 203M->36M(512M) 12.422ms
[2021-04-11T15:07:37.267+0800][4.017s] GC(6) User=0.08s Sys=0.00s Real=0.02s
[2021-04-11T17:43:50.333+0800][9377.083s] GC(7) Pause Young (Normal) (G1 Evacuation Pause)
[2021-04-11T17:43:50.339+0800][9377.089s] GC(7) Using 8 workers of 8 for evacuation
[2021-04-11T17:43:50.351+0800][9377.100s] GC(7)   Pre Evacuate Collection Set: 0.0ms
[2021-04-11T17:43:50.351+0800][9377.100s] GC(7)   Evacuate Collection Set: 10.2ms
[2021-04-11T17:43:50.351+0800][9377.100s] GC(7)   Post Evacuate Collection Set: 1.5ms
[2021-04-11T17:43:50.351+0800][9377.100s] GC(7)   Other: 6.1ms
[2021-04-11T17:43:50.351+0800][9377.100s] GC(7) Eden regions: 219->0(286)
[2021-04-11T17:43:50.351+0800][9377.100s] GC(7) Survivor regions: 14->21(30)
[2021-04-11T17:43:50.351+0800][9377.100s] GC(7) Old regions: 21->21
[2021-04-11T17:43:50.351+0800][9377.100s] GC(7) Humongous regions: 7->7
[2021-04-11T17:43:50.351+0800][9377.100s] GC(7) Metaspace: 53616K->53616K(1097728K)
[2021-04-11T17:43:50.351+0800][9377.101s] GC(7) Pause Young (Normal) (G1 Evacuation Pause) 258M->46M(512M) 17.950ms
[2021-04-11T17:43:50.351+0800][9377.101s] GC(7) User=0.09s Sys=0.00s Real=0.02s
[2021-04-11T17:43:51.611+0800][9378.360s] GC(8) Pause Young (Normal) (G1 Evacuation Pause)
[2021-04-11T17:43:51.611+0800][9378.360s] GC(8) Using 8 workers of 8 for evacuation
[2021-04-11T17:43:51.623+0800][9378.373s] GC(8)   Pre Evacuate Collection Set: 0.0ms
[2021-04-11T17:43:51.623+0800][9378.373s] GC(8)   Evacuate Collection Set: 11.8ms
[2021-04-11T17:43:51.623+0800][9378.373s] GC(8)   Post Evacuate Collection Set: 0.8ms
[2021-04-11T17:43:51.623+0800][9378.373s] GC(8)   Other: 0.2ms
[2021-04-11T17:43:51.623+0800][9378.373s] GC(8) Eden regions: 286->0(277)
[2021-04-11T17:43:51.623+0800][9378.373s] GC(8) Survivor regions: 21->30(39)
[2021-04-11T17:43:51.623+0800][9378.373s] GC(8) Old regions: 21->24
[2021-04-11T17:43:51.623+0800][9378.373s] GC(8) Humongous regions: 7->7
[2021-04-11T17:43:51.624+0800][9378.373s] GC(8) Metaspace: 53721K->53721K(1097728K)
[2021-04-11T17:43:51.624+0800][9378.373s] GC(8) Pause Young (Normal) (G1 Evacuation Pause) 332M->59M(512M) 12.915ms
[2021-04-11T17:43:51.624+0800][9378.373s] GC(8) User=0.10s Sys=0.00s Real=0.01s
[2021-04-11T17:43:52.481+0800][9379.231s] GC(9) Pause Young (Normal) (G1 Evacuation Pause)
[2021-04-11T17:43:52.481+0800][9379.231s] GC(9) Using 8 workers of 8 for evacuation
[2021-04-11T17:43:52.495+0800][9379.244s] GC(9)   Pre Evacuate Collection Set: 0.0ms
[2021-04-11T17:43:52.495+0800][9379.244s] GC(9)   Evacuate Collection Set: 12.9ms
[2021-04-11T17:43:52.495+0800][9379.245s] GC(9)   Post Evacuate Collection Set: 0.6ms
[2021-04-11T17:43:52.495+0800][9379.245s] GC(9)   Other: 0.2ms
[2021-04-11T17:43:52.495+0800][9379.245s] GC(9) Eden regions: 277->0(277)
[2021-04-11T17:43:52.495+0800][9379.245s] GC(9) Survivor regions: 30->30(39)
[2021-04-11T17:43:52.495+0800][9379.245s] GC(9) Old regions: 24->38
[2021-04-11T17:43:52.495+0800][9379.245s] GC(9) Humongous regions: 9->9
[2021-04-11T17:43:52.495+0800][9379.245s] GC(9) Metaspace: 53738K->53738K(1097728K)
[2021-04-11T17:43:52.495+0800][9379.245s] GC(9) Pause Young (Normal) (G1 Evacuation Pause) 338M->75M(512M) 13.804ms
[2021-04-11T17:43:52.495+0800][9379.245s] GC(9) User=0.11s Sys=0.00s Real=0.01s
