[2021-04-10T23:51:13.558+0800][0.054s] Heap region size: 1M
[2021-04-10T23:51:13.679+0800][0.174s] Using G1
[2021-04-10T23:51:13.679+0800][0.175s] Heap address: 0x00000000e0000000, size: 512 MB, Compressed Oops mode: 32-bit
[2021-04-10T23:51:13.681+0800][0.176s] Mark closed archive regions in map: [0x00000000fff00000, 0x00000000fff6aff8]
[2021-04-10T23:51:13.681+0800][0.177s] Mark open archive regions in map: [0x00000000ffe00000, 0x00000000ffe46ff8]
[2021-04-10T23:51:17.091+0800][3.586s] GC(0) Pause Young (Normal) (G1 Evacuation Pause)
[2021-04-10T23:51:17.095+0800][3.591s] GC(0) Using 8 workers of 8 for evacuation
[2021-04-10T23:51:17.191+0800][3.687s] GC(0)   Pre Evacuate Collection Set: 0.1ms
[2021-04-10T23:51:17.191+0800][3.687s] GC(0)   Evacuate Collection Set: 87.2ms
[2021-04-10T23:51:17.191+0800][3.687s] GC(0)   Post Evacuate Collection Set: 8.1ms
[2021-04-10T23:51:17.191+0800][3.687s] GC(0)   Other: 5.1ms
[2021-04-10T23:51:17.191+0800][3.687s] GC(0) Eden regions: 30->0(304)
[2021-04-10T23:51:17.191+0800][3.687s] GC(0) Survivor regions: 0->3(4)
[2021-04-10T23:51:17.191+0800][3.687s] GC(0) Old regions: 2->2
[2021-04-10T23:51:17.191+0800][3.687s] GC(0) Humongous regions: 0->0
[2021-04-10T23:51:17.192+0800][3.687s] GC(0) Metaspace: 6352K->6352K(1056768K)
[2021-04-10T23:51:17.192+0800][3.687s] GC(0) Pause Young (Normal) (G1 Evacuation Pause) 30M->3M(512M) 101.027ms
[2021-04-10T23:51:17.192+0800][3.687s] GC(0) User=0.52s Sys=0.01s Real=0.10s
[2021-04-10T23:51:26.377+0800][12.873s] GC(1) Pause Young (Concurrent Start) (Metadata GC Threshold)
[2021-04-10T23:51:26.378+0800][12.873s] GC(1) Using 8 workers of 8 for evacuation
[2021-04-10T23:51:26.531+0800][13.026s] GC(1)   Pre Evacuate Collection Set: 0.1ms
[2021-04-10T23:51:26.531+0800][13.027s] GC(1)   Evacuate Collection Set: 140.5ms
[2021-04-10T23:51:26.531+0800][13.027s] GC(1)   Post Evacuate Collection Set: 11.4ms
[2021-04-10T23:51:26.531+0800][13.027s] GC(1)   Other: 1.2ms
[2021-04-10T23:51:26.531+0800][13.027s] GC(1) Eden regions: 106->0(66)
[2021-04-10T23:51:26.531+0800][13.027s] GC(1) Survivor regions: 3->19(39)
[2021-04-10T23:51:26.531+0800][13.027s] GC(1) Old regions: 2->2
[2021-04-10T23:51:26.531+0800][13.027s] GC(1) Humongous regions: 4->4
[2021-04-10T23:51:26.531+0800][13.027s] GC(1) Metaspace: 20442K->20442K(1069056K)
[2021-04-10T23:51:26.531+0800][13.027s] GC(1) Pause Young (Concurrent Start) (Metadata GC Threshold) 113M->23M(512M) 153.735ms
[2021-04-10T23:51:26.531+0800][13.027s] GC(1) User=0.54s Sys=0.04s Real=0.15s
[2021-04-10T23:51:26.531+0800][13.027s] GC(2) Concurrent Cycle
[2021-04-10T23:51:26.532+0800][13.027s] GC(2) Concurrent Clear Claimed Marks
[2021-04-10T23:51:26.532+0800][13.028s] GC(2) Concurrent Clear Claimed Marks 0.193ms
[2021-04-10T23:51:26.532+0800][13.028s] GC(2) Concurrent Scan Root Regions
[2021-04-10T23:51:26.588+0800][13.083s] GC(2) Concurrent Scan Root Regions 55.782ms
[2021-04-10T23:51:26.588+0800][13.084s] GC(2) Concurrent Mark (13.084s)
[2021-04-10T23:51:26.588+0800][13.084s] GC(2) Concurrent Mark From Roots
[2021-04-10T23:51:26.588+0800][13.084s] GC(2) Using 2 workers of 2 for marking
[2021-04-10T23:51:26.608+0800][13.104s] GC(2) Concurrent Mark From Roots 20.427ms
[2021-04-10T23:51:26.609+0800][13.104s] GC(2) Concurrent Preclean
[2021-04-10T23:51:26.612+0800][13.108s] GC(2) Concurrent Preclean 3.171ms
[2021-04-10T23:51:26.613+0800][13.109s] GC(2) Concurrent Mark (13.084s, 13.108s) 24.028ms
[2021-04-10T23:51:26.614+0800][13.110s] GC(2) Pause Remark
[2021-04-10T23:51:26.636+0800][13.132s] GC(2) Cleaned string and symbol table, strings: 8670 processed, 0 removed, symbols: 61720 processed, 26 removed
[2021-04-10T23:51:26.637+0800][13.133s] GC(2) Pause Remark 24M->24M(512M) 23.358ms
[2021-04-10T23:51:26.638+0800][13.133s] GC(2) User=0.09s Sys=0.00s Real=0.03s
[2021-04-10T23:51:26.638+0800][13.134s] GC(2) Concurrent Rebuild Remembered Sets
[2021-04-10T23:51:26.666+0800][13.162s] GC(2) Concurrent Rebuild Remembered Sets 28.074ms
[2021-04-10T23:51:26.667+0800][13.163s] GC(2) Pause Cleanup
[2021-04-10T23:51:26.668+0800][13.164s] GC(2) Pause Cleanup 24M->24M(512M) 1.141ms
[2021-04-10T23:51:26.668+0800][13.164s] GC(2) User=0.00s Sys=0.00s Real=0.00s
[2021-04-10T23:51:26.668+0800][13.164s] GC(2) Concurrent Cleanup for Next Mark
[2021-04-10T23:51:26.670+0800][13.166s] GC(2) Concurrent Cleanup for Next Mark 1.958ms
[2021-04-10T23:51:26.670+0800][13.166s] GC(2) Concurrent Cycle 139.041ms
[2021-04-10T23:51:27.044+0800][13.540s] GC(3) Pause Young (Normal) (G1 Evacuation Pause)
[2021-04-10T23:51:27.045+0800][13.540s] GC(3) Using 8 workers of 8 for evacuation
[2021-04-10T23:51:27.254+0800][13.749s] GC(3)   Pre Evacuate Collection Set: 0.1ms
[2021-04-10T23:51:27.254+0800][13.750s] GC(3)   Evacuate Collection Set: 206.6ms
[2021-04-10T23:51:27.254+0800][13.750s] GC(3)   Post Evacuate Collection Set: 1.9ms
[2021-04-10T23:51:27.254+0800][13.750s] GC(3)   Other: 0.7ms
[2021-04-10T23:51:27.254+0800][13.750s] GC(3) Eden regions: 6->0(105)
[2021-04-10T23:51:27.254+0800][13.750s] GC(3) Survivor regions: 19->2(4)
[2021-04-10T23:51:27.254+0800][13.750s] GC(3) Old regions: 2->21
[2021-04-10T23:51:27.254+0800][13.750s] GC(3) Humongous regions: 4->4
[2021-04-10T23:51:27.254+0800][13.750s] GC(3) Metaspace: 21570K->21570K(1069056K)
[2021-04-10T23:51:27.254+0800][13.750s] GC(3) Pause Young (Normal) (G1 Evacuation Pause) 29M->24M(512M) 209.827ms
[2021-04-10T23:51:27.254+0800][13.750s] GC(3) User=0.69s Sys=0.10s Real=0.21s
[2021-04-10T23:51:40.851+0800][27.347s] GC(4) Pause Young (Normal) (G1 Evacuation Pause)
[2021-04-10T23:51:40.851+0800][27.347s] GC(4) Using 8 workers of 8 for evacuation
[2021-04-10T23:51:40.927+0800][27.422s] GC(4)   Pre Evacuate Collection Set: 0.1ms
[2021-04-10T23:51:40.927+0800][27.423s] GC(4)   Evacuate Collection Set: 50.7ms
[2021-04-10T23:51:40.927+0800][27.423s] GC(4)   Post Evacuate Collection Set: 24.2ms
[2021-04-10T23:51:40.927+0800][27.423s] GC(4)   Other: 0.9ms
[2021-04-10T23:51:40.927+0800][27.423s] GC(4) Eden regions: 105->0(124)
[2021-04-10T23:51:40.927+0800][27.423s] GC(4) Survivor regions: 2->5(14)
[2021-04-10T23:51:40.927+0800][27.423s] GC(4) Old regions: 21->21
[2021-04-10T23:51:40.927+0800][27.423s] GC(4) Humongous regions: 4->4
[2021-04-10T23:51:40.927+0800][27.423s] GC(4) Metaspace: 32658K->32658K(1079296K)
[2021-04-10T23:51:40.928+0800][27.423s] GC(4) Pause Young (Normal) (G1 Evacuation Pause) 129M->27M(512M) 76.601ms
[2021-04-10T23:51:40.928+0800][27.423s] GC(4) User=0.27s Sys=0.01s Real=0.08s
[2021-04-10T23:51:43.658+0800][30.154s] GC(5) Pause Young (Concurrent Start) (Metadata GC Threshold)
[2021-04-10T23:51:43.659+0800][30.154s] GC(5) Using 8 workers of 8 for evacuation
[2021-04-10T23:51:43.770+0800][30.266s] GC(5)   Pre Evacuate Collection Set: 0.3ms
[2021-04-10T23:51:43.770+0800][30.266s] GC(5)   Evacuate Collection Set: 108.7ms
[2021-04-10T23:51:43.770+0800][30.266s] GC(5)   Post Evacuate Collection Set: 2.0ms
[2021-04-10T23:51:43.771+0800][30.266s] GC(5)   Other: 1.0ms
[2021-04-10T23:51:43.771+0800][30.266s] GC(5) Eden regions: 35->0(85)
[2021-04-10T23:51:43.771+0800][30.267s] GC(5) Survivor regions: 5->6(17)
[2021-04-10T23:51:43.771+0800][30.267s] GC(5) Old regions: 21->21
[2021-04-10T23:51:43.771+0800][30.267s] GC(5) Humongous regions: 4->4
[2021-04-10T23:51:43.771+0800][30.267s] GC(5) Metaspace: 34777K->34777K(1081344K)
[2021-04-10T23:51:43.771+0800][30.267s] GC(5) Pause Young (Concurrent Start) (Metadata GC Threshold) 62M->28M(512M) 112.836ms
[2021-04-10T23:51:43.771+0800][30.267s] GC(5) User=0.33s Sys=0.01s Real=0.11s
[2021-04-10T23:51:43.773+0800][30.269s] GC(6) Concurrent Cycle
[2021-04-10T23:51:43.774+0800][30.269s] GC(6) Concurrent Clear Claimed Marks
[2021-04-10T23:51:43.774+0800][30.270s] GC(6) Concurrent Clear Claimed Marks 0.281ms
[2021-04-10T23:51:43.774+0800][30.270s] GC(6) Concurrent Scan Root Regions
[2021-04-10T23:51:43.807+0800][30.302s] GC(6) Concurrent Scan Root Regions 32.619ms
[2021-04-10T23:51:43.807+0800][30.303s] GC(6) Concurrent Mark (30.303s)
[2021-04-10T23:51:43.807+0800][30.303s] GC(6) Concurrent Mark From Roots
[2021-04-10T23:51:43.807+0800][30.303s] GC(6) Using 2 workers of 2 for marking
[2021-04-10T23:51:44.001+0800][30.497s] GC(6) Concurrent Mark From Roots 194.214ms
[2021-04-10T23:51:44.001+0800][30.497s] GC(6) Concurrent Preclean
[2021-04-10T23:51:44.003+0800][30.498s] GC(6) Concurrent Preclean 1.119ms
[2021-04-10T23:51:44.003+0800][30.498s] GC(6) Concurrent Mark (30.303s, 30.498s) 195.867ms
[2021-04-10T23:51:44.004+0800][30.500s] GC(6) Pause Remark
[2021-04-10T23:51:44.074+0800][30.570s] GC(6) Cleaned string and symbol table, strings: 14795 processed, 26 removed, symbols: 103779 processed, 97 removed
[2021-04-10T23:51:44.075+0800][30.571s] GC(6) Pause Remark 30M->30M(512M) 71.085ms
[2021-04-10T23:51:44.075+0800][30.571s] GC(6) User=0.21s Sys=0.00s Real=0.07s
[2021-04-10T23:51:44.076+0800][30.571s] GC(6) Concurrent Rebuild Remembered Sets
[2021-04-10T23:51:44.183+0800][30.679s] GC(6) Concurrent Rebuild Remembered Sets 107.684ms
[2021-04-10T23:51:44.184+0800][30.680s] GC(6) Pause Cleanup
[2021-04-10T23:51:44.185+0800][30.681s] GC(6) Pause Cleanup 31M->31M(512M) 0.855ms
[2021-04-10T23:51:44.185+0800][30.681s] GC(6) User=0.00s Sys=0.00s Real=0.01s
[2021-04-10T23:51:44.185+0800][30.681s] GC(6) Concurrent Cleanup for Next Mark
[2021-04-10T23:51:44.189+0800][30.684s] GC(6) Concurrent Cleanup for Next Mark 3.382ms
[2021-04-10T23:51:44.189+0800][30.685s] GC(6) Concurrent Cycle 415.513ms
[2021-04-10T23:51:48.083+0800][34.578s] GC(7) Pause Young (Normal) (G1 Evacuation Pause)
[2021-04-10T23:51:48.083+0800][34.579s] GC(7) Using 8 workers of 8 for evacuation
[2021-04-10T23:51:48.164+0800][34.660s] GC(7)   Pre Evacuate Collection Set: 0.1ms
[2021-04-10T23:51:48.165+0800][34.660s] GC(7)   Evacuate Collection Set: 79.2ms
[2021-04-10T23:51:48.165+0800][34.660s] GC(7)   Post Evacuate Collection Set: 1.8ms
[2021-04-10T23:51:48.165+0800][34.661s] GC(7)   Other: 0.8ms
[2021-04-10T23:51:48.165+0800][34.661s] GC(7) Eden regions: 78->0(104)
[2021-04-10T23:51:48.165+0800][34.661s] GC(7) Survivor regions: 6->9(11)
[2021-04-10T23:51:48.165+0800][34.661s] GC(7) Old regions: 21->21
[2021-04-10T23:51:48.165+0800][34.661s] GC(7) Humongous regions: 5->4
[2021-04-10T23:51:48.165+0800][34.661s] GC(7) Metaspace: 40218K->40218K(1085440K)
[2021-04-10T23:51:48.165+0800][34.661s] GC(7) Pause Young (Normal) (G1 Evacuation Pause) 107M->31M(512M) 82.464ms
[2021-04-10T23:51:48.165+0800][34.661s] GC(7) User=0.33s Sys=0.01s Real=0.09s
[2021-04-10T23:52:38.968+0800][85.464s] GC(8) Pause Young (Normal) (G1 Evacuation Pause)
[2021-04-10T23:52:38.968+0800][85.464s] GC(8) Using 8 workers of 8 for evacuation
[2021-04-10T23:52:38.984+0800][85.480s] GC(8)   Pre Evacuate Collection Set: 0.0ms
[2021-04-10T23:52:38.984+0800][85.480s] GC(8)   Evacuate Collection Set: 14.3ms
[2021-04-10T23:52:38.984+0800][85.480s] GC(8)   Post Evacuate Collection Set: 1.4ms
[2021-04-10T23:52:38.984+0800][85.480s] GC(8)   Other: 0.3ms
[2021-04-10T23:52:38.984+0800][85.480s] GC(8) Eden regions: 104->0(138)
[2021-04-10T23:52:38.984+0800][85.480s] GC(8) Survivor regions: 9->9(15)
[2021-04-10T23:52:38.984+0800][85.480s] GC(8) Old regions: 21->25
[2021-04-10T23:52:38.984+0800][85.480s] GC(8) Humongous regions: 4->4
[2021-04-10T23:52:38.984+0800][85.480s] GC(8) Metaspace: 46308K->46308K(1091584K)
[2021-04-10T23:52:38.984+0800][85.480s] GC(8) Pause Young (Normal) (G1 Evacuation Pause) 135M->36M(512M) 16.070ms
[2021-04-10T23:52:38.984+0800][85.480s] GC(8) User=0.10s Sys=0.02s Real=0.01s
[2021-04-11T02:51:10.834+0800][10797.330s] GC(9) Pause Young (Normal) (G1 Evacuation Pause)
[2021-04-11T02:51:10.835+0800][10797.331s] GC(9) Using 8 workers of 8 for evacuation
[2021-04-11T02:51:11.013+0800][10797.509s] GC(9)   Pre Evacuate Collection Set: 0.1ms
[2021-04-11T02:51:11.014+0800][10797.509s] GC(9)   Evacuate Collection Set: 156.1ms
[2021-04-11T02:51:11.014+0800][10797.509s] GC(9)   Post Evacuate Collection Set: 20.5ms
[2021-04-11T02:51:11.014+0800][10797.510s] GC(9)   Other: 2.9ms
[2021-04-11T02:51:11.014+0800][10797.510s] GC(9) Eden regions: 138->0(144)
[2021-04-11T02:51:11.014+0800][10797.510s] GC(9) Survivor regions: 9->13(19)
[2021-04-11T02:51:11.014+0800][10797.510s] GC(9) Old regions: 25->25
[2021-04-11T02:51:11.014+0800][10797.510s] GC(9) Humongous regions: 7->7
[2021-04-11T02:51:11.014+0800][10797.510s] GC(9) Metaspace: 51403K->51403K(1095680K)
[2021-04-11T02:51:11.018+0800][10797.514s] GC(9) Pause Young (Normal) (G1 Evacuation Pause) 177M->42M(512M) 183.752ms
[2021-04-11T02:51:11.019+0800][10797.515s] GC(9) User=0.53s Sys=0.07s Real=0.19s
[2021-04-11T08:28:22.350+0800][31028.846s] GC(10) Pause Young (Normal) (G1 Evacuation Pause)
[2021-04-11T08:28:22.356+0800][31028.852s] GC(10) Using 8 workers of 8 for evacuation
[2021-04-11T08:28:22.377+0800][31028.872s] GC(10)   Pre Evacuate Collection Set: 0.3ms
[2021-04-11T08:28:22.377+0800][31028.872s] GC(10)   Evacuate Collection Set: 17.7ms
[2021-04-11T08:28:22.377+0800][31028.872s] GC(10)   Post Evacuate Collection Set: 1.7ms
[2021-04-11T08:28:22.377+0800][31028.872s] GC(10)   Other: 6.9ms
[2021-04-11T08:28:22.377+0800][31028.872s] GC(10) Eden regions: 144->0(185)
[2021-04-11T08:28:22.377+0800][31028.872s] GC(10) Survivor regions: 13->9(20)
[2021-04-11T08:28:22.377+0800][31028.872s] GC(10) Old regions: 25->29
[2021-04-11T08:28:22.377+0800][31028.873s] GC(10) Humongous regions: 7->7
[2021-04-11T08:28:22.377+0800][31028.873s] GC(10) Metaspace: 51634K->51634K(1095680K)
[2021-04-11T08:28:22.377+0800][31028.873s] GC(10) Pause Young (Normal) (G1 Evacuation Pause) 186M->41M(512M) 26.942ms
[2021-04-11T08:28:22.377+0800][31028.873s] GC(10) User=0.15s Sys=0.00s Real=0.03s
[2021-04-11T12:43:40.364+0800][46001.952s] Heap
[2021-04-11T12:43:40.364+0800][46001.952s]  garbage-first heap   total 524288K, used 172986K [0x00000000e0000000, 0x0000000100000000)
[2021-04-11T12:43:40.364+0800][46001.952s]   region size 1024K, 138 young (141312K), 9 survivors (9216K)
[2021-04-11T12:43:40.364+0800][46001.952s]  Metaspace       used 52171K, capacity 53490K, committed 53808K, reserved 1095680K
[2021-04-11T12:43:40.364+0800][46001.952s]   class space    used 6152K, capacity 6669K, committed 6784K, reserved 1048576K
